Initialized native services in: /home/runner/.gradle/native
Initialized jansi services in: /home/runner/.gradle/native
Received JVM installation metadata from '/usr/lib/jvm/temurin-17-jdk-amd64': {JAVA_HOME=/usr/lib/jvm/temurin-17-jdk-amd64, JAVA_VERSION=17.0.19, JAVA_VENDOR=Eclipse Adoptium, RUNTIME_NAME=OpenJDK Runtime Environment, RUNTIME_VERSION=17.0.19+10, VM_NAME=OpenJDK 64-Bit Server VM, VM_VERSION=17.0.19+10, VM_VENDOR=Eclipse Adoptium, OS_ARCH=amd64}
Removing 0 daemon stop events from registry
Starting a Gradle Daemon (subsequent builds will be faster)
Starting process 'Gradle build daemon'. Working directory: /home/runner/.gradle/daemon/8.7 Command: /usr/lib/jvm/temurin-17-jdk-amd64/bin/java --add-opens=java.base/java.util=ALL-UNNAMED --add-opens=java.base/java.lang=ALL-UNNAMED --add-opens=java.base/java.lang.invoke=ALL-UNNAMED --add-opens=java.prefs/java.util.prefs=ALL-UNNAMED --add-opens=java.base/java.nio.charset=ALL-UNNAMED --add-opens=java.base/java.net=ALL-UNNAMED --add-opens=java.base/java.util.concurrent.atomic=ALL-UNNAMED -Xmx2048m -Dfile.encoding=UTF-8 -Duser.country -Duser.language=en -Duser.variant -cp /home/runner/.gradle/wrapper/dists/gradle-8.7-bin/bhs2wmbdwecv87pi65oeuq5iu/gradle-8.7/lib/gradle-launcher-8.7.jar -javaagent:/home/runner/.gradle/wrapper/dists/gradle-8.7-bin/bhs2wmbdwecv87pi65oeuq5iu/gradle-8.7/lib/agents/gradle-instrumentation-agent-8.7.jar org.gradle.launcher.daemon.bootstrap.GradleDaemon 8.7
Successfully started process 'Gradle build daemon'
An attempt to start the daemon took 1.184 secs.
The client will now receive all logging from the daemon (pid: 2587). The daemon log file: /home/runner/.gradle/daemon/8.7/daemon-2587.out.log
Starting build in new daemon [memory: 2 GiB]
Closing daemon's stdin at end of input.
The daemon will no longer process any standard input.
Using 2 worker leases.
Received JVM installation metadata from '/usr/lib/jvm/temurin-17-jdk-amd64': {JAVA_HOME=/usr/lib/jvm/temurin-17-jdk-amd64, JAVA_VERSION=17.0.19, JAVA_VENDOR=Eclipse Adoptium, RUNTIME_NAME=OpenJDK Runtime Environment, RUNTIME_VERSION=17.0.19+10, VM_NAME=OpenJDK 64-Bit Server VM, VM_VERSION=17.0.19+10, VM_VENDOR=Eclipse Adoptium, OS_ARCH=amd64}
Watching the file system is configured to be enabled if available
Now considering [/home/runner/work/GitHub_aide/GitHub_aide] as hierarchies to watch
File system watching is active
Starting Build
Settings evaluated using settings file '/home/runner/work/GitHub_aide/GitHub_aide/settings.gradle'.
Projects loaded. Root project using build file '/home/runner/work/GitHub_aide/GitHub_aide/build.gradle'.
Included projects: [root project 'GitHub_aide', project ':app']

> Configure project :
Evaluating root project 'GitHub_aide' using build file '/home/runner/work/GitHub_aide/GitHub_aide/build.gradle'.
Transforming gradle-8.2.0.jar (com.android.tools.build:gradle:8.2.0) with ExternalDependencyInstrumentingArtifactTransform
Transforming gradle-settings-api-8.2.0.jar (com.android.tools.build:gradle-settings-api:8.2.0) with ExternalDependencyInstrumentingArtifactTransform
Transforming lint-model-31.2.0.jar (com.android.tools.lint:lint-model:31.2.0) with ExternalDependencyInstrumentingArtifactTransform
Transforming builder-8.2.0.jar (com.android.tools.build:builder:8.2.0) with ExternalDependencyInstrumentingArtifactTransform
Transforming manifest-merger-31.2.0.jar (com.android.tools.build:manifest-merger:31.2.0) with ExternalDependencyInstrumentingArtifactTransform
Transforming sdk-common-31.2.0.jar (com.android.tools:sdk-common:31.2.0) with ExternalDependencyInstrumentingArtifactTransform
Transforming sdklib-31.2.0.jar (com.android.tools:sdklib:31.2.0) with ExternalDependencyInstrumentingArtifactTransform
Transforming repository-31.2.0.jar (com.android.tools:repository:31.2.0) with ExternalDependencyInstrumentingArtifactTransform
Transforming gradle-api-8.2.0.jar (com.android.tools.build:gradle-api:8.2.0) with ExternalDependencyInstrumentingArtifactTransform
Transforming builder-test-api-8.2.0.jar (com.android.tools.build:builder-test-api:8.2.0) with ExternalDependencyInstrumentingArtifactTransform
Transforming ddmlib-31.2.0.jar (com.android.tools.ddms:ddmlib:31.2.0) with ExternalDependencyInstrumentingArtifactTransform
Transforming aaptcompiler-8.2.0.jar (com.android.tools.build:aaptcompiler:8.2.0) with ExternalDependencyInstrumentingArtifactTransform
Transforming bundletool-1.15.2.jar (com.android.tools.build:bundletool:1.15.2) with ExternalDependencyInstrumentingArtifactTransform
Transforming aapt2-proto-8.2.0-10154469.jar (com.android.tools.build:aapt2-proto:8.2.0-10154469) with ExternalDependencyInstrumentingArtifactTransform
Transforming crash-31.2.0.jar (com.android.tools.analytics-library:crash:31.2.0) with ExternalDependencyInstrumentingArtifactTransform
Transforming tracker-31.2.0.jar (com.android.tools.analytics-library:tracker:31.2.0) with ExternalDependencyInstrumentingArtifactTransform
Transforming shared-31.2.0.jar (com.android.tools.analytics-library:shared:31.2.0) with ExternalDependencyInstrumentingArtifactTransform
Transforming lint-typedef-remover-31.2.0.jar (com.android.tools.lint:lint-typedef-remover:31.2.0) with ExternalDependencyInstrumentingArtifactTransform
Transforming databinding-compiler-common-8.2.0.jar (androidx.databinding:databinding-compiler-common:8.2.0) with ExternalDependencyInstrumentingArtifactTransform
Transforming databinding-common-8.2.0.jar (androidx.databinding:databinding-common:8.2.0) with ExternalDependencyInstrumentingArtifactTransform
Transforming baseLibrary-8.2.0.jar (com.android.databinding:baseLibrary:8.2.0) with ExternalDependencyInstrumentingArtifactTransform
Transforming layoutlib-api-31.2.0.jar (com.android.tools.layoutlib:layoutlib-api:31.2.0) with ExternalDependencyInstrumentingArtifactTransform
Transforming android-device-provider-ddmlib-proto-31.2.0.jar (com.android.tools.utp:android-device-provider-ddmlib-proto:31.2.0) with ExternalDependencyInstrumentingArtifactTransform
Transforming android-device-provider-gradle-proto-31.2.0.jar (com.android.tools.utp:android-device-provider-gradle-proto:31.2.0) with ExternalDependencyInstrumentingArtifactTransform
Transforming android-test-plugin-host-additional-test-output-proto-31.2.0.jar (com.android.tools.utp:android-test-plugin-host-additional-test-output-proto:31.2.0) with ExternalDependencyInstrumentingArtifactTransform
Transforming android-test-plugin-host-coverage-proto-31.2.0.jar (com.android.tools.utp:android-test-plugin-host-coverage-proto:31.2.0) with ExternalDependencyInstrumentingArtifactTransform
Transforming android-test-plugin-host-emulator-control-proto-31.2.0.jar (com.android.tools.utp:android-test-plugin-host-emulator-control-proto:31.2.0) with ExternalDependencyInstrumentingArtifactTransform
Transforming android-test-plugin-host-logcat-proto-31.2.0.jar (com.android.tools.utp:android-test-plugin-host-logcat-proto:31.2.0) with ExternalDependencyInstrumentingArtifactTransform
Transforming android-test-plugin-host-apk-installer-proto-31.2.0.jar (com.android.tools.utp:android-test-plugin-host-apk-installer-proto:31.2.0) with ExternalDependencyInstrumentingArtifactTransform
Transforming android-test-plugin-host-retention-proto-31.2.0.jar (com.android.tools.utp:android-test-plugin-host-retention-proto:31.2.0) with ExternalDependencyInstrumentingArtifactTransform
Transforming android-test-plugin-result-listener-gradle-proto-31.2.0.jar (com.android.tools.utp:android-test-plugin-result-listener-gradle-proto:31.2.0) with ExternalDependencyInstrumentingArtifactTransform
Transforming builder-model-8.2.0.jar (com.android.tools.build:builder-model:8.2.0) with ExternalDependencyInstrumentingArtifactTransform
Transforming dvlib-31.2.0.jar (com.android.tools:dvlib:31.2.0) with ExternalDependencyInstrumentingArtifactTransform
Transforming common-31.2.0.jar (com.android.tools:common:31.2.0) with ExternalDependencyInstrumentingArtifactTransform
Transforming kotlin-stdlib-jdk8-1.9.0.jar (org.jetbrains.kotlin:kotlin-stdlib-jdk8:1.9.0) with ExternalDependencyInstrumentingArtifactTransform
Transforming transform-api-2.0.0-deprecated-use-gradle-api.jar (com.android.tools.build:transform-api:2.0.0-deprecated-use-gradle-api) with ExternalDependencyInstrumentingArtifactTransform
Transforming httpmime-4.5.6.jar (org.apache.httpcomponents:httpmime:4.5.6) with ExternalDependencyInstrumentingArtifactTransform
Transforming commons-io-2.4.jar (commons-io:commons-io:2.4) with ExternalDependencyInstrumentingArtifactTransform
Transforming jetifier-processor-1.0.0-beta10.jar (com.android.tools.build.jetifier:jetifier-processor:1.0.0-beta10) with ExternalDependencyInstrumentingArtifactTransform
Transforming asm-commons-9.2.jar (org.ow2.asm:asm-commons:9.2) with ExternalDependencyInstrumentingArtifactTransform
Transforming asm-util-9.2.jar (org.ow2.asm:asm-util:9.2) with ExternalDependencyInstrumentingArtifactTransform
Transforming asm-analysis-9.2.jar (org.ow2.asm:asm-analysis:9.2) with ExternalDependencyInstrumentingArtifactTransform
Transforming asm-tree-9.2.jar (org.ow2.asm:asm-tree:9.2) with ExternalDependencyInstrumentingArtifactTransform
Transforming asm-9.2.jar (org.ow2.asm:asm:9.2) with ExternalDependencyInstrumentingArtifactTransform
Transforming apkzlib-8.2.0.jar (com.android.tools.build:apkzlib:8.2.0) with ExternalDependencyInstrumentingArtifactTransform
Transforming bcpkix-jdk15on-1.67.jar (org.bouncycastle:bcpkix-jdk15on:1.67) with ExternalDependencyInstrumentingArtifactTransform
Transforming jaxb-runtime-2.3.2.jar (org.glassfish.jaxb:jaxb-runtime:2.3.2) with ExternalDependencyInstrumentingArtifactTransform
Transforming jopt-simple-4.9.jar (net.sf.jopt-simple:jopt-simple:4.9) with ExternalDependencyInstrumentingArtifactTransform
Transforming jetifier-core-1.0.0-beta10.jar (com.android.tools.build.jetifier:jetifier-core:1.0.0-beta10) with ExternalDependencyInstrumentingArtifactTransform
Transforming javapoet-1.10.0.jar (com.squareup:javapoet:1.10.0) with ExternalDependencyInstrumentingArtifactTransform
Transforming protobuf-java-util-3.19.3.jar (com.google.protobuf:protobuf-java-util:3.19.3) with ExternalDependencyInstrumentingArtifactTransform
Transforming grpc-protobuf-1.45.1.jar (io.grpc:grpc-protobuf:1.45.1) with ExternalDependencyInstrumentingArtifactTransform
Transforming tink-1.7.0.jar (com.google.crypto.tink:tink:1.7.0) with ExternalDependencyInstrumentingArtifactTransform
Transforming protos-31.2.0.jar (com.android.tools.analytics-library:protos:31.2.0) with ExternalDependencyInstrumentingArtifactTransform
Transforming proto-google-common-protos-2.0.1.jar (com.google.api.grpc:proto-google-common-protos:2.0.1) with ExternalDependencyInstrumentingArtifactTransform
Transforming protobuf-java-3.19.3.jar (com.google.protobuf:protobuf-java:3.19.3) with ExternalDependencyInstrumentingArtifactTransform
Transforming grpc-netty-1.45.1.jar (io.grpc:grpc-netty:1.45.1) with ExternalDependencyInstrumentingArtifactTransform
Transforming grpc-core-1.45.1.jar (io.grpc:grpc-core:1.45.1) with ExternalDependencyInstrumentingArtifactTransform
Transforming gson-2.10.jar (com.google.code.gson:gson:2.10) with ExternalDependencyInstrumentingArtifactTransform
Transforming grpc-stub-1.45.1.jar (io.grpc:grpc-stub:1.45.1) with ExternalDependencyInstrumentingArtifactTransform
Transforming core-proto-0.0.8-alpha08.jar (com.google.testing.platform:core-proto:0.0.8-alpha08) with ExternalDependencyInstrumentingArtifactTransform
Transforming tensorflow-lite-metadata-0.1.0-rc2.jar (org.tensorflow:tensorflow-lite-metadata:0.1.0-rc2) with ExternalDependencyInstrumentingArtifactTransform
Transforming flatbuffers-java-1.12.0.jar (com.google.flatbuffers:flatbuffers-java:1.12.0) with ExternalDependencyInstrumentingArtifactTransform
Transforming jimfs-1.1.jar (com.google.jimfs:jimfs:1.1) with ExternalDependencyInstrumentingArtifactTransform
Transforming grpc-protobuf-lite-1.45.1.jar (io.grpc:grpc-protobuf-lite:1.45.1) with ExternalDependencyInstrumentingArtifactTransform
Transforming grpc-api-1.45.1.jar (io.grpc:grpc-api:1.45.1) with ExternalDependencyInstrumentingArtifactTransform
Transforming guava-31.1-jre.jar (com.google.guava:guava:31.1-jre) with ExternalDependencyInstrumentingArtifactTransform
Transforming dagger-2.28.3.jar (com.google.dagger:dagger:2.28.3) with ExternalDependencyInstrumentingArtifactTransform
Transforming javax.inject-1.jar (javax.inject:javax.inject:1) with ExternalDependencyInstrumentingArtifactTransform
Transforming kxml2-2.3.0.jar (net.sf.kxml:kxml2:2.3.0) with ExternalDependencyInstrumentingArtifactTransform
Transforming bcprov-jdk15on-1.67.jar (org.bouncycastle:bcprov-jdk15on:1.67) with ExternalDependencyInstrumentingArtifactTransform
Transforming trove4j-1.0.20200330.jar (org.jetbrains.intellij.deps:trove4j:1.0.20200330) with ExternalDependencyInstrumentingArtifactTransform
Transforming kotlin-reflect-1.9.0.jar (org.jetbrains.kotlin:kotlin-reflect:1.9.0) with ExternalDependencyInstrumentingArtifactTransform
Transforming xercesImpl-2.12.0.jar (xerces:xercesImpl:2.12.0) with ExternalDependencyInstrumentingArtifactTransform
Transforming commons-compress-1.21.jar (org.apache.commons:commons-compress:1.21) with ExternalDependencyInstrumentingArtifactTransform
Transforming httpclient-4.5.14.jar (org.apache.httpcomponents:httpclient:4.5.14) with ExternalDependencyInstrumentingArtifactTransform
Transforming httpcore-4.4.16.jar (org.apache.httpcomponents:httpcore:4.4.16) with ExternalDependencyInstrumentingArtifactTransform
Transforming javax.activation-1.2.0.jar (com.sun.activation:javax.activation:1.2.0) with ExternalDependencyInstrumentingArtifactTransform
Transforming kotlin-stdlib-jdk7-1.9.0.jar (org.jetbrains.kotlin:kotlin-stdlib-jdk7:1.9.0) with ExternalDependencyInstrumentingArtifactTransform
Transforming kotlin-stdlib-1.9.0.jar (org.jetbrains.kotlin:kotlin-stdlib:1.9.0) with ExternalDependencyInstrumentingArtifactTransform
Transforming annotations-13.0.jar (org.jetbrains:annotations:13.0) with ExternalDependencyInstrumentingArtifactTransform
Transforming signflinger-8.2.0.jar (com.android:signflinger:8.2.0) with ExternalDependencyInstrumentingArtifactTransform
Transforming zipflinger-8.2.0.jar (com.android:zipflinger:8.2.0) with ExternalDependencyInstrumentingArtifactTransform
Transforming annotations-31.2.0.jar (com.android.tools:annotations:31.2.0) with ExternalDependencyInstrumentingArtifactTransform
Transforming jna-platform-5.6.0.jar (net.java.dev.jna:jna-platform:5.6.0) with ExternalDependencyInstrumentingArtifactTransform
Transforming juniversalchardet-1.0.3.jar (com.googlecode.juniversalchardet:juniversalchardet:1.0.3) with ExternalDependencyInstrumentingArtifactTransform
Transforming javax.annotation-api-1.3.2.jar (javax.annotation:javax.annotation-api:1.3.2) with ExternalDependencyInstrumentingArtifactTransform
Transforming stax-ex-1.8.1.jar (org.jvnet.staxex:stax-ex:1.8.1) with ExternalDependencyInstrumentingArtifactTransform
Transforming jakarta.xml.bind-api-2.3.2.jar (jakarta.xml.bind:jakarta.xml.bind-api:2.3.2) with ExternalDependencyInstrumentingArtifactTransform
Transforming txw2-2.3.2.jar (org.glassfish.jaxb:txw2:2.3.2) with ExternalDependencyInstrumentingArtifactTransform
Transforming istack-commons-runtime-3.0.8.jar (com.sun.istack:istack-commons-runtime:3.0.8) with ExternalDependencyInstrumentingArtifactTransform
Transforming FastInfoset-1.2.16.jar (com.sun.xml.fastinfoset:FastInfoset:1.2.16) with ExternalDependencyInstrumentingArtifactTransform
Transforming jakarta.activation-api-1.2.1.jar (jakarta.activation:jakarta.activation-api:1.2.1) with ExternalDependencyInstrumentingArtifactTransform
Transforming auto-value-annotations-1.6.2.jar (com.google.auto.value:auto-value-annotations:1.6.2) with ExternalDependencyInstrumentingArtifactTransform
Transforming error_prone_annotations-2.11.0.jar (com.google.errorprone:error_prone_annotations:2.11.0) with ExternalDependencyInstrumentingArtifactTransform
Transforming jose4j-0.7.0.jar (org.bitbucket.b_c:jose4j:0.7.0) with ExternalDependencyInstrumentingArtifactTransform
Transforming slf4j-api-1.7.30.jar (org.slf4j:slf4j-api:1.7.30) with ExternalDependencyInstrumentingArtifactTransform
Transforming jdom2-2.0.6.jar (org.jdom:jdom2:2.0.6) with ExternalDependencyInstrumentingArtifactTransform
Transforming j2objc-annotations-1.3.jar (com.google.j2objc:j2objc-annotations:1.3) with ExternalDependencyInstrumentingArtifactTransform
Transforming jsr305-3.0.2.jar (com.google.code.findbugs:jsr305:3.0.2) with ExternalDependencyInstrumentingArtifactTransform
Transforming annotations-4.1.1.4.jar (com.google.android:annotations:4.1.1.4) with ExternalDependencyInstrumentingArtifactTransform
Transforming animal-sniffer-annotations-1.19.jar (org.codehaus.mojo:animal-sniffer-annotations:1.19) with ExternalDependencyInstrumentingArtifactTransform
Transforming perfmark-api-0.23.0.jar (io.perfmark:perfmark-api:0.23.0) with ExternalDependencyInstrumentingArtifactTransform
Transforming netty-codec-http2-4.1.72.Final.jar (io.netty:netty-codec-http2:4.1.72.Final) with ExternalDependencyInstrumentingArtifactTransform
Transforming netty-handler-proxy-4.1.72.Final.jar (io.netty:netty-handler-proxy:4.1.72.Final) with ExternalDependencyInstrumentingArtifactTransform
Transforming checker-qual-3.12.0.jar (org.checkerframework:checker-qual:3.12.0) with ExternalDependencyInstrumentingArtifactTransform
Transforming commons-codec-1.11.jar (commons-codec:commons-codec:1.11) with ExternalDependencyInstrumentingArtifactTransform
Transforming apksig-8.2.0.jar (com.android.tools.build:apksig:8.2.0) with ExternalDependencyInstrumentingArtifactTransform
Transforming javawriter-2.5.0.jar (com.squareup:javawriter:2.5.0) with ExternalDependencyInstrumentingArtifactTransform
Transforming failureaccess-1.0.1.jar (com.google.guava:failureaccess:1.0.1) with ExternalDependencyInstrumentingArtifactTransform
Transforming listenablefuture-9999.0-empty-to-avoid-conflict-with-guava.jar (com.google.guava:listenablefuture:9999.0-empty-to-avoid-conflict-with-guava) with ExternalDependencyInstrumentingArtifactTransform
Transforming xml-apis-1.4.01.jar (xml-apis:xml-apis:1.4.01) with ExternalDependencyInstrumentingArtifactTransform
Transforming commons-logging-1.2.jar (commons-logging:commons-logging:1.2) with ExternalDependencyInstrumentingArtifactTransform
Transforming jna-5.6.0.jar (net.java.dev.jna:jna:5.6.0) with ExternalDependencyInstrumentingArtifactTransform
Transforming kotlin-stdlib-common-1.9.0.jar (org.jetbrains.kotlin:kotlin-stdlib-common:1.9.0) with ExternalDependencyInstrumentingArtifactTransform
Transforming grpc-context-1.45.1.jar (io.grpc:grpc-context:1.45.1) with ExternalDependencyInstrumentingArtifactTransform
Transforming netty-codec-http-4.1.72.Final.jar (io.netty:netty-codec-http:4.1.72.Final) with ExternalDependencyInstrumentingArtifactTransform
Transforming netty-handler-4.1.72.Final.jar (io.netty:netty-handler:4.1.72.Final) with ExternalDependencyInstrumentingArtifactTransform
Transforming netty-codec-socks-4.1.72.Final.jar (io.netty:netty-codec-socks:4.1.72.Final) with ExternalDependencyInstrumentingArtifactTransform
Transforming netty-codec-4.1.72.Final.jar (io.netty:netty-codec:4.1.72.Final) with ExternalDependencyInstrumentingArtifactTransform
Transforming netty-transport-4.1.72.Final.jar (io.netty:netty-transport:4.1.72.Final) with ExternalDependencyInstrumentingArtifactTransform
Transforming netty-buffer-4.1.72.Final.jar (io.netty:netty-buffer:4.1.72.Final) with ExternalDependencyInstrumentingArtifactTransform
Transforming netty-resolver-4.1.72.Final.jar (io.netty:netty-resolver:4.1.72.Final) with ExternalDependencyInstrumentingArtifactTransform
Transforming netty-common-4.1.72.Final.jar (io.netty:netty-common:4.1.72.Final) with ExternalDependencyInstrumentingArtifactTransform
Transforming netty-tcnative-classes-2.0.46.Final.jar (io.netty:netty-tcnative-classes:2.0.46.Final) with ExternalDependencyInstrumentingArtifactTransform

> Configure project :app
Evaluating project ':app' using build file '/home/runner/work/GitHub_aide/GitHub_aide/app/build.gradle'.
Using default execution profile
All projects evaluated.
Task name matched 'assembleDebug'
Selected primary task 'assembleDebug' from project :
Tasks to be executed: [task ':app:preBuild', task ':app:preDebugBuild', task ':app:mergeDebugNativeDebugMetadata', task ':app:javaPreCompileDebug', task ':app:checkDebugAarMetadata', task ':app:generateDebugResValues', task ':app:mapDebugSourceSetPaths', task ':app:generateDebugResources', task ':app:mergeDebugResources', task ':app:packageDebugResources', task ':app:parseDebugLocalResources', task ':app:createDebugCompatibleScreenManifests', task ':app:extractDeepLinksDebug', task ':app:processDebugMainManifest', task ':app:processDebugManifest', task ':app:processDebugManifestForPackage', task ':app:processDebugResources', task ':app:compileDebugJavaWithJavac', task ':app:mergeDebugShaders', task ':app:compileDebugShaders', task ':app:generateDebugAssets', task ':app:mergeDebugAssets', task ':app:compressDebugAssets', task ':app:desugarDebugFileDependencies', task ':app:dexBuilderDebug', task ':app:mergeDebugGlobalSynthetics', task ':app:processDebugJavaRes', task ':app:mergeDebugJavaResource', task ':app:checkDebugDuplicateClasses', task ':app:mergeExtDexDebug', task ':app:mergeLibDexDebug', task ':app:mergeProjectDexDebug', task ':app:mergeDebugJniLibFolders', task ':app:mergeDebugNativeLibs', task ':app:stripDebugDebugSymbols', task ':app:validateSigningDebug', task ':app:writeDebugAppMetadata', task ':app:writeDebugSigningConfigVersions', task ':app:packageDebug', task ':app:createDebugApkListingFileRedirect', task ':app:assembleDebug']
Tasks that were excluded: []
Resolve mutations for :app:preBuild (Thread[included builds,5,main]) started.
:app:preBuild (Thread[Execution worker,5,main]) started.

> Task :app:preBuild UP-TO-DATE
Skipping task ':app:preBuild' as it has no actions.
Resolve mutations for :app:preDebugBuild (Thread[Execution worker,5,main]) started.
:app:preDebugBuild (Thread[included builds,5,main]) started.

> Task :app:preDebugBuild UP-TO-DATE
Skipping task ':app:preDebugBuild' as it has no actions.
Resolve mutations for :app:mergeDebugNativeDebugMetadata (Thread[included builds,5,main]) started.
:app:mergeDebugNativeDebugMetadata (Thread[Execution worker,5,main]) started.

> Task :app:mergeDebugNativeDebugMetadata NO-SOURCE
Skipping task ':app:mergeDebugNativeDebugMetadata' as it has no source files and no previous output files.
Resolve mutations for :app:javaPreCompileDebug (Thread[included builds,5,main]) started.
:app:javaPreCompileDebug (Thread[included builds,5,main]) started.
Resolve mutations for :app:checkDebugAarMetadata (Thread[Execution worker,5,main]) started.
:app:checkDebugAarMetadata (Thread[Execution worker,5,main]) started.

> Task :app:javaPreCompileDebug
Caching disabled for task ':app:javaPreCompileDebug' because:
  Build cache is disabled
Task ':app:javaPreCompileDebug' is not up-to-date because:
  No history is available.

> Task :app:checkDebugAarMetadata
Downloading https://dl.google.com/dl/android/maven2/androidx/constraintlayout/constraintlayout/2.1.4/constraintlayout-2.1.4.aar to /home/runner/.gradle/.tmp/gradle_download10391012918503631294bin
Downloading https://dl.google.com/dl/android/maven2/com/google/android/material/material/1.11.0/material-1.11.0.aar to /home/runner/.gradle/.tmp/gradle_download14470020091262679927bin
Transforming constraintlayout-2.1.4.aar (androidx.constraintlayout:constraintlayout:2.1.4) with JetifyTransform
Caching disabled for JetifyTransform: /home/runner/.gradle/caches/modules-2/files-2.1/androidx.constraintlayout/constraintlayout/2.1.4/b7ad5eca28aa9e7c4ea1a7e256c7ee4401a031f/constraintlayout-2.1.4.aar because:
  Build cache is disabled
Transforming constraintlayout-2.1.4.aar (androidx.constraintlayout:constraintlayout:2.1.4) with ExtractAarTransform
Caching disabled for ExtractAarTransform: /home/runner/.gradle/caches/modules-2/files-2.1/androidx.constraintlayout/constraintlayout/2.1.4/b7ad5eca28aa9e7c4ea1a7e256c7ee4401a031f/constraintlayout-2.1.4.aar because:
  Build cache is disabled
  Caching not enabled.
Transforming constraintlayout-2.1.4.aar (androidx.constraintlayout:constraintlayout:2.1.4) with AarTransform
Caching disabled for AarTransform: /home/runner/.gradle/caches/transforms-4/6b233d9d4aa0ec43b2691cc95d25ea95/transformed/constraintlayout-2.1.4 because:
  Build cache is disabled
  Caching not enabled.
Downloading https://dl.google.com/dl/android/maven2/androidx/appcompat/appcompat-resources/1.6.1/appcompat-resources-1.6.1.aar to /home/runner/.gradle/.tmp/gradle_download2032550014965803650bin
Transforming appcompat-resources-1.6.1.aar (androidx.appcompat:appcompat-resources:1.6.1) with JetifyTransform
Caching disabled for JetifyTransform: /home/runner/.gradle/caches/modules-2/files-2.1/androidx.appcompat/appcompat-resources/1.6.1/3fe43025e50b556f319b1ff82a730d5a376a31e/appcompat-resources-1.6.1.aar because:
  Build cache is disabled
Transforming appcompat-resources-1.6.1.aar (androidx.appcompat:appcompat-resources:1.6.1) with ExtractAarTransform
Caching disabled for ExtractAarTransform: /home/runner/.gradle/caches/transforms-4/b71fd48d093da0036e9e7bcf2bd67e41/transformed/jetified-appcompat-resources-1.6.1.aar because:
  Build cache is disabled
  Caching not enabled.
Transforming appcompat-resources-1.6.1.aar (androidx.appcompat:appcompat-resources:1.6.1) with AarTransform
Caching disabled for AarTransform: /home/runner/.gradle/caches/transforms-4/c4f2e3883abe60a273e37b3691e88737/transformed/jetified-appcompat-resources-1.6.1 because:
  Build cache is disabled
  Caching not enabled.
Transforming material-1.11.0.aar (com.google.android.material:material:1.11.0) with JetifyTransform
Caching disabled for JetifyTransform: /home/runner/.gradle/caches/modules-2/files-2.1/com.google.android.material/material/1.11.0/e46abb2e27abed3ad274ba96b169a4c61fbb11fd/material-1.11.0.aar because:
  Build cache is disabled
Transforming material-1.11.0.aar (com.google.android.material:material:1.11.0) with ExtractAarTransform
Downloading https://dl.google.com/dl/android/maven2/androidx/appcompat/appcompat/1.6.1/appcompat-1.6.1.aar to /home/runner/.gradle/.tmp/gradle_download7920534272742020906bin
Caching disabled for ExtractAarTransform: /home/runner/.gradle/caches/modules-2/files-2.1/com.google.android.material/material/1.11.0/e46abb2e27abed3ad274ba96b169a4c61fbb11fd/material-1.11.0.aar because:
  Build cache is disabled
  Caching not enabled.
Transforming appcompat-1.6.1.aar (androidx.appcompat:appcompat:1.6.1) with JetifyTransform
Caching disabled for JetifyTransform: /home/runner/.gradle/caches/modules-2/files-2.1/androidx.appcompat/appcompat/1.6.1/6c7577004b7ebbee5ed87d512b578dd20e3c8c31/appcompat-1.6.1.aar because:
  Build cache is disabled
Transforming appcompat-1.6.1.aar (androidx.appcompat:appcompat:1.6.1) with ExtractAarTransform
Caching disabled for ExtractAarTransform: /home/runner/.gradle/caches/modules-2/files-2.1/androidx.appcompat/appcompat/1.6.1/6c7577004b7ebbee5ed87d512b578dd20e3c8c31/appcompat-1.6.1.aar because:
  Build cache is disabled
  Caching not enabled.
Transforming appcompat-1.6.1.aar (androidx.appcompat:appcompat:1.6.1) with AarTransform
Transforming material-1.11.0.aar (com.google.android.material:material:1.11.0) with AarTransform
Caching disabled for AarTransform: /home/runner/.gradle/caches/transforms-4/bc020576218432ec790f99842ad6708e/transformed/appcompat-1.6.1 because:
  Build cache is disabled
  Caching not enabled.
Caching disabled for AarTransform: /home/runner/.gradle/caches/transforms-4/518aff9b5455e450b373c9594763223e/transformed/material-1.11.0 because:
  Build cache is disabled
  Caching not enabled.
Downloading https://dl.google.com/dl/android/maven2/androidx/viewpager2/viewpager2/1.0.0/viewpager2-1.0.0.aar to /home/runner/.gradle/.tmp/gradle_download13572232048970310729bin
Transforming viewpager2-1.0.0.aar (androidx.viewpager2:viewpager2:1.0.0) with JetifyTransform
Caching disabled for JetifyTransform: /home/runner/.gradle/caches/modules-2/files-2.1/androidx.viewpager2/viewpager2/1.0.0/91c378a09ddff66e1bb73e90edeac53487d2832b/viewpager2-1.0.0.aar because:
  Build cache is disabled
Transforming viewpager2-1.0.0.aar (androidx.viewpager2:viewpager2:1.0.0) with ExtractAarTransform
Caching disabled for ExtractAarTransform: /home/runner/.gradle/caches/transforms-4/f5a2a2234d371749e9c11756266a79e3/transformed/jetified-viewpager2-1.0.0.aar because:
  Build cache is disabled
  Caching not enabled.
Transforming viewpager2-1.0.0.aar (androidx.viewpager2:viewpager2:1.0.0) with AarTransform
Caching disabled for AarTransform: /home/runner/.gradle/caches/transforms-4/d1932d554f56d59c3b98609b2f2eb215/transformed/jetified-viewpager2-1.0.0 because:
  Build cache is disabled
  Caching not enabled.
Downloading https://dl.google.com/dl/android/maven2/com/google/android/gms/play-services-ads/23.0.0/play-services-ads-23.0.0.aar to /home/runner/.gradle/.tmp/gradle_download12036017029216296704bin
Downloading https://dl.google.com/dl/android/maven2/com/google/android/gms/play-services-ads-lite/23.0.0/play-services-ads-lite-23.0.0.aar to /home/runner/.gradle/.tmp/gradle_download7673592742393955823bin
Transforming play-services-ads-lite-23.0.0.aar (com.google.android.gms:play-services-ads-lite:23.0.0) with JetifyTransform
Caching disabled for JetifyTransform: /home/runner/.gradle/caches/modules-2/files-2.1/com.google.android.gms/play-services-ads-lite/23.0.0/9bda1751b8d467f48163660b87c819e6c213d766/play-services-ads-lite-23.0.0.aar because:
  Build cache is disabled
Transforming play-services-ads-23.0.0.aar (com.google.android.gms:play-services-ads:23.0.0) with JetifyTransform
Caching disabled for JetifyTransform: /home/runner/.gradle/caches/modules-2/files-2.1/com.google.android.gms/play-services-ads/23.0.0/36db34fa88c4199780f629dcdf70bad696d0fdd6/play-services-ads-23.0.0.aar because:
  Build cache is disabled
Transforming play-services-ads-lite-23.0.0.aar (com.google.android.gms:play-services-ads-lite:23.0.0) with ExtractAarTransform
Caching disabled for ExtractAarTransform: /home/runner/.gradle/caches/transforms-4/84bbf2b8a2d8a0e1c23163829c9523a1/transformed/jetified-play-services-ads-lite-23.0.0.aar because:
  Build cache is disabled
  Caching not enabled.
Transforming play-services-ads-lite-23.0.0.aar (com.google.android.gms:play-services-ads-lite:23.0.0) with AarTransform
Caching disabled for AarTransform: /home/runner/.gradle/caches/transforms-4/8e8172878237a19cfa3191ce50fc7d47/transformed/jetified-play-services-ads-lite-23.0.0 because:
  Build cache is disabled
  Caching not enabled.
Downloading https://dl.google.com/dl/android/maven2/com/google/android/gms/play-services-ads-base/23.0.0/play-services-ads-base-23.0.0.aar to /home/runner/.gradle/.tmp/gradle_download3748127919731210341bin
Transforming play-services-ads-base-23.0.0.aar (com.google.android.gms:play-services-ads-base:23.0.0) with JetifyTransform
Caching disabled for JetifyTransform: /home/runner/.gradle/caches/modules-2/files-2.1/com.google.android.gms/play-services-ads-base/23.0.0/d00b1885863f052fff8cbde6a94ed3e31a6048e9/play-services-ads-base-23.0.0.aar because:
  Build cache is disabled
Transforming play-services-ads-base-23.0.0.aar (com.google.android.gms:play-services-ads-base:23.0.0) with ExtractAarTransform
Caching disabled for ExtractAarTransform: /home/runner/.gradle/caches/transforms-4/3d1bb5351673f8bcacec8c0dc6715da8/transformed/jetified-play-services-ads-base-23.0.0.aar because:
  Build cache is disabled
  Caching not enabled.
Transforming play-services-ads-base-23.0.0.aar (com.google.android.gms:play-services-ads-base:23.0.0) with AarTransform
Caching disabled for AarTransform: /home/runner/.gradle/caches/transforms-4/1e89a9ba8a98e0582213350c60ebb674/transformed/jetified-play-services-ads-base-23.0.0 because:
  Build cache is disabled
  Caching not enabled.
Downloading https://dl.google.com/dl/android/maven2/com/google/android/gms/play-services-ads-identifier/18.0.0/play-services-ads-identifier-18.0.0.aar to /home/runner/.gradle/.tmp/gradle_download17811280370454282774bin
Transforming play-services-ads-identifier-18.0.0.aar (com.google.android.gms:play-services-ads-identifier:18.0.0) with JetifyTransform
Caching disabled for JetifyTransform: /home/runner/.gradle/caches/modules-2/files-2.1/com.google.android.gms/play-services-ads-identifier/18.0.0/222380d276fdbf17d80d6cdc9aa26781f99b30f5/play-services-ads-identifier-18.0.0.aar because:
  Build cache is disabled
Transforming play-services-ads-identifier-18.0.0.aar (com.google.android.gms:play-services-ads-identifier:18.0.0) with ExtractAarTransform
Caching disabled for ExtractAarTransform: /home/runner/.gradle/caches/transforms-4/f9b2ebe28e62483e4f547468f0969815/transformed/jetified-play-services-ads-identifier-18.0.0.aar because:
  Build cache is disabled
  Caching not enabled.
Transforming play-services-ads-identifier-18.0.0.aar (com.google.android.gms:play-services-ads-identifier:18.0.0) with AarTransform
Caching disabled for AarTransform: /home/runner/.gradle/caches/transforms-4/3b2df9711baab62844660af5472c5a9a/transformed/jetified-play-services-ads-identifier-18.0.0 because:
  Build cache is disabled
  Caching not enabled.
Downloading https://dl.google.com/dl/android/maven2/com/google/android/gms/play-services-appset/16.0.1/play-services-appset-16.0.1.aar to /home/runner/.gradle/.tmp/gradle_download7341248098575158480bin
Transforming play-services-appset-16.0.1.aar (com.google.android.gms:play-services-appset:16.0.1) with JetifyTransform
Caching disabled for JetifyTransform: /home/runner/.gradle/caches/modules-2/files-2.1/com.google.android.gms/play-services-appset/16.0.1/838c5fe9b27980862a8093726121c40a64cb698a/play-services-appset-16.0.1.aar because:
  Build cache is disabled
Transforming play-services-appset-16.0.1.aar (com.google.android.gms:play-services-appset:16.0.1) with ExtractAarTransform
Caching disabled for ExtractAarTransform: /home/runner/.gradle/caches/transforms-4/a51428aa86fcf15c18a988cbe3618e05/transformed/jetified-play-services-appset-16.0.1.aar because:
  Build cache is disabled
  Caching not enabled.
Transforming play-services-appset-16.0.1.aar (com.google.android.gms:play-services-appset:16.0.1) with AarTransform
Caching disabled for AarTransform: /home/runner/.gradle/caches/transforms-4/fdccf8cf7a4c328a21043977d9c92127/transformed/jetified-play-services-appset-16.0.1 because:
  Build cache is disabled
  Caching not enabled.
Downloading https://dl.google.com/dl/android/maven2/com/google/android/gms/play-services-base/18.0.0/play-services-base-18.0.0.aar to /home/runner/.gradle/.tmp/gradle_download11533402237348219084bin
Transforming play-services-base-18.0.0.aar (com.google.android.gms:play-services-base:18.0.0) with JetifyTransform
Caching disabled for JetifyTransform: /home/runner/.gradle/caches/modules-2/files-2.1/com.google.android.gms/play-services-base/18.0.0/eaed08265ddffbc6308f4bd2884bdaba77c051b8/play-services-base-18.0.0.aar because:
  Build cache is disabled
Transforming play-services-base-18.0.0.aar (com.google.android.gms:play-services-base:18.0.0) with ExtractAarTransform
Caching disabled for ExtractAarTransform: /home/runner/.gradle/caches/transforms-4/46100602c4158245113a270b1f90305d/transformed/jetified-play-services-base-18.0.0.aar because:
  Build cache is disabled
  Caching not enabled.
Transforming play-services-base-18.0.0.aar (com.google.android.gms:play-services-base:18.0.0) with AarTransform
Caching disabled for AarTransform: /home/runner/.gradle/caches/transforms-4/190c578fcb01c4054eb6294c4d5f2a60/transformed/jetified-play-services-base-18.0.0 because:
  Build cache is disabled
  Caching not enabled.
Downloading https://dl.google.com/dl/android/maven2/com/google/android/gms/play-services-tasks/18.0.1/play-services-tasks-18.0.1.aar to /home/runner/.gradle/.tmp/gradle_download2942030687270083823bin
Transforming play-services-tasks-18.0.1.aar (com.google.android.gms:play-services-tasks:18.0.1) with JetifyTransform
Transforming play-services-ads-23.0.0.aar (com.google.android.gms:play-services-ads:23.0.0) with ExtractAarTransform
Caching disabled for JetifyTransform: /home/runner/.gradle/caches/modules-2/files-2.1/com.google.android.gms/play-services-tasks/18.0.1/319f361d7486eadccf0c3a3a28c27c50d8047655/play-services-tasks-18.0.1.aar because:
  Build cache is disabled
Transforming play-services-tasks-18.0.1.aar (com.google.android.gms:play-services-tasks:18.0.1) with ExtractAarTransform
Caching disabled for ExtractAarTransform: /home/runner/.gradle/caches/transforms-4/392aeb5a94d486ec69df561d877e9325/transformed/jetified-play-services-tasks-18.0.1.aar because:
  Build cache is disabled
  Caching not enabled.
Transforming play-services-tasks-18.0.1.aar (com.google.android.gms:play-services-tasks:18.0.1) with AarTransform
Caching disabled for AarTransform: /home/runner/.gradle/caches/transforms-4/833eb3204f2a72131b3b6024bca63ed6/transformed/jetified-play-services-tasks-18.0.1 because:
  Build cache is disabled
  Caching not enabled.
Downloading https://dl.google.com/dl/android/maven2/com/google/android/gms/play-services-measurement-sdk-api/20.1.2/play-services-measurement-sdk-api-20.1.2.aar to /home/runner/.gradle/.tmp/gradle_download56807503545478894bin
Transforming play-services-measurement-sdk-api-20.1.2.aar (com.google.android.gms:play-services-measurement-sdk-api:20.1.2) with JetifyTransform
Caching disabled for JetifyTransform: /home/runner/.gradle/caches/modules-2/files-2.1/com.google.android.gms/play-services-measurement-sdk-api/20.1.2/2096d2e8bda63bb5d039b81d06077544c1db1c28/play-services-measurement-sdk-api-20.1.2.aar because:
  Build cache is disabled
Transforming play-services-measurement-sdk-api-20.1.2.aar (com.google.android.gms:play-services-measurement-sdk-api:20.1.2) with ExtractAarTransform
Caching disabled for ExtractAarTransform: /home/runner/.gradle/caches/transforms-4/04f801353dfec918630fd972443d3bb9/transformed/jetified-play-services-measurement-sdk-api-20.1.2.aar because:
  Build cache is disabled
  Caching not enabled.
Transforming play-services-measurement-sdk-api-20.1.2.aar (com.google.android.gms:play-services-measurement-sdk-api:20.1.2) with AarTransform
Caching disabled for AarTransform: /home/runner/.gradle/caches/transforms-4/32cdc29e53342b5bc44f9b07c060e36f/transformed/jetified-play-services-measurement-sdk-api-20.1.2 because:
  Build cache is disabled
  Caching not enabled.
Caching disabled for ExtractAarTransform: /home/runner/.gradle/caches/transforms-4/9e46b3db5f66b9f2ea2f4a593761dd83/transformed/jetified-play-services-ads-23.0.0.aar because:
  Build cache is disabled
  Caching not enabled.
Downloading https://dl.google.com/dl/android/maven2/com/google/android/ump/user-messaging-platform/2.2.0/user-messaging-platform-2.2.0.aar to /home/runner/.gradle/.tmp/gradle_download137292419115645179bin
Transforming user-messaging-platform-2.2.0.aar (com.google.android.ump:user-messaging-platform:2.2.0) with JetifyTransform
Caching disabled for JetifyTransform: /home/runner/.gradle/caches/modules-2/files-2.1/com.google.android.ump/user-messaging-platform/2.2.0/d68369b285f259a4cf16e7f321d9bd8a6fc6f896/user-messaging-platform-2.2.0.aar because:
  Build cache is disabled
Transforming user-messaging-platform-2.2.0.aar (com.google.android.ump:user-messaging-platform:2.2.0) with ExtractAarTransform
Caching disabled for ExtractAarTransform: /home/runner/.gradle/caches/transforms-4/70f3b1352f1241cfff006c5abf2d75f8/transformed/jetified-user-messaging-platform-2.2.0.aar because:
  Build cache is disabled
  Caching not enabled.
Transforming play-services-ads-23.0.0.aar (com.google.android.gms:play-services-ads:23.0.0) with AarTransform
Transforming user-messaging-platform-2.2.0.aar (com.google.android.ump:user-messaging-platform:2.2.0) with AarTransform
Caching disabled for AarTransform: /home/runner/.gradle/caches/transforms-4/5dd319d1cd6aae802f19f6822ddbae71/transformed/jetified-user-messaging-platform-2.2.0 because:
  Build cache is disabled
  Caching not enabled.
Downloading https://dl.google.com/dl/android/maven2/com/google/android/gms/play-services-measurement-base/20.1.2/play-services-measurement-base-20.1.2.aar to /home/runner/.gradle/.tmp/gradle_download11815971910276787526bin
Transforming play-services-measurement-base-20.1.2.aar (com.google.android.gms:play-services-measurement-base:20.1.2) with JetifyTransform
Caching disabled for JetifyTransform: /home/runner/.gradle/caches/modules-2/files-2.1/com.google.android.gms/play-services-measurement-base/20.1.2/55d4f07be209a91b0037d1c99cfa0cab1ddf6ea1/play-services-measurement-base-20.1.2.aar because:
  Build cache is disabled
Caching disabled for AarTransform: /home/runner/.gradle/caches/transforms-4/d6a07215b0622a7ec0f1d4225111002c/transformed/jetified-play-services-ads-23.0.0 because:
  Build cache is disabled
  Caching not enabled.
Transforming play-services-measurement-base-20.1.2.aar (com.google.android.gms:play-services-measurement-base:20.1.2) with ExtractAarTransform
Caching disabled for ExtractAarTransform: /home/runner/.gradle/caches/transforms-4/11bf3ca1b7eb6c715426bb16de7c28bc/transformed/jetified-play-services-measurement-base-20.1.2.aar because:
  Build cache is disabled
  Caching not enabled.
Transforming play-services-measurement-base-20.1.2.aar (com.google.android.gms:play-services-measurement-base:20.1.2) with AarTransform
Downloading https://dl.google.com/dl/android/maven2/com/google/android/gms/play-services-basement/18.2.0/play-services-basement-18.2.0.aar to /home/runner/.gradle/.tmp/gradle_download3904899378697411152bin
Caching disabled for AarTransform: /home/runner/.gradle/caches/transforms-4/afc90ac95833f93a5ffc817d2aaa7ff8/transformed/jetified-play-services-measurement-base-20.1.2 because:
  Build cache is disabled
  Caching not enabled.
Transforming play-services-basement-18.2.0.aar (com.google.android.gms:play-services-basement:18.2.0) with JetifyTransform
Transforming play-services-basement-18.2.0.aar (com.google.android.gms:play-services-basement:18.2.0) with JetifyTransform
Caching disabled for JetifyTransform: /home/runner/.gradle/caches/modules-2/files-2.1/com.google.android.gms/play-services-basement/18.2.0/726e058af3c0d8c592ebf1d9b7b68b57b1d710a3/play-services-basement-18.2.0.aar because:
  Build cache is disabled
Transforming play-services-basement-18.2.0.aar (com.google.android.gms:play-services-basement:18.2.0) with ExtractAarTransform
Transforming play-services-basement-18.2.0.aar (com.google.android.gms:play-services-basement:18.2.0) with ExtractAarTransform
Caching disabled for ExtractAarTransform: /home/runner/.gradle/caches/transforms-4/a13e60b302138cc6b217b96a3a3ec94d/transformed/jetified-play-services-basement-18.2.0.aar because:
  Build cache is disabled
  Caching not enabled.
Transforming play-services-basement-18.2.0.aar (com.google.android.gms:play-services-basement:18.2.0) with AarTransform
Transforming play-services-basement-18.2.0.aar (com.google.android.gms:play-services-basement:18.2.0) with AarTransform
Caching disabled for AarTransform: /home/runner/.gradle/caches/transforms-4/992cc2e6b3eb7d15bd787bf8106a67f1/transformed/jetified-play-services-basement-18.2.0 because:
  Build cache is disabled
  Caching not enabled.
Downloading https://dl.google.com/dl/android/maven2/androidx/fragment/fragment/1.3.6/fragment-1.3.6.aar to /home/runner/.gradle/.tmp/gradle_download13758906664429674911bin
Transforming fragment-1.3.6.aar (androidx.fragment:fragment:1.3.6) with JetifyTransform
Transforming fragment-1.3.6.aar (androidx.fragment:fragment:1.3.6) with JetifyTransform
Caching disabled for JetifyTransform: /home/runner/.gradle/caches/modules-2/files-2.1/androidx.fragment/fragment/1.3.6/6391fc504e7c0f24051ac8b9da3f0ba4d1241dff/fragment-1.3.6.aar because:
  Build cache is disabled
Transforming fragment-1.3.6.aar (androidx.fragment:fragment:1.3.6) with ExtractAarTransform
Transforming fragment-1.3.6.aar (androidx.fragment:fragment:1.3.6) with ExtractAarTransform
Caching disabled for ExtractAarTransform: /home/runner/.gradle/caches/modules-2/files-2.1/androidx.fragment/fragment/1.3.6/6391fc504e7c0f24051ac8b9da3f0ba4d1241dff/fragment-1.3.6.aar because:
  Build cache is disabled
  Caching not enabled.
Transforming fragment-1.3.6.aar (androidx.fragment:fragment:1.3.6) with AarTransform
Transforming fragment-1.3.6.aar (androidx.fragment:fragment:1.3.6) with AarTransform
Caching disabled for AarTransform: /home/runner/.gradle/caches/transforms-4/8e8d1b0f251ca760ec94bdb77fcbb2ed/transformed/fragment-1.3.6 because:
  Build cache is disabled
  Caching not enabled.
Downloading https://dl.google.com/dl/android/maven2/androidx/emoji2/emoji2-views-helper/1.2.0/emoji2-views-helper-1.2.0.aar to /home/runner/.gradle/.tmp/gradle_download10830057493065634136bin
Downloading https://dl.google.com/dl/android/maven2/androidx/activity/activity/1.8.0/activity-1.8.0.aar to /home/runner/.gradle/.tmp/gradle_download14543349829205352422bin
Transforming emoji2-views-helper-1.2.0.aar (androidx.emoji2:emoji2-views-helper:1.2.0) with JetifyTransform
Caching disabled for JetifyTransform: /home/runner/.gradle/caches/modules-2/files-2.1/androidx.emoji2/emoji2-views-helper/1.2.0/4a22802fc9e88ad232522f04a35d1fdc3e5b4df0/emoji2-views-helper-1.2.0.aar because:
  Build cache is disabled
Transforming activity-1.8.0.aar (androidx.activity:activity:1.8.0) with JetifyTransform
Caching disabled for JetifyTransform: /home/runner/.gradle/caches/modules-2/files-2.1/androidx.activity/activity/1.8.0/4266e2118d565daa20212d1726e11f41e1a4d0ca/activity-1.8.0.aar because:
  Build cache is disabled
Transforming emoji2-views-helper-1.2.0.aar (androidx.emoji2:emoji2-views-helper:1.2.0) with ExtractAarTransform
Caching disabled for ExtractAarTransform: /home/runner/.gradle/caches/transforms-4/134bb5dfdf659951c33b353d79459e15/transformed/jetified-emoji2-views-helper-1.2.0.aar because:
  Build cache is disabled
  Caching not enabled.
Transforming emoji2-views-helper-1.2.0.aar (androidx.emoji2:emoji2-views-helper:1.2.0) with AarTransform
Caching disabled for AarTransform: /home/runner/.gradle/caches/transforms-4/7e85ef6ad7f3fc1c8fa61c648aff51b2/transformed/jetified-emoji2-views-helper-1.2.0 because:
  Build cache is disabled
  Caching not enabled.
Transforming activity-1.8.0.aar (androidx.activity:activity:1.8.0) with ExtractAarTransform
Caching disabled for ExtractAarTransform: /home/runner/.gradle/caches/transforms-4/c39fb1ff400679e55dccda3145654890/transformed/jetified-activity-1.8.0.aar because:
  Build cache is disabled
  Caching not enabled.
Transforming activity-1.8.0.aar (androidx.activity:activity:1.8.0) with AarTransform
Downloading https://dl.google.com/dl/android/maven2/androidx/emoji2/emoji2/1.2.0/emoji2-1.2.0.aar to /home/runner/.gradle/.tmp/gradle_download9232433587496446813bin
Transforming emoji2-1.2.0.aar (androidx.emoji2:emoji2:1.2.0) with JetifyTransform
Caching disabled for AarTransform: /home/runner/.gradle/caches/transforms-4/211ed3e0ad39cd58d4a61399f5101c07/transformed/jetified-activity-1.8.0 because:
  Build cache is disabled
  Caching not enabled.
Caching disabled for JetifyTransform: /home/runner/.gradle/caches/modules-2/files-2.1/androidx.emoji2/emoji2/1.2.0/2c95c9aa87788e4d9ce692ecfc961db004e57480/emoji2-1.2.0.aar because:
  Build cache is disabled
Transforming emoji2-1.2.0.aar (androidx.emoji2:emoji2:1.2.0) with ExtractAarTransform
Caching disabled for ExtractAarTransform: /home/runner/.gradle/caches/transforms-4/bacab0352476683ec549bde72935f167/transformed/jetified-emoji2-1.2.0.aar because:
  Build cache is disabled
  Caching not enabled.
Transforming emoji2-1.2.0.aar (androidx.emoji2:emoji2:1.2.0) with AarTransform
Caching disabled for AarTransform: /home/runner/.gradle/caches/transforms-4/1f92642ae243f896e0e65bfb826cd016/transformed/jetified-emoji2-1.2.0 because:
  Build cache is disabled
  Caching not enabled.
Downloading https://dl.google.com/dl/android/maven2/androidx/drawerlayout/drawerlayout/1.1.1/drawerlayout-1.1.1.aar to /home/runner/.gradle/.tmp/gradle_download11529004384890595450bin
Transforming drawerlayout-1.1.1.aar (androidx.drawerlayout:drawerlayout:1.1.1) with JetifyTransform
Caching disabled for JetifyTransform: /home/runner/.gradle/caches/modules-2/files-2.1/androidx.drawerlayout/drawerlayout/1.1.1/1b2b049e1e88589510ddd4d93f2699b46ecd73dd/drawerlayout-1.1.1.aar because:
  Build cache is disabled
Transforming drawerlayout-1.1.1.aar (androidx.drawerlayout:drawerlayout:1.1.1) with ExtractAarTransform
Caching disabled for ExtractAarTransform: /home/runner/.gradle/caches/modules-2/files-2.1/androidx.drawerlayout/drawerlayout/1.1.1/1b2b049e1e88589510ddd4d93f2699b46ecd73dd/drawerlayout-1.1.1.aar because:
  Build cache is disabled
  Caching not enabled.
Transforming drawerlayout-1.1.1.aar (androidx.drawerlayout:drawerlayout:1.1.1) with AarTransform
Caching disabled for AarTransform: /home/runner/.gradle/caches/transforms-4/114c27a2e74e421f982e62217c92aef5/transformed/drawerlayout-1.1.1 because:
  Build cache is disabled
  Caching not enabled.
Downloading https://dl.google.com/dl/android/maven2/androidx/coordinatorlayout/coordinatorlayout/1.1.0/coordinatorlayout-1.1.0.aar to /home/runner/.gradle/.tmp/gradle_download11886821247306087427bin
Transforming coordinatorlayout-1.1.0.aar (androidx.coordinatorlayout:coordinatorlayout:1.1.0) with JetifyTransform
Caching disabled for JetifyTransform: /home/runner/.gradle/caches/modules-2/files-2.1/androidx.coordinatorlayout/coordinatorlayout/1.1.0/8eeb7baf75b9595d017642a460df5af3bb9fa4e1/coordinatorlayout-1.1.0.aar because:
  Build cache is disabled
Transforming coordinatorlayout-1.1.0.aar (androidx.coordinatorlayout:coordinatorlayout:1.1.0) with ExtractAarTransform
Caching disabled for ExtractAarTransform: /home/runner/.gradle/caches/modules-2/files-2.1/androidx.coordinatorlayout/coordinatorlayout/1.1.0/8eeb7baf75b9595d017642a460df5af3bb9fa4e1/coordinatorlayout-1.1.0.aar because:
  Build cache is disabled
  Caching not enabled.
Transforming coordinatorlayout-1.1.0.aar (androidx.coordinatorlayout:coordinatorlayout:1.1.0) with AarTransform
Caching disabled for AarTransform: /home/runner/.gradle/caches/transforms-4/19f43ab90e72438112ff231769719d7f/transformed/coordinatorlayout-1.1.0 because:
  Build cache is disabled
  Caching not enabled.
Downloading https://dl.google.com/dl/android/maven2/androidx/dynamicanimation/dynamicanimation/1.0.0/dynamicanimation-1.0.0.aar to /home/runner/.gradle/.tmp/gradle_download1954324346273885227bin
Transforming dynamicanimation-1.0.0.aar (androidx.dynamicanimation:dynamicanimation:1.0.0) with JetifyTransform
Caching disabled for JetifyTransform: /home/runner/.gradle/caches/modules-2/files-2.1/androidx.dynamicanimation/dynamicanimation/1.0.0/e980497a58fb319d471f3bb78d066b926a08ba8e/dynamicanimation-1.0.0.aar because:
  Build cache is disabled
Transforming dynamicanimation-1.0.0.aar (androidx.dynamicanimation:dynamicanimation:1.0.0) with ExtractAarTransform
Caching disabled for ExtractAarTransform: /home/runner/.gradle/caches/modules-2/files-2.1/androidx.dynamicanimation/dynamicanimation/1.0.0/e980497a58fb319d471f3bb78d066b926a08ba8e/dynamicanimation-1.0.0.aar because:
  Build cache is disabled
  Caching not enabled.
Transforming dynamicanimation-1.0.0.aar (androidx.dynamicanimation:dynamicanimation:1.0.0) with AarTransform
Caching disabled for AarTransform: /home/runner/.gradle/caches/transforms-4/178c9fea5f4e6f833e5b93aa8498b90b/transformed/dynamicanimation-1.0.0 because:
  Build cache is disabled
  Caching not enabled.
Downloading https://dl.google.com/dl/android/maven2/androidx/transition/transition/1.2.0/transition-1.2.0.aar to /home/runner/.gradle/.tmp/gradle_download8085621691822021123bin
Transforming transition-1.2.0.aar (androidx.transition:transition:1.2.0) with JetifyTransform
Caching disabled for JetifyTransform: /home/runner/.gradle/caches/modules-2/files-2.1/androidx.transition/transition/1.2.0/28003577e8b32f5417bfe899bbdc7a333dc81c9f/transition-1.2.0.aar because:
  Build cache is disabled
Transforming transition-1.2.0.aar (androidx.transition:transition:1.2.0) with ExtractAarTransform
Caching disabled for ExtractAarTransform: /home/runner/.gradle/caches/modules-2/files-2.1/androidx.transition/transition/1.2.0/28003577e8b32f5417bfe899bbdc7a333dc81c9f/transition-1.2.0.aar because:
  Build cache is disabled
  Caching not enabled.
Downloading https://dl.google.com/dl/android/maven2/androidx/vectordrawable/vectordrawable-animated/1.1.0/vectordrawable-animated-1.1.0.aar to /home/runner/.gradle/.tmp/gradle_download17862058976372731412bin
Transforming vectordrawable-animated-1.1.0.aar (androidx.vectordrawable:vectordrawable-animated:1.1.0) with JetifyTransform
Caching disabled for JetifyTransform: /home/runner/.gradle/caches/modules-2/files-2.1/androidx.vectordrawable/vectordrawable-animated/1.1.0/fcda1161354501471c30a4e077af6b5c4d4eddc6/vectordrawable-animated-1.1.0.aar because:
  Build cache is disabled
Transforming transition-1.2.0.aar (androidx.transition:transition:1.2.0) with AarTransform
Transforming vectordrawable-animated-1.1.0.aar (androidx.vectordrawable:vectordrawable-animated:1.1.0) with ExtractAarTransform
Caching disabled for ExtractAarTransform: /home/runner/.gradle/caches/modules-2/files-2.1/androidx.vectordrawable/vectordrawable-animated/1.1.0/fcda1161354501471c30a4e077af6b5c4d4eddc6/vectordrawable-animated-1.1.0.aar because:
  Build cache is disabled
  Caching not enabled.
Caching disabled for AarTransform: /home/runner/.gradle/caches/transforms-4/823d342e6879f2990958d1ccf1fe337e/transformed/transition-1.2.0 because:
  Build cache is disabled
  Caching not enabled.
Transforming vectordrawable-animated-1.1.0.aar (androidx.vectordrawable:vectordrawable-animated:1.1.0) with AarTransform
Caching disabled for AarTransform: /home/runner/.gradle/caches/transforms-4/5635b4e3caccc7898015d573f141920e/transformed/vectordrawable-animated-1.1.0 because:
  Build cache is disabled
  Caching not enabled.
Downloading https://dl.google.com/dl/android/maven2/androidx/vectordrawable/vectordrawable/1.1.0/vectordrawable-1.1.0.aar to /home/runner/.gradle/.tmp/gradle_download5324253639125133454bin
Transforming vectordrawable-1.1.0.aar (androidx.vectordrawable:vectordrawable:1.1.0) with JetifyTransform
Transforming vectordrawable-1.1.0.aar (androidx.vectordrawable:vectordrawable:1.1.0) with JetifyTransform
Caching disabled for JetifyTransform: /home/runner/.gradle/caches/modules-2/files-2.1/androidx.vectordrawable/vectordrawable/1.1.0/eac7a364fff534035a2a6cb17770a1288315f69f/vectordrawable-1.1.0.aar because:
  Build cache is disabled
Transforming vectordrawable-1.1.0.aar (androidx.vectordrawable:vectordrawable:1.1.0) with ExtractAarTransform
Transforming vectordrawable-1.1.0.aar (androidx.vectordrawable:vectordrawable:1.1.0) with ExtractAarTransform
Caching disabled for ExtractAarTransform: /home/runner/.gradle/caches/modules-2/files-2.1/androidx.vectordrawable/vectordrawable/1.1.0/eac7a364fff534035a2a6cb17770a1288315f69f/vectordrawable-1.1.0.aar because:
  Build cache is disabled
  Caching not enabled.
Transforming vectordrawable-1.1.0.aar (androidx.vectordrawable:vectordrawable:1.1.0) with AarTransform
Transforming vectordrawable-1.1.0.aar (androidx.vectordrawable:vectordrawable:1.1.0) with AarTransform
Caching disabled for AarTransform: /home/runner/.gradle/caches/transforms-4/9db17f122ceeb1c3235a8f2ee9de2554/transformed/vectordrawable-1.1.0 because:
  Build cache is disabled
  Caching not enabled.
Downloading https://dl.google.com/dl/android/maven2/androidx/browser/browser/1.4.0/browser-1.4.0.aar to /home/runner/.gradle/.tmp/gradle_download9324638288639740998bin
Downloading https://dl.google.com/dl/android/maven2/androidx/privacysandbox/ads/ads-adservices-java/1.0.0-beta05/ads-adservices-java-1.0.0-beta05.aar to /home/runner/.gradle/.tmp/gradle_download12760902104762912623bin
Transforming browser-1.4.0.aar (androidx.browser:browser:1.4.0) with JetifyTransform
Transforming ads-adservices-java-1.0.0-beta05.aar (androidx.privacysandbox.ads:ads-adservices-java:1.0.0-beta05) with JetifyTransform
Caching disabled for JetifyTransform: /home/runner/.gradle/caches/modules-2/files-2.1/androidx.browser/browser/1.4.0/403c3cf31622ec0c70b3c0633be3e903c8062104/browser-1.4.0.aar because:
  Build cache is disabled
Caching disabled for JetifyTransform: /home/runner/.gradle/caches/modules-2/files-2.1/androidx.privacysandbox.ads/ads-adservices-java/1.0.0-beta05/6b85f994ec3b5265e62a8697558974a0311ff1da/ads-adservices-java-1.0.0-beta05.aar because:
  Build cache is disabled
Transforming browser-1.4.0.aar (androidx.browser:browser:1.4.0) with ExtractAarTransform
Caching disabled for ExtractAarTransform: /home/runner/.gradle/caches/modules-2/files-2.1/androidx.browser/browser/1.4.0/403c3cf31622ec0c70b3c0633be3e903c8062104/browser-1.4.0.aar because:
  Build cache is disabled
  Caching not enabled.
Transforming ads-adservices-java-1.0.0-beta05.aar (androidx.privacysandbox.ads:ads-adservices-java:1.0.0-beta05) with ExtractAarTransform
Caching disabled for ExtractAarTransform: /home/runner/.gradle/caches/transforms-4/51a259070cb6cb5276655df9c7af9631/transformed/jetified-ads-adservices-java-1.0.0-beta05.aar because:
  Build cache is disabled
  Caching not enabled.
Transforming ads-adservices-java-1.0.0-beta05.aar (androidx.privacysandbox.ads:ads-adservices-java:1.0.0-beta05) with AarTransform
Caching disabled for AarTransform: /home/runner/.gradle/caches/transforms-4/c39534e1c010edaa2124cf387494ee9b/transformed/jetified-ads-adservices-java-1.0.0-beta05 because:
  Build cache is disabled
  Caching not enabled.
Transforming browser-1.4.0.aar (androidx.browser:browser:1.4.0) with AarTransform
Downloading https://dl.google.com/dl/android/maven2/androidx/privacysandbox/ads/ads-adservices/1.0.0-beta05/ads-adservices-1.0.0-beta05.aar to /home/runner/.gradle/.tmp/gradle_download15708506812729465295bin
Caching disabled for AarTransform: /home/runner/.gradle/caches/transforms-4/e4e5c227d00ec63dea5d0f80e6077f9a/transformed/browser-1.4.0 because:
  Build cache is disabled
  Caching not enabled.
Transforming ads-adservices-1.0.0-beta05.aar (androidx.privacysandbox.ads:ads-adservices:1.0.0-beta05) with JetifyTransform
Transforming ads-adservices-1.0.0-beta05.aar (androidx.privacysandbox.ads:ads-adservices:1.0.0-beta05) with JetifyTransform
Caching disabled for JetifyTransform: /home/runner/.gradle/caches/modules-2/files-2.1/androidx.privacysandbox.ads/ads-adservices/1.0.0-beta05/d71f9480cad5dd22b7aee38ec0ec208359d63a23/ads-adservices-1.0.0-beta05.aar because:
  Build cache is disabled
Transforming ads-adservices-1.0.0-beta05.aar (androidx.privacysandbox.ads:ads-adservices:1.0.0-beta05) with ExtractAarTransform
Transforming ads-adservices-1.0.0-beta05.aar (androidx.privacysandbox.ads:ads-adservices:1.0.0-beta05) with ExtractAarTransform
Caching disabled for ExtractAarTransform: /home/runner/.gradle/caches/transforms-4/c6d49747c63cec3ab0ccaad82609a79b/transformed/jetified-ads-adservices-1.0.0-beta05.aar because:
  Build cache is disabled
  Caching not enabled.
Transforming ads-adservices-1.0.0-beta05.aar (androidx.privacysandbox.ads:ads-adservices:1.0.0-beta05) with AarTransform
Transforming ads-adservices-1.0.0-beta05.aar (androidx.privacysandbox.ads:ads-adservices:1.0.0-beta05) with AarTransform
Caching disabled for AarTransform: /home/runner/.gradle/caches/transforms-4/5ae02b5e9975ca99250e0fc6a8bccec9/transformed/jetified-ads-adservices-1.0.0-beta05 because:
  Build cache is disabled
  Caching not enabled.
Downloading https://dl.google.com/dl/android/maven2/androidx/legacy/legacy-support-core-utils/1.0.0/legacy-support-core-utils-1.0.0.aar to /home/runner/.gradle/.tmp/gradle_download2032080378982453461bin
Transforming legacy-support-core-utils-1.0.0.aar (androidx.legacy:legacy-support-core-utils:1.0.0) with JetifyTransform
Caching disabled for JetifyTransform: /home/runner/.gradle/caches/modules-2/files-2.1/androidx.legacy/legacy-support-core-utils/1.0.0/9b9570042115da8629519090dfeb71df75da59fc/legacy-support-core-utils-1.0.0.aar because:
  Build cache is disabled
Transforming legacy-support-core-utils-1.0.0.aar (androidx.legacy:legacy-support-core-utils:1.0.0) with ExtractAarTransform
Caching disabled for ExtractAarTransform: /home/runner/.gradle/caches/modules-2/files-2.1/androidx.legacy/legacy-support-core-utils/1.0.0/9b9570042115da8629519090dfeb71df75da59fc/legacy-support-core-utils-1.0.0.aar because:
  Build cache is disabled
  Caching not enabled.
Transforming legacy-support-core-utils-1.0.0.aar (androidx.legacy:legacy-support-core-utils:1.0.0) with AarTransform
Caching disabled for AarTransform: /home/runner/.gradle/caches/transforms-4/1e0bea0431272f7726f6cba827f00e34/transformed/legacy-support-core-utils-1.0.0 because:
  Build cache is disabled
  Caching not enabled.
Downloading https://dl.google.com/dl/android/maven2/androidx/loader/loader/1.0.0/loader-1.0.0.aar to /home/runner/.gradle/.tmp/gradle_download8042789176334683495bin
Transforming loader-1.0.0.aar (androidx.loader:loader:1.0.0) with JetifyTransform
Transforming loader-1.0.0.aar (androidx.loader:loader:1.0.0) with JetifyTransform
Caching disabled for JetifyTransform: /home/runner/.gradle/caches/modules-2/files-2.1/androidx.loader/loader/1.0.0/8af8b6cec0da85c207d03e15840e0722cbc71e70/loader-1.0.0.aar because:
  Build cache is disabled
Transforming loader-1.0.0.aar (androidx.loader:loader:1.0.0) with ExtractAarTransform
Transforming loader-1.0.0.aar (androidx.loader:loader:1.0.0) with ExtractAarTransform
Caching disabled for ExtractAarTransform: /home/runner/.gradle/caches/modules-2/files-2.1/androidx.loader/loader/1.0.0/8af8b6cec0da85c207d03e15840e0722cbc71e70/loader-1.0.0.aar because:
  Build cache is disabled
  Caching not enabled.
Transforming loader-1.0.0.aar (androidx.loader:loader:1.0.0) with AarTransform
Transforming loader-1.0.0.aar (androidx.loader:loader:1.0.0) with AarTransform
Caching disabled for AarTransform: /home/runner/.gradle/caches/transforms-4/abe256e93817ae42579a76f032cf7e52/transformed/loader-1.0.0 because:
  Build cache is disabled
  Caching not enabled.
Downloading https://dl.google.com/dl/android/maven2/androidx/work/work-runtime/2.7.0/work-runtime-2.7.0.aar to /home/runner/.gradle/.tmp/gradle_download4242820007984099493bin
Downloading https://dl.google.com/dl/android/maven2/androidx/savedstate/savedstate/1.2.1/savedstate-1.2.1.aar to /home/runner/.gradle/.tmp/gradle_download11767293041792983173bin
Transforming savedstate-1.2.1.aar (androidx.savedstate:savedstate:1.2.1) with JetifyTransform
Caching disabled for JetifyTransform: /home/runner/.gradle/caches/modules-2/files-2.1/androidx.savedstate/savedstate/1.2.1/e364fc9dec32aa569d855f85864e50250318a093/savedstate-1.2.1.aar because:
  Build cache is disabled
Transforming savedstate-1.2.1.aar (androidx.savedstate:savedstate:1.2.1) with ExtractAarTransform
Caching disabled for ExtractAarTransform: /home/runner/.gradle/caches/transforms-4/0644ead7e7ec7328dffbe24273e66d0b/transformed/jetified-savedstate-1.2.1.aar because:
  Build cache is disabled
  Caching not enabled.
Transforming savedstate-1.2.1.aar (androidx.savedstate:savedstate:1.2.1) with AarTransform
Caching disabled for AarTransform: /home/runner/.gradle/caches/transforms-4/76c3db6aed5342d56bc60d71c8a33bee/transformed/jetified-savedstate-1.2.1 because:
  Build cache is disabled
  Caching not enabled.
Transforming work-runtime-2.7.0.aar (androidx.work:work-runtime:2.7.0) with JetifyTransform
Caching disabled for JetifyTransform: /home/runner/.gradle/caches/modules-2/files-2.1/androidx.work/work-runtime/2.7.0/109bbbe00b5b9bd6bb83acccb8d414256a696023/work-runtime-2.7.0.aar because:
  Build cache is disabled
Transforming work-runtime-2.7.0.aar (androidx.work:work-runtime:2.7.0) with ExtractAarTransform
Downloading https://dl.google.com/dl/android/maven2/androidx/lifecycle/lifecycle-service/2.6.1/lifecycle-service-2.6.1.aar to /home/runner/.gradle/.tmp/gradle_download1440082981609679287bin
Transforming lifecycle-service-2.6.1.aar (androidx.lifecycle:lifecycle-service:2.6.1) with JetifyTransform
Caching disabled for JetifyTransform: /home/runner/.gradle/caches/modules-2/files-2.1/androidx.lifecycle/lifecycle-service/2.6.1/f8484f392985a77e80e8565cedad8c066e047ae9/lifecycle-service-2.6.1.aar because:
  Build cache is disabled
Transforming lifecycle-service-2.6.1.aar (androidx.lifecycle:lifecycle-service:2.6.1) with ExtractAarTransform
Caching disabled for ExtractAarTransform: /home/runner/.gradle/caches/transforms-4/8405902f49df30039bddf7bdd225396f/transformed/jetified-lifecycle-service-2.6.1.aar because:
  Build cache is disabled
  Caching not enabled.
Transforming lifecycle-service-2.6.1.aar (androidx.lifecycle:lifecycle-service:2.6.1) with AarTransform
Caching disabled for AarTransform: /home/runner/.gradle/caches/transforms-4/8a607f1b84fb8c451d8a218d7ffb78f7/transformed/jetified-lifecycle-service-2.6.1 because:
  Build cache is disabled
  Caching not enabled.
Caching disabled for ExtractAarTransform: /home/runner/.gradle/caches/modules-2/files-2.1/androidx.work/work-runtime/2.7.0/109bbbe00b5b9bd6bb83acccb8d414256a696023/work-runtime-2.7.0.aar because:
  Build cache is disabled
  Caching not enabled.
Downloading https://dl.google.com/dl/android/maven2/androidx/lifecycle/lifecycle-process/2.6.1/lifecycle-process-2.6.1.aar to /home/runner/.gradle/.tmp/gradle_download2889874716243344907bin
Transforming lifecycle-process-2.6.1.aar (androidx.lifecycle:lifecycle-process:2.6.1) with JetifyTransform
Caching disabled for JetifyTransform: /home/runner/.gradle/caches/modules-2/files-2.1/androidx.lifecycle/lifecycle-process/2.6.1/1cda99630dfe13ea65f63d05821187bfe87a5967/lifecycle-process-2.6.1.aar because:
  Build cache is disabled
Transforming lifecycle-process-2.6.1.aar (androidx.lifecycle:lifecycle-process:2.6.1) with ExtractAarTransform
Caching disabled for ExtractAarTransform: /home/runner/.gradle/caches/transforms-4/9729b0df297c291a16f0183b1f902c9f/transformed/jetified-lifecycle-process-2.6.1.aar because:
  Build cache is disabled
  Caching not enabled.
Transforming lifecycle-process-2.6.1.aar (androidx.lifecycle:lifecycle-process:2.6.1) with AarTransform
Caching disabled for AarTransform: /home/runner/.gradle/caches/transforms-4/16319bfea425ccb34cdee45574e85a2f/transformed/jetified-lifecycle-process-2.6.1 because:
  Build cache is disabled
  Caching not enabled.
Transforming work-runtime-2.7.0.aar (androidx.work:work-runtime:2.7.0) with AarTransform
Caching disabled for AarTransform: /home/runner/.gradle/caches/transforms-4/7c03877c3e730a1a5e8663cb30e2e3f8/transformed/work-runtime-2.7.0 because:
  Build cache is disabled
  Caching not enabled.
Downloading https://dl.google.com/dl/android/maven2/androidx/lifecycle/lifecycle-livedata-core/2.6.1/lifecycle-livedata-core-2.6.1.aar to /home/runner/.gradle/.tmp/gradle_download10711497784489042423bin
Transforming lifecycle-livedata-core-2.6.1.aar (androidx.lifecycle:lifecycle-livedata-core:2.6.1) with JetifyTransform
Caching disabled for JetifyTransform: /home/runner/.gradle/caches/modules-2/files-2.1/androidx.lifecycle/lifecycle-livedata-core/2.6.1/23f66885a260f0a2cd6540927ea8795484afd2da/lifecycle-livedata-core-2.6.1.aar because:
  Build cache is disabled
Transforming lifecycle-livedata-core-2.6.1.aar (androidx.lifecycle:lifecycle-livedata-core:2.6.1) with ExtractAarTransform
Caching disabled for ExtractAarTransform: /home/runner/.gradle/caches/modules-2/files-2.1/androidx.lifecycle/lifecycle-livedata-core/2.6.1/23f66885a260f0a2cd6540927ea8795484afd2da/lifecycle-livedata-core-2.6.1.aar because:
  Build cache is disabled
  Caching not enabled.
Transforming lifecycle-livedata-core-2.6.1.aar (androidx.lifecycle:lifecycle-livedata-core:2.6.1) with AarTransform
Caching disabled for AarTransform: /home/runner/.gradle/caches/transforms-4/0d380555147b80b51751cf6bd8828956/transformed/lifecycle-livedata-core-2.6.1 because:
  Build cache is disabled
  Caching not enabled.
Downloading https://dl.google.com/dl/android/maven2/androidx/lifecycle/lifecycle-livedata/2.6.1/lifecycle-livedata-2.6.1.aar to /home/runner/.gradle/.tmp/gradle_download5026181853258824628bin
Transforming lifecycle-livedata-2.6.1.aar (androidx.lifecycle:lifecycle-livedata:2.6.1) with JetifyTransform
Transforming lifecycle-livedata-2.6.1.aar (androidx.lifecycle:lifecycle-livedata:2.6.1) with JetifyTransform
Caching disabled for JetifyTransform: /home/runner/.gradle/caches/modules-2/files-2.1/androidx.lifecycle/lifecycle-livedata/2.6.1/e7f6d9e232bf035af69c030917c1ccda8e840b57/lifecycle-livedata-2.6.1.aar because:
  Build cache is disabled
Transforming lifecycle-livedata-2.6.1.aar (androidx.lifecycle:lifecycle-livedata:2.6.1) with ExtractAarTransform
Transforming lifecycle-livedata-2.6.1.aar (androidx.lifecycle:lifecycle-livedata:2.6.1) with ExtractAarTransform
Caching disabled for ExtractAarTransform: /home/runner/.gradle/caches/modules-2/files-2.1/androidx.lifecycle/lifecycle-livedata/2.6.1/e7f6d9e232bf035af69c030917c1ccda8e840b57/lifecycle-livedata-2.6.1.aar because:
  Build cache is disabled
  Caching not enabled.
Transforming lifecycle-livedata-2.6.1.aar (androidx.lifecycle:lifecycle-livedata:2.6.1) with AarTransform
Transforming lifecycle-livedata-2.6.1.aar (androidx.lifecycle:lifecycle-livedata:2.6.1) with AarTransform
Caching disabled for AarTransform: /home/runner/.gradle/caches/transforms-4/c8c32571d833eabb80ccffee3e7ed692/transformed/lifecycle-livedata-2.6.1 because:
  Build cache is disabled
  Caching not enabled.
Downloading https://dl.google.com/dl/android/maven2/androidx/lifecycle/lifecycle-viewmodel/2.6.1/lifecycle-viewmodel-2.6.1.aar to /home/runner/.gradle/.tmp/gradle_download6594691632516545126bin
Transforming lifecycle-viewmodel-2.6.1.aar (androidx.lifecycle:lifecycle-viewmodel:2.6.1) with JetifyTransform
Caching disabled for JetifyTransform: /home/runner/.gradle/caches/modules-2/files-2.1/androidx.lifecycle/lifecycle-viewmodel/2.6.1/fa35bfdbbe0e7df1573e377cbdd15de35176141d/lifecycle-viewmodel-2.6.1.aar because:
  Build cache is disabled
Transforming lifecycle-viewmodel-2.6.1.aar (androidx.lifecycle:lifecycle-viewmodel:2.6.1) with JetifyTransform
Transforming lifecycle-viewmodel-2.6.1.aar (androidx.lifecycle:lifecycle-viewmodel:2.6.1) with ExtractAarTransform
Transforming lifecycle-viewmodel-2.6.1.aar (androidx.lifecycle:lifecycle-viewmodel:2.6.1) with ExtractAarTransform
Caching disabled for ExtractAarTransform: /home/runner/.gradle/caches/modules-2/files-2.1/androidx.lifecycle/lifecycle-viewmodel/2.6.1/fa35bfdbbe0e7df1573e377cbdd15de35176141d/lifecycle-viewmodel-2.6.1.aar because:
  Build cache is disabled
  Caching not enabled.
Transforming lifecycle-viewmodel-2.6.1.aar (androidx.lifecycle:lifecycle-viewmodel:2.6.1) with AarTransform
Transforming lifecycle-viewmodel-2.6.1.aar (androidx.lifecycle:lifecycle-viewmodel:2.6.1) with AarTransform
Caching disabled for AarTransform: /home/runner/.gradle/caches/transforms-4/9695c95323afb568ed7a2515a5dd4616/transformed/lifecycle-viewmodel-2.6.1 because:
  Build cache is disabled
  Caching not enabled.
Downloading https://dl.google.com/dl/android/maven2/androidx/lifecycle/lifecycle-runtime/2.6.1/lifecycle-runtime-2.6.1.aar to /home/runner/.gradle/.tmp/gradle_download10338172190213879872bin
Transforming lifecycle-runtime-2.6.1.aar (androidx.lifecycle:lifecycle-runtime:2.6.1) with JetifyTransform
Caching disabled for JetifyTransform: /home/runner/.gradle/caches/modules-2/files-2.1/androidx.lifecycle/lifecycle-runtime/2.6.1/f0ef27053faa89b3ec06c4f118cea0a15edde35b/lifecycle-runtime-2.6.1.aar because:
  Build cache is disabled
Downloading https://dl.google.com/dl/android/maven2/androidx/lifecycle/lifecycle-viewmodel-savedstate/2.6.1/lifecycle-viewmodel-savedstate-2.6.1.aar to /home/runner/.gradle/.tmp/gradle_download17317539931942685443bin
Transforming lifecycle-viewmodel-savedstate-2.6.1.aar (androidx.lifecycle:lifecycle-viewmodel-savedstate:2.6.1) with JetifyTransform
Transforming lifecycle-runtime-2.6.1.aar (androidx.lifecycle:lifecycle-runtime:2.6.1) with ExtractAarTransform
Caching disabled for JetifyTransform: /home/runner/.gradle/caches/modules-2/files-2.1/androidx.lifecycle/lifecycle-viewmodel-savedstate/2.6.1/7cac77a315e1c8235a1f0c7d041c3c5e565f0f4b/lifecycle-viewmodel-savedstate-2.6.1.aar because:
  Build cache is disabled
Caching disabled for ExtractAarTransform: /home/runner/.gradle/caches/modules-2/files-2.1/androidx.lifecycle/lifecycle-runtime/2.6.1/f0ef27053faa89b3ec06c4f118cea0a15edde35b/lifecycle-runtime-2.6.1.aar because:
  Build cache is disabled
  Caching not enabled.
Transforming lifecycle-runtime-2.6.1.aar (androidx.lifecycle:lifecycle-runtime:2.6.1) with AarTransform
Caching disabled for AarTransform: /home/runner/.gradle/caches/transforms-4/8e325f3c132075b3ee88278ee43bab0f/transformed/lifecycle-runtime-2.6.1 because:
  Build cache is disabled
  Caching not enabled.
Transforming lifecycle-viewmodel-savedstate-2.6.1.aar (androidx.lifecycle:lifecycle-viewmodel-savedstate:2.6.1) with ExtractAarTransform
Caching disabled for ExtractAarTransform: /home/runner/.gradle/caches/transforms-4/58926e48f173d02f042cdb90651e79bc/transformed/jetified-lifecycle-viewmodel-savedstate-2.6.1.aar because:
  Build cache is disabled
  Caching not enabled.
Transforming lifecycle-viewmodel-savedstate-2.6.1.aar (androidx.lifecycle:lifecycle-viewmodel-savedstate:2.6.1) with AarTransform
Caching disabled for AarTransform: /home/runner/.gradle/caches/transforms-4/f7cfe774256e602c47ade6cb5829c4b9/transformed/jetified-lifecycle-viewmodel-savedstate-2.6.1 because:
  Build cache is disabled
  Caching not enabled.
Downloading https://dl.google.com/dl/android/maven2/androidx/core/core-ktx/1.9.0/core-ktx-1.9.0.aar to /home/runner/.gradle/.tmp/gradle_download5792807290774285342bin
Transforming core-ktx-1.9.0.aar (androidx.core:core-ktx:1.9.0) with JetifyTransform
Caching disabled for JetifyTransform: /home/runner/.gradle/caches/modules-2/files-2.1/androidx.core/core-ktx/1.9.0/b56f6b1bcb7882a9933c963907818da2094ae3a4/core-ktx-1.9.0.aar because:
  Build cache is disabled
Transforming core-ktx-1.9.0.aar (androidx.core:core-ktx:1.9.0) with ExtractAarTransform
Caching disabled for ExtractAarTransform: /home/runner/.gradle/caches/transforms-4/7bbe94f807f1bc3abbe5919d0c692d8a/transformed/jetified-core-ktx-1.9.0.aar because:
  Build cache is disabled
  Caching not enabled.
Downloading https://dl.google.com/dl/android/maven2/androidx/viewpager/viewpager/1.0.0/viewpager-1.0.0.aar to /home/runner/.gradle/.tmp/gradle_download17667210200384154258bin
Transforming core-ktx-1.9.0.aar (androidx.core:core-ktx:1.9.0) with AarTransform
Transforming viewpager-1.0.0.aar (androidx.viewpager:viewpager:1.0.0) with JetifyTransform
Caching disabled for AarTransform: /home/runner/.gradle/caches/transforms-4/12b2eb200dd9729fdcd574bbcff60573/transformed/jetified-core-ktx-1.9.0 because:
  Build cache is disabled
  Caching not enabled.
Caching disabled for JetifyTransform: /home/runner/.gradle/caches/modules-2/files-2.1/androidx.viewpager/viewpager/1.0.0/1f90e13820f96c2fb868f9674079a551678d68b2/viewpager-1.0.0.aar because:
  Build cache is disabled
Transforming viewpager-1.0.0.aar (androidx.viewpager:viewpager:1.0.0) with ExtractAarTransform
Caching disabled for ExtractAarTransform: /home/runner/.gradle/caches/modules-2/files-2.1/androidx.viewpager/viewpager/1.0.0/1f90e13820f96c2fb868f9674079a551678d68b2/viewpager-1.0.0.aar because:
  Build cache is disabled
  Caching not enabled.
Transforming viewpager-1.0.0.aar (androidx.viewpager:viewpager:1.0.0) with AarTransform
Caching disabled for AarTransform: /home/runner/.gradle/caches/transforms-4/5ad964eb79a7eb8d460aeb47b4b406ee/transformed/viewpager-1.0.0 because:
  Build cache is disabled
  Caching not enabled.
Downloading https://dl.google.com/dl/android/maven2/androidx/recyclerview/recyclerview/1.1.0/recyclerview-1.1.0.aar to /home/runner/.gradle/.tmp/gradle_download2583070332221691105bin
Transforming recyclerview-1.1.0.aar (androidx.recyclerview:recyclerview:1.1.0) with JetifyTransform
Transforming recyclerview-1.1.0.aar (androidx.recyclerview:recyclerview:1.1.0) with JetifyTransform
Caching disabled for JetifyTransform: /home/runner/.gradle/caches/modules-2/files-2.1/androidx.recyclerview/recyclerview/1.1.0/8b4f97752ddcbc712af46d208aebd46585cde63b/recyclerview-1.1.0.aar because:
  Build cache is disabled
Transforming recyclerview-1.1.0.aar (androidx.recyclerview:recyclerview:1.1.0) with ExtractAarTransform
Transforming recyclerview-1.1.0.aar (androidx.recyclerview:recyclerview:1.1.0) with ExtractAarTransform
Caching disabled for ExtractAarTransform: /home/runner/.gradle/caches/modules-2/files-2.1/androidx.recyclerview/recyclerview/1.1.0/8b4f97752ddcbc712af46d208aebd46585cde63b/recyclerview-1.1.0.aar because:
  Build cache is disabled
  Caching not enabled.
Transforming recyclerview-1.1.0.aar (androidx.recyclerview:recyclerview:1.1.0) with AarTransform
Transforming recyclerview-1.1.0.aar (androidx.recyclerview:recyclerview:1.1.0) with AarTransform
Caching disabled for AarTransform: /home/runner/.gradle/caches/transforms-4/5079bf911dfd33c4befcca28a5d6c504/transformed/recyclerview-1.1.0 because:
  Build cache is disabled
  Caching not enabled.
Downloading https://dl.google.com/dl/android/maven2/androidx/customview/customview/1.1.0/customview-1.1.0.aar to /home/runner/.gradle/.tmp/gradle_download4099969119896349105bin
Transforming customview-1.1.0.aar (androidx.customview:customview:1.1.0) with JetifyTransform
Caching disabled for JetifyTransform: /home/runner/.gradle/caches/modules-2/files-2.1/androidx.customview/customview/1.1.0/a030aaf64c5419a89f7d91a33755c4629a43471/customview-1.1.0.aar because:
  Build cache is disabled
Transforming customview-1.1.0.aar (androidx.customview:customview:1.1.0) with JetifyTransform
Transforming customview-1.1.0.aar (androidx.customview:customview:1.1.0) with ExtractAarTransform
Transforming customview-1.1.0.aar (androidx.customview:customview:1.1.0) with ExtractAarTransform
Caching disabled for ExtractAarTransform: /home/runner/.gradle/caches/modules-2/files-2.1/androidx.customview/customview/1.1.0/a030aaf64c5419a89f7d91a33755c4629a43471/customview-1.1.0.aar because:
  Build cache is disabled
  Caching not enabled.
Transforming customview-1.1.0.aar (androidx.customview:customview:1.1.0) with AarTransform
Caching disabled for AarTransform: /home/runner/.gradle/caches/transforms-4/78b04baaf55de87e556b64a231d9530f/transformed/customview-1.1.0 because:
  Build cache is disabled
  Caching not enabled.
Transforming customview-1.1.0.aar (androidx.customview:customview:1.1.0) with AarTransform
Downloading https://dl.google.com/dl/android/maven2/androidx/core/core/1.9.0/core-1.9.0.aar to /home/runner/.gradle/.tmp/gradle_download2599449532667805547bin
Transforming core-1.9.0.aar (androidx.core:core:1.9.0) with JetifyTransform
Transforming core-1.9.0.aar (androidx.core:core:1.9.0) with JetifyTransform
Caching disabled for JetifyTransform: /home/runner/.gradle/caches/modules-2/files-2.1/androidx.core/core/1.9.0/aa21c91d72e5d2a8dcc00c029ec65fc8d804ce02/core-1.9.0.aar because:
  Build cache is disabled
Transforming core-1.9.0.aar (androidx.core:core:1.9.0) with ExtractAarTransform
Transforming core-1.9.0.aar (androidx.core:core:1.9.0) with ExtractAarTransform
Caching disabled for ExtractAarTransform: /home/runner/.gradle/caches/modules-2/files-2.1/androidx.core/core/1.9.0/aa21c91d72e5d2a8dcc00c029ec65fc8d804ce02/core-1.9.0.aar because:
  Build cache is disabled
  Caching not enabled.
Transforming core-1.9.0.aar (androidx.core:core:1.9.0) with AarTransform
Transforming core-1.9.0.aar (androidx.core:core:1.9.0) with AarTransform
Caching disabled for AarTransform: /home/runner/.gradle/caches/transforms-4/566acc714c8179f607f6e5bc825559b8/transformed/core-1.9.0 because:
  Build cache is disabled
  Caching not enabled.
Transforming core-1.9.0.aar (androidx.core:core:1.9.0) with JetifyTransform
Transforming core-1.9.0.aar (androidx.core:core:1.9.0) with ExtractAarTransform
Transforming core-1.9.0.aar (androidx.core:core:1.9.0) with AarTransform
Downloading https://dl.google.com/dl/android/maven2/androidx/cursoradapter/cursoradapter/1.0.0/cursoradapter-1.0.0.aar to /home/runner/.gradle/.tmp/gradle_download16913689185053437201bin
Transforming cursoradapter-1.0.0.aar (androidx.cursoradapter:cursoradapter:1.0.0) with JetifyTransform
Caching disabled for JetifyTransform: /home/runner/.gradle/caches/modules-2/files-2.1/androidx.cursoradapter/cursoradapter/1.0.0/74014983a86b83cbce534dec4e7aa9312f5f5d82/cursoradapter-1.0.0.aar because:
  Build cache is disabled
Downloading https://dl.google.com/dl/android/maven2/androidx/cardview/cardview/1.0.0/cardview-1.0.0.aar to /home/runner/.gradle/.tmp/gradle_download12675287448925133018bin
Transforming cursoradapter-1.0.0.aar (androidx.cursoradapter:cursoradapter:1.0.0) with ExtractAarTransform
Transforming cardview-1.0.0.aar (androidx.cardview:cardview:1.0.0) with JetifyTransform
Caching disabled for JetifyTransform: /home/runner/.gradle/caches/modules-2/files-2.1/androidx.cardview/cardview/1.0.0/158dbc2e2bc502815821191b04446b8f663c1874/cardview-1.0.0.aar because:
  Build cache is disabled
Caching disabled for ExtractAarTransform: /home/runner/.gradle/caches/modules-2/files-2.1/androidx.cursoradapter/cursoradapter/1.0.0/74014983a86b83cbce534dec4e7aa9312f5f5d82/cursoradapter-1.0.0.aar because:
  Build cache is disabled
  Caching not enabled.
Transforming cardview-1.0.0.aar (androidx.cardview:cardview:1.0.0) with ExtractAarTransform
Transforming cursoradapter-1.0.0.aar (androidx.cursoradapter:cursoradapter:1.0.0) with AarTransform
Caching disabled for ExtractAarTransform: /home/runner/.gradle/caches/modules-2/files-2.1/androidx.cardview/cardview/1.0.0/158dbc2e2bc502815821191b04446b8f663c1874/cardview-1.0.0.aar because:
  Build cache is disabled
  Caching not enabled.
Caching disabled for AarTransform: /home/runner/.gradle/caches/transforms-4/7f67fd2939603007d7594ca0530b8538/transformed/cursoradapter-1.0.0 because:
  Build cache is disabled
  Caching not enabled.
Transforming cardview-1.0.0.aar (androidx.cardview:cardview:1.0.0) with AarTransform
Caching disabled for AarTransform: /home/runner/.gradle/caches/transforms-4/93fe7cf6797acd1154e9f6965486953a/transformed/cardview-1.0.0 because:
  Build cache is disabled
  Caching not enabled.
Downloading https://dl.google.com/dl/android/maven2/androidx/profileinstaller/profileinstaller/1.3.0/profileinstaller-1.3.0.aar to /home/runner/.gradle/.tmp/gradle_download5930474818961163198bin
Transforming profileinstaller-1.3.0.aar (androidx.profileinstaller:profileinstaller:1.3.0) with JetifyTransform
Caching disabled for JetifyTransform: /home/runner/.gradle/caches/modules-2/files-2.1/androidx.profileinstaller/profileinstaller/1.3.0/624641814089cd7bebf427aafa68ac089fb38261/profileinstaller-1.3.0.aar because:
  Build cache is disabled
Transforming profileinstaller-1.3.0.aar (androidx.profileinstaller:profileinstaller:1.3.0) with ExtractAarTransform
Caching disabled for ExtractAarTransform: /home/runner/.gradle/caches/transforms-4/acedac226c112281c121ff9787c37833/transformed/jetified-profileinstaller-1.3.0.aar because:
  Build cache is disabled
  Caching not enabled.
Transforming profileinstaller-1.3.0.aar (androidx.profileinstaller:profileinstaller:1.3.0) with AarTransform
Caching disabled for AarTransform: /home/runner/.gradle/caches/transforms-4/7f959c22d7eb474bdd492053f1b9be09/transformed/jetified-profileinstaller-1.3.0 because:
  Build cache is disabled
  Caching not enabled.
Downloading https://dl.google.com/dl/android/maven2/androidx/versionedparcelable/versionedparcelable/1.1.1/versionedparcelable-1.1.1.aar to /home/runner/.gradle/.tmp/gradle_download4047428861197940840bin
Transforming versionedparcelable-1.1.1.aar (androidx.versionedparcelable:versionedparcelable:1.1.1) with JetifyTransform
Caching disabled for JetifyTransform: /home/runner/.gradle/caches/modules-2/files-2.1/androidx.versionedparcelable/versionedparcelable/1.1.1/18e18071e7715679e0593c570217edeb5ca48b9e/versionedparcelable-1.1.1.aar because:
  Build cache is disabled
Transforming versionedparcelable-1.1.1.aar (androidx.versionedparcelable:versionedparcelable:1.1.1) with ExtractAarTransform
Caching disabled for ExtractAarTransform: /home/runner/.gradle/caches/modules-2/files-2.1/androidx.versionedparcelable/versionedparcelable/1.1.1/18e18071e7715679e0593c570217edeb5ca48b9e/versionedparcelable-1.1.1.aar because:
  Build cache is disabled
  Caching not enabled.
Transforming versionedparcelable-1.1.1.aar (androidx.versionedparcelable:versionedparcelable:1.1.1) with AarTransform
Caching disabled for AarTransform: /home/runner/.gradle/caches/transforms-4/a60e7418488218a045b6ca3f229669f3/transformed/versionedparcelable-1.1.1 because:
  Build cache is disabled
  Caching not enabled.
Downloading https://dl.google.com/dl/android/maven2/androidx/startup/startup-runtime/1.1.1/startup-runtime-1.1.1.aar to /home/runner/.gradle/.tmp/gradle_download7111649928016867533bin
Transforming startup-runtime-1.1.1.aar (androidx.startup:startup-runtime:1.1.1) with JetifyTransform
Caching disabled for JetifyTransform: /home/runner/.gradle/caches/modules-2/files-2.1/androidx.startup/startup-runtime/1.1.1/9d4ba67056aff98b69eadc1477c19a1e67cb9470/startup-runtime-1.1.1.aar because:
  Build cache is disabled
Transforming startup-runtime-1.1.1.aar (androidx.startup:startup-runtime:1.1.1) with ExtractAarTransform
Downloading https://dl.google.com/dl/android/maven2/androidx/tracing/tracing/1.0.0/tracing-1.0.0.aar to /home/runner/.gradle/.tmp/gradle_download11841013442798252879bin
Transforming tracing-1.0.0.aar (androidx.tracing:tracing:1.0.0) with JetifyTransform
Caching disabled for ExtractAarTransform: /home/runner/.gradle/caches/transforms-4/ebf93d91f1a2b203dd1468c110403e84/transformed/jetified-startup-runtime-1.1.1.aar because:
  Build cache is disabled
  Caching not enabled.
Caching disabled for JetifyTransform: /home/runner/.gradle/caches/modules-2/files-2.1/androidx.tracing/tracing/1.0.0/69cef34711dffbc517e7a0a419ec4a98f84f496a/tracing-1.0.0.aar because:
  Build cache is disabled
Transforming tracing-1.0.0.aar (androidx.tracing:tracing:1.0.0) with ExtractAarTransform
Caching disabled for ExtractAarTransform: /home/runner/.gradle/caches/transforms-4/fe84ce2d133c15d313619e0d87a6890e/transformed/jetified-tracing-1.0.0.aar because:
  Build cache is disabled
  Caching not enabled.
Transforming startup-runtime-1.1.1.aar (androidx.startup:startup-runtime:1.1.1) with AarTransform
Transforming tracing-1.0.0.aar (androidx.tracing:tracing:1.0.0) with AarTransform
Caching disabled for AarTransform: /home/runner/.gradle/caches/transforms-4/81cba54d9898d4cfaa1906068ed54599/transformed/jetified-startup-runtime-1.1.1 because:
  Build cache is disabled
  Caching not enabled.
Caching disabled for AarTransform: /home/runner/.gradle/caches/transforms-4/b9a845a1d6fe9421139331cc4df6707a/transformed/jetified-tracing-1.0.0 because:
  Build cache is disabled
  Caching not enabled.
Downloading https://dl.google.com/dl/android/maven2/androidx/interpolator/interpolator/1.0.0/interpolator-1.0.0.aar to /home/runner/.gradle/.tmp/gradle_download15888828447393372358bin
Transforming interpolator-1.0.0.aar (androidx.interpolator:interpolator:1.0.0) with JetifyTransform
Caching disabled for JetifyTransform: /home/runner/.gradle/caches/modules-2/files-2.1/androidx.interpolator/interpolator/1.0.0/8a01fa254a23b9388571eb6334b03707c7d122d7/interpolator-1.0.0.aar because:
  Build cache is disabled
Transforming interpolator-1.0.0.aar (androidx.interpolator:interpolator:1.0.0) with JetifyTransform
Transforming interpolator-1.0.0.aar (androidx.interpolator:interpolator:1.0.0) with ExtractAarTransform
Transforming interpolator-1.0.0.aar (androidx.interpolator:interpolator:1.0.0) with ExtractAarTransform
Caching disabled for ExtractAarTransform: /home/runner/.gradle/caches/modules-2/files-2.1/androidx.interpolator/interpolator/1.0.0/8a01fa254a23b9388571eb6334b03707c7d122d7/interpolator-1.0.0.aar because:
  Build cache is disabled
  Caching not enabled.
Transforming interpolator-1.0.0.aar (androidx.interpolator:interpolator:1.0.0) with AarTransform
Transforming interpolator-1.0.0.aar (androidx.interpolator:interpolator:1.0.0) with AarTransform
Caching disabled for AarTransform: /home/runner/.gradle/caches/transforms-4/530aad9491d07b52c2de42bd8a133c96/transformed/interpolator-1.0.0 because:
  Build cache is disabled
  Caching not enabled.
Downloading https://dl.google.com/dl/android/maven2/androidx/arch/core/core-runtime/2.2.0/core-runtime-2.2.0.aar to /home/runner/.gradle/.tmp/gradle_download12836249435113524789bin
Transforming core-runtime-2.2.0.aar (androidx.arch.core:core-runtime:2.2.0) with JetifyTransform
Caching disabled for JetifyTransform: /home/runner/.gradle/caches/modules-2/files-2.1/androidx.arch.core/core-runtime/2.2.0/39705982680d78556b679ef9d5400d4f17509b0b/core-runtime-2.2.0.aar because:
  Build cache is disabled
Transforming core-runtime-2.2.0.aar (androidx.arch.core:core-runtime:2.2.0) with ExtractAarTransform
Caching disabled for ExtractAarTransform: /home/runner/.gradle/caches/modules-2/files-2.1/androidx.arch.core/core-runtime/2.2.0/39705982680d78556b679ef9d5400d4f17509b0b/core-runtime-2.2.0.aar because:
  Build cache is disabled
  Caching not enabled.
Transforming core-runtime-2.2.0.aar (androidx.arch.core:core-runtime:2.2.0) with AarTransform
Caching disabled for AarTransform: /home/runner/.gradle/caches/transforms-4/16cf50259928a7f303a00648d160a53a/transformed/core-runtime-2.2.0 because:
  Build cache is disabled
  Caching not enabled.
Transforming core-runtime-2.2.0.aar (androidx.arch.core:core-runtime:2.2.0) with JetifyTransform
Transforming core-runtime-2.2.0.aar (androidx.arch.core:core-runtime:2.2.0) with ExtractAarTransform
Transforming core-runtime-2.2.0.aar (androidx.arch.core:core-runtime:2.2.0) with AarTransform
Downloading https://dl.google.com/dl/android/maven2/androidx/documentfile/documentfile/1.0.0/documentfile-1.0.0.aar to /home/runner/.gradle/.tmp/gradle_download15747141817705249796bin
Transforming documentfile-1.0.0.aar (androidx.documentfile:documentfile:1.0.0) with JetifyTransform
Caching disabled for JetifyTransform: /home/runner/.gradle/caches/modules-2/files-2.1/androidx.documentfile/documentfile/1.0.0/66104345c90cd8c2fd5ad2d3aad692b280e10c32/documentfile-1.0.0.aar because:
  Build cache is disabled
Transforming documentfile-1.0.0.aar (androidx.documentfile:documentfile:1.0.0) with ExtractAarTransform
Caching disabled for ExtractAarTransform: /home/runner/.gradle/caches/modules-2/files-2.1/androidx.documentfile/documentfile/1.0.0/66104345c90cd8c2fd5ad2d3aad692b280e10c32/documentfile-1.0.0.aar because:
  Build cache is disabled
  Caching not enabled.
Transforming documentfile-1.0.0.aar (androidx.documentfile:documentfile:1.0.0) with AarTransform
Caching disabled for AarTransform: /home/runner/.gradle/caches/transforms-4/a6c4860120fd648406769680235d11ac/transformed/documentfile-1.0.0 because:
  Build cache is disabled
  Caching not enabled.
Downloading https://dl.google.com/dl/android/maven2/androidx/room/room-runtime/2.2.5/room-runtime-2.2.5.aar to /home/runner/.gradle/.tmp/gradle_download5335034491401173279bin
Transforming room-runtime-2.2.5.aar (androidx.room:room-runtime:2.2.5) with JetifyTransform
Caching disabled for JetifyTransform: /home/runner/.gradle/caches/modules-2/files-2.1/androidx.room/room-runtime/2.2.5/b10f919e92246c538afd0d27ea8ef52c966f404c/room-runtime-2.2.5.aar because:
  Build cache is disabled
Downloading https://dl.google.com/dl/android/maven2/androidx/localbroadcastmanager/localbroadcastmanager/1.0.0/localbroadcastmanager-1.0.0.aar to /home/runner/.gradle/.tmp/gradle_download4755788000516290117bin
Transforming room-runtime-2.2.5.aar (androidx.room:room-runtime:2.2.5) with ExtractAarTransform
Transforming localbroadcastmanager-1.0.0.aar (androidx.localbroadcastmanager:localbroadcastmanager:1.0.0) with JetifyTransform
Caching disabled for JetifyTransform: /home/runner/.gradle/caches/modules-2/files-2.1/androidx.localbroadcastmanager/localbroadcastmanager/1.0.0/2734f31c8321e83ce6b60570d14777fc33cc2ece/localbroadcastmanager-1.0.0.aar because:
  Build cache is disabled
Transforming localbroadcastmanager-1.0.0.aar (androidx.localbroadcastmanager:localbroadcastmanager:1.0.0) with ExtractAarTransform
Caching disabled for ExtractAarTransform: /home/runner/.gradle/caches/modules-2/files-2.1/androidx.room/room-runtime/2.2.5/b10f919e92246c538afd0d27ea8ef52c966f404c/room-runtime-2.2.5.aar because:
  Build cache is disabled
  Caching not enabled.
Caching disabled for ExtractAarTransform: /home/runner/.gradle/caches/modules-2/files-2.1/androidx.localbroadcastmanager/localbroadcastmanager/1.0.0/2734f31c8321e83ce6b60570d14777fc33cc2ece/localbroadcastmanager-1.0.0.aar because:
  Build cache is disabled
  Caching not enabled.
Transforming room-runtime-2.2.5.aar (androidx.room:room-runtime:2.2.5) with AarTransform
Transforming localbroadcastmanager-1.0.0.aar (androidx.localbroadcastmanager:localbroadcastmanager:1.0.0) with AarTransform
Caching disabled for AarTransform: /home/runner/.gradle/caches/transforms-4/f7cf53a5845c7c4087c53ae039f01e4b/transformed/localbroadcastmanager-1.0.0 because:
  Build cache is disabled
  Caching not enabled.
Caching disabled for AarTransform: /home/runner/.gradle/caches/transforms-4/0e465d9f6667cd38291d9d375fbdd3aa/transformed/room-runtime-2.2.5 because:
  Build cache is disabled
  Caching not enabled.
Downloading https://dl.google.com/dl/android/maven2/androidx/print/print/1.0.0/print-1.0.0.aar to /home/runner/.gradle/.tmp/gradle_download12872895144488355160bin
Transforming print-1.0.0.aar (androidx.print:print:1.0.0) with JetifyTransform
Caching disabled for JetifyTransform: /home/runner/.gradle/caches/modules-2/files-2.1/androidx.print/print/1.0.0/7722094652c48ebe27acc94d74a55e759e4635ff/print-1.0.0.aar because:
  Build cache is disabled
Transforming print-1.0.0.aar (androidx.print:print:1.0.0) with ExtractAarTransform
Caching disabled for ExtractAarTransform: /home/runner/.gradle/caches/modules-2/files-2.1/androidx.print/print/1.0.0/7722094652c48ebe27acc94d74a55e759e4635ff/print-1.0.0.aar because:
  Build cache is disabled
  Caching not enabled.
Transforming print-1.0.0.aar (androidx.print:print:1.0.0) with AarTransform
Caching disabled for AarTransform: /home/runner/.gradle/caches/transforms-4/e44d1f519261216df532f8d22fb7c549/transformed/print-1.0.0 because:
  Build cache is disabled
  Caching not enabled.
Downloading https://dl.google.com/dl/android/maven2/androidx/sqlite/sqlite-framework/2.1.0/sqlite-framework-2.1.0.aar to /home/runner/.gradle/.tmp/gradle_download6825873141814838769bin
Transforming sqlite-framework-2.1.0.aar (androidx.sqlite:sqlite-framework:2.1.0) with JetifyTransform
Transforming sqlite-framework-2.1.0.aar (androidx.sqlite:sqlite-framework:2.1.0) with JetifyTransform
Caching disabled for JetifyTransform: /home/runner/.gradle/caches/modules-2/files-2.1/androidx.sqlite/sqlite-framework/2.1.0/f6128a6253e9f5ddfaa90f761bda661aef9cb822/sqlite-framework-2.1.0.aar because:
  Build cache is disabled
Transforming sqlite-framework-2.1.0.aar (androidx.sqlite:sqlite-framework:2.1.0) with ExtractAarTransform
Caching disabled for ExtractAarTransform: /home/runner/.gradle/caches/modules-2/files-2.1/androidx.sqlite/sqlite-framework/2.1.0/f6128a6253e9f5ddfaa90f761bda661aef9cb822/sqlite-framework-2.1.0.aar because:
  Build cache is disabled
  Caching not enabled.
Transforming sqlite-framework-2.1.0.aar (androidx.sqlite:sqlite-framework:2.1.0) with ExtractAarTransform
Transforming sqlite-framework-2.1.0.aar (androidx.sqlite:sqlite-framework:2.1.0) with AarTransform
Transforming sqlite-framework-2.1.0.aar (androidx.sqlite:sqlite-framework:2.1.0) with AarTransform
Caching disabled for AarTransform: /home/runner/.gradle/caches/transforms-4/ad832d3a310c3f508abb158e2bdf230f/transformed/sqlite-framework-2.1.0 because:
  Build cache is disabled
  Caching not enabled.
Downloading https://dl.google.com/dl/android/maven2/androidx/sqlite/sqlite/2.1.0/sqlite-2.1.0.aar to /home/runner/.gradle/.tmp/gradle_download7641491413692555374bin
Transforming sqlite-2.1.0.aar (androidx.sqlite:sqlite:2.1.0) with JetifyTransform
Transforming sqlite-2.1.0.aar (androidx.sqlite:sqlite:2.1.0) with JetifyTransform
Caching disabled for JetifyTransform: /home/runner/.gradle/caches/modules-2/files-2.1/androidx.sqlite/sqlite/2.1.0/f1047a3ff537fbee350ed259043b29210ad8afdf/sqlite-2.1.0.aar because:
  Build cache is disabled
Transforming sqlite-2.1.0.aar (androidx.sqlite:sqlite:2.1.0) with ExtractAarTransform
Caching disabled for ExtractAarTransform: /home/runner/.gradle/caches/modules-2/files-2.1/androidx.sqlite/sqlite/2.1.0/f1047a3ff537fbee350ed259043b29210ad8afdf/sqlite-2.1.0.aar because:
  Build cache is disabled
  Caching not enabled.
Transforming sqlite-2.1.0.aar (androidx.sqlite:sqlite:2.1.0) with ExtractAarTransform
Transforming sqlite-2.1.0.aar (androidx.sqlite:sqlite:2.1.0) with AarTransform
Transforming sqlite-2.1.0.aar (androidx.sqlite:sqlite:2.1.0) with AarTransform
Caching disabled for AarTransform: /home/runner/.gradle/caches/transforms-4/544960b638490ec54a8ec0039e076f58/transformed/sqlite-2.1.0 because:
  Build cache is disabled
  Caching not enabled.
Transforming sqlite-2.1.0.aar (androidx.sqlite:sqlite:2.1.0) with JetifyTransform
Transforming sqlite-2.1.0.aar (androidx.sqlite:sqlite:2.1.0) with ExtractAarTransform
Transforming sqlite-2.1.0.aar (androidx.sqlite:sqlite:2.1.0) with AarTransform
Downloading https://dl.google.com/dl/android/maven2/androidx/annotation/annotation-experimental/1.3.0/annotation-experimental-1.3.0.aar to /home/runner/.gradle/.tmp/gradle_download1200115075163364052bin
Transforming annotation-experimental-1.3.0.aar (androidx.annotation:annotation-experimental:1.3.0) with JetifyTransform
Caching disabled for JetifyTransform: /home/runner/.gradle/caches/modules-2/files-2.1/androidx.annotation/annotation-experimental/1.3.0/5087c6f545117dcd474e69e1a93cacec9d7334af/annotation-experimental-1.3.0.aar because:
  Build cache is disabled
Transforming annotation-experimental-1.3.0.aar (androidx.annotation:annotation-experimental:1.3.0) with ExtractAarTransform
Caching disabled for ExtractAarTransform: /home/runner/.gradle/caches/transforms-4/30a195bab6af826e8902a89dfdb8f134/transformed/jetified-annotation-experimental-1.3.0.aar because:
  Build cache is disabled
  Caching not enabled.
Transforming annotation-experimental-1.3.0.aar (androidx.annotation:annotation-experimental:1.3.0) with AarTransform
Caching disabled for AarTransform: /home/runner/.gradle/caches/transforms-4/3cc5df5e11623a4b0fa1ec339df86d37/transformed/jetified-annotation-experimental-1.3.0 because:
  Build cache is disabled
  Caching not enabled.
Caching disabled for task ':app:checkDebugAarMetadata' because:
  Build cache is disabled
  Caching has been disabled for the task
Task ':app:checkDebugAarMetadata' is not up-to-date because:
  No history is available.

Resolve mutations for :app:generateDebugResValues (Thread[included builds,5,main]) started.
:app:generateDebugResValues (Thread[included builds,5,main]) started.

> Task :app:generateDebugResValues
Caching disabled for task ':app:generateDebugResValues' because:
  Build cache is disabled
Task ':app:generateDebugResValues' is not up-to-date because:
  No history is available.
Resolve mutations for :app:mapDebugSourceSetPaths (Thread[included builds,5,main]) started.
:app:mapDebugSourceSetPaths (Thread[included builds,5,main]) started.

> Task :app:mapDebugSourceSetPaths
Transforming material-1.11.0.aar (com.google.android.material:material:1.11.0) with JetifyTransform
Transforming material-1.11.0.aar (com.google.android.material:material:1.11.0) with ExtractAarTransform
Transforming material-1.11.0.aar (com.google.android.material:material:1.11.0) with AarTransform
Transforming constraintlayout-2.1.4.aar (androidx.constraintlayout:constraintlayout:2.1.4) with JetifyTransform
Transforming constraintlayout-2.1.4.aar (androidx.constraintlayout:constraintlayout:2.1.4) with ExtractAarTransform
Transforming constraintlayout-2.1.4.aar (androidx.constraintlayout:constraintlayout:2.1.4) with AarTransform
Transforming appcompat-resources-1.6.1.aar (androidx.appcompat:appcompat-resources:1.6.1) with JetifyTransform
Transforming appcompat-resources-1.6.1.aar (androidx.appcompat:appcompat-resources:1.6.1) with ExtractAarTransform
Transforming appcompat-resources-1.6.1.aar (androidx.appcompat:appcompat-resources:1.6.1) with AarTransform
Transforming appcompat-1.6.1.aar (androidx.appcompat:appcompat:1.6.1) with JetifyTransform
Transforming appcompat-1.6.1.aar (androidx.appcompat:appcompat:1.6.1) with ExtractAarTransform
Transforming appcompat-1.6.1.aar (androidx.appcompat:appcompat:1.6.1) with AarTransform
Transforming play-services-ads-23.0.0.aar (com.google.android.gms:play-services-ads:23.0.0) with JetifyTransform
Transforming play-services-ads-23.0.0.aar (com.google.android.gms:play-services-ads:23.0.0) with ExtractAarTransform
Transforming play-services-ads-23.0.0.aar (com.google.android.gms:play-services-ads:23.0.0) with AarTransform
Transforming viewpager2-1.0.0.aar (androidx.viewpager2:viewpager2:1.0.0) with JetifyTransform
Transforming viewpager2-1.0.0.aar (androidx.viewpager2:viewpager2:1.0.0) with ExtractAarTransform
Transforming viewpager2-1.0.0.aar (androidx.viewpager2:viewpager2:1.0.0) with AarTransform
Transforming play-services-ads-lite-23.0.0.aar (com.google.android.gms:play-services-ads-lite:23.0.0) with JetifyTransform
Transforming play-services-ads-lite-23.0.0.aar (com.google.android.gms:play-services-ads-lite:23.0.0) with ExtractAarTransform
Transforming play-services-ads-lite-23.0.0.aar (com.google.android.gms:play-services-ads-lite:23.0.0) with AarTransform
Transforming play-services-ads-base-23.0.0.aar (com.google.android.gms:play-services-ads-base:23.0.0) with JetifyTransform
Transforming play-services-ads-base-23.0.0.aar (com.google.android.gms:play-services-ads-base:23.0.0) with ExtractAarTransform
Transforming play-services-ads-base-23.0.0.aar (com.google.android.gms:play-services-ads-base:23.0.0) with AarTransform
Transforming play-services-ads-base-23.0.0.aar (com.google.android.gms:play-services-ads-base:23.0.0) with JetifyTransform
Transforming play-services-ads-base-23.0.0.aar (com.google.android.gms:play-services-ads-base:23.0.0) with ExtractAarTransform
Transforming play-services-ads-base-23.0.0.aar (com.google.android.gms:play-services-ads-base:23.0.0) with AarTransform
Transforming play-services-ads-identifier-18.0.0.aar (com.google.android.gms:play-services-ads-identifier:18.0.0) with JetifyTransform
Transforming play-services-ads-identifier-18.0.0.aar (com.google.android.gms:play-services-ads-identifier:18.0.0) with ExtractAarTransform
Transforming play-services-ads-identifier-18.0.0.aar (com.google.android.gms:play-services-ads-identifier:18.0.0) with AarTransform
Transforming play-services-appset-16.0.1.aar (com.google.android.gms:play-services-appset:16.0.1) with JetifyTransform
Transforming play-services-appset-16.0.1.aar (com.google.android.gms:play-services-appset:16.0.1) with ExtractAarTransform
Transforming play-services-appset-16.0.1.aar (com.google.android.gms:play-services-appset:16.0.1) with AarTransform
Transforming play-services-base-18.0.0.aar (com.google.android.gms:play-services-base:18.0.0) with JetifyTransform
Transforming play-services-base-18.0.0.aar (com.google.android.gms:play-services-base:18.0.0) with ExtractAarTransform
Transforming play-services-base-18.0.0.aar (com.google.android.gms:play-services-base:18.0.0) with AarTransform
Transforming play-services-tasks-18.0.1.aar (com.google.android.gms:play-services-tasks:18.0.1) with JetifyTransform
Transforming play-services-tasks-18.0.1.aar (com.google.android.gms:play-services-tasks:18.0.1) with ExtractAarTransform
Transforming play-services-tasks-18.0.1.aar (com.google.android.gms:play-services-tasks:18.0.1) with AarTransform
Transforming play-services-tasks-18.0.1.aar (com.google.android.gms:play-services-tasks:18.0.1) with JetifyTransform
Transforming play-services-tasks-18.0.1.aar (com.google.android.gms:play-services-tasks:18.0.1) with ExtractAarTransform
Transforming play-services-tasks-18.0.1.aar (com.google.android.gms:play-services-tasks:18.0.1) with AarTransform
Transforming play-services-tasks-18.0.1.aar (com.google.android.gms:play-services-tasks:18.0.1) with JetifyTransform
Transforming play-services-tasks-18.0.1.aar (com.google.android.gms:play-services-tasks:18.0.1) with ExtractAarTransform
Transforming play-services-tasks-18.0.1.aar (com.google.android.gms:play-services-tasks:18.0.1) with AarTransform
Transforming play-services-measurement-sdk-api-20.1.2.aar (com.google.android.gms:play-services-measurement-sdk-api:20.1.2) with JetifyTransform
Transforming play-services-measurement-sdk-api-20.1.2.aar (com.google.android.gms:play-services-measurement-sdk-api:20.1.2) with ExtractAarTransform
Transforming play-services-measurement-sdk-api-20.1.2.aar (com.google.android.gms:play-services-measurement-sdk-api:20.1.2) with AarTransform
Transforming user-messaging-platform-2.2.0.aar (com.google.android.ump:user-messaging-platform:2.2.0) with JetifyTransform
Transforming user-messaging-platform-2.2.0.aar (com.google.android.ump:user-messaging-platform:2.2.0) with ExtractAarTransform
Transforming user-messaging-platform-2.2.0.aar (com.google.android.ump:user-messaging-platform:2.2.0) with AarTransform
Transforming play-services-measurement-base-20.1.2.aar (com.google.android.gms:play-services-measurement-base:20.1.2) with JetifyTransform
Transforming play-services-measurement-base-20.1.2.aar (com.google.android.gms:play-services-measurement-base:20.1.2) with ExtractAarTransform
Transforming play-services-measurement-base-20.1.2.aar (com.google.android.gms:play-services-measurement-base:20.1.2) with AarTransform
Transforming play-services-basement-18.2.0.aar (com.google.android.gms:play-services-basement:18.2.0) with JetifyTransform
Transforming play-services-basement-18.2.0.aar (com.google.android.gms:play-services-basement:18.2.0) with ExtractAarTransform
Transforming play-services-basement-18.2.0.aar (com.google.android.gms:play-services-basement:18.2.0) with AarTransform
Transforming play-services-basement-18.2.0.aar (com.google.android.gms:play-services-basement:18.2.0) with JetifyTransform
Transforming play-services-basement-18.2.0.aar (com.google.android.gms:play-services-basement:18.2.0) with ExtractAarTransform
Transforming play-services-basement-18.2.0.aar (com.google.android.gms:play-services-basement:18.2.0) with AarTransform
Transforming play-services-basement-18.2.0.aar (com.google.android.gms:play-services-basement:18.2.0) with JetifyTransform
Transforming play-services-basement-18.2.0.aar (com.google.android.gms:play-services-basement:18.2.0) with ExtractAarTransform
Transforming play-services-basement-18.2.0.aar (com.google.android.gms:play-services-basement:18.2.0) with AarTransform
Transforming play-services-basement-18.2.0.aar (com.google.android.gms:play-services-basement:18.2.0) with JetifyTransform
Transforming play-services-basement-18.2.0.aar (com.google.android.gms:play-services-basement:18.2.0) with ExtractAarTransform
Transforming play-services-basement-18.2.0.aar (com.google.android.gms:play-services-basement:18.2.0) with AarTransform
Transforming play-services-basement-18.2.0.aar (com.google.android.gms:play-services-basement:18.2.0) with JetifyTransform
Transforming play-services-basement-18.2.0.aar (com.google.android.gms:play-services-basement:18.2.0) with ExtractAarTransform
Transforming play-services-basement-18.2.0.aar (com.google.android.gms:play-services-basement:18.2.0) with AarTransform
Transforming play-services-basement-18.2.0.aar (com.google.android.gms:play-services-basement:18.2.0) with JetifyTransform
Transforming play-services-basement-18.2.0.aar (com.google.android.gms:play-services-basement:18.2.0) with ExtractAarTransform
Transforming play-services-basement-18.2.0.aar (com.google.android.gms:play-services-basement:18.2.0) with AarTransform
Transforming play-services-basement-18.2.0.aar (com.google.android.gms:play-services-basement:18.2.0) with JetifyTransform
Transforming play-services-basement-18.2.0.aar (com.google.android.gms:play-services-basement:18.2.0) with ExtractAarTransform
Transforming play-services-basement-18.2.0.aar (com.google.android.gms:play-services-basement:18.2.0) with AarTransform
Transforming play-services-basement-18.2.0.aar (com.google.android.gms:play-services-basement:18.2.0) with JetifyTransform
Transforming play-services-basement-18.2.0.aar (com.google.android.gms:play-services-basement:18.2.0) with ExtractAarTransform
Transforming play-services-basement-18.2.0.aar (com.google.android.gms:play-services-basement:18.2.0) with AarTransform
Transforming play-services-basement-18.2.0.aar (com.google.android.gms:play-services-basement:18.2.0) with JetifyTransform
Transforming play-services-basement-18.2.0.aar (com.google.android.gms:play-services-basement:18.2.0) with ExtractAarTransform
Transforming play-services-basement-18.2.0.aar (com.google.android.gms:play-services-basement:18.2.0) with AarTransform
Transforming play-services-basement-18.2.0.aar (com.google.android.gms:play-services-basement:18.2.0) with JetifyTransform
Transforming play-services-basement-18.2.0.aar (com.google.android.gms:play-services-basement:18.2.0) with ExtractAarTransform
Transforming play-services-basement-18.2.0.aar (com.google.android.gms:play-services-basement:18.2.0) with AarTransform
Transforming fragment-1.3.6.aar (androidx.fragment:fragment:1.3.6) with JetifyTransform
Transforming fragment-1.3.6.aar (androidx.fragment:fragment:1.3.6) with ExtractAarTransform
Transforming fragment-1.3.6.aar (androidx.fragment:fragment:1.3.6) with AarTransform
Transforming fragment-1.3.6.aar (androidx.fragment:fragment:1.3.6) with JetifyTransform
Transforming fragment-1.3.6.aar (androidx.fragment:fragment:1.3.6) with ExtractAarTransform
Transforming fragment-1.3.6.aar (androidx.fragment:fragment:1.3.6) with AarTransform
Transforming fragment-1.3.6.aar (androidx.fragment:fragment:1.3.6) with JetifyTransform
Transforming fragment-1.3.6.aar (androidx.fragment:fragment:1.3.6) with ExtractAarTransform
Transforming fragment-1.3.6.aar (androidx.fragment:fragment:1.3.6) with AarTransform
Transforming fragment-1.3.6.aar (androidx.fragment:fragment:1.3.6) with JetifyTransform
Transforming fragment-1.3.6.aar (androidx.fragment:fragment:1.3.6) with ExtractAarTransform
Transforming fragment-1.3.6.aar (androidx.fragment:fragment:1.3.6) with AarTransform
Transforming activity-1.8.0.aar (androidx.activity:activity:1.8.0) with JetifyTransform
Transforming activity-1.8.0.aar (androidx.activity:activity:1.8.0) with ExtractAarTransform
Transforming activity-1.8.0.aar (androidx.activity:activity:1.8.0) with AarTransform
Transforming emoji2-views-helper-1.2.0.aar (androidx.emoji2:emoji2-views-helper:1.2.0) with JetifyTransform
Transforming emoji2-views-helper-1.2.0.aar (androidx.emoji2:emoji2-views-helper:1.2.0) with ExtractAarTransform
Transforming emoji2-views-helper-1.2.0.aar (androidx.emoji2:emoji2-views-helper:1.2.0) with AarTransform
Transforming emoji2-1.2.0.aar (androidx.emoji2:emoji2:1.2.0) with JetifyTransform
Transforming emoji2-1.2.0.aar (androidx.emoji2:emoji2:1.2.0) with ExtractAarTransform
Transforming emoji2-1.2.0.aar (androidx.emoji2:emoji2:1.2.0) with AarTransform
Transforming drawerlayout-1.1.1.aar (androidx.drawerlayout:drawerlayout:1.1.1) with JetifyTransform
Transforming drawerlayout-1.1.1.aar (androidx.drawerlayout:drawerlayout:1.1.1) with ExtractAarTransform
Transforming drawerlayout-1.1.1.aar (androidx.drawerlayout:drawerlayout:1.1.1) with AarTransform
Transforming coordinatorlayout-1.1.0.aar (androidx.coordinatorlayout:coordinatorlayout:1.1.0) with JetifyTransform
Transforming coordinatorlayout-1.1.0.aar (androidx.coordinatorlayout:coordinatorlayout:1.1.0) with ExtractAarTransform
Transforming coordinatorlayout-1.1.0.aar (androidx.coordinatorlayout:coordinatorlayout:1.1.0) with AarTransform
Transforming dynamicanimation-1.0.0.aar (androidx.dynamicanimation:dynamicanimation:1.0.0) with JetifyTransform
Transforming dynamicanimation-1.0.0.aar (androidx.dynamicanimation:dynamicanimation:1.0.0) with ExtractAarTransform
Transforming dynamicanimation-1.0.0.aar (androidx.dynamicanimation:dynamicanimation:1.0.0) with AarTransform
Transforming transition-1.2.0.aar (androidx.transition:transition:1.2.0) with JetifyTransform
Transforming transition-1.2.0.aar (androidx.transition:transition:1.2.0) with ExtractAarTransform
Transforming transition-1.2.0.aar (androidx.transition:transition:1.2.0) with AarTransform
Transforming vectordrawable-animated-1.1.0.aar (androidx.vectordrawable:vectordrawable-animated:1.1.0) with JetifyTransform
Transforming vectordrawable-animated-1.1.0.aar (androidx.vectordrawable:vectordrawable-animated:1.1.0) with ExtractAarTransform
Transforming vectordrawable-animated-1.1.0.aar (androidx.vectordrawable:vectordrawable-animated:1.1.0) with AarTransform
Transforming vectordrawable-1.1.0.aar (androidx.vectordrawable:vectordrawable:1.1.0) with JetifyTransform
Transforming vectordrawable-1.1.0.aar (androidx.vectordrawable:vectordrawable:1.1.0) with ExtractAarTransform
Transforming vectordrawable-1.1.0.aar (androidx.vectordrawable:vectordrawable:1.1.0) with AarTransform
Transforming vectordrawable-1.1.0.aar (androidx.vectordrawable:vectordrawable:1.1.0) with JetifyTransform
Transforming vectordrawable-1.1.0.aar (androidx.vectordrawable:vectordrawable:1.1.0) with ExtractAarTransform
Transforming vectordrawable-1.1.0.aar (androidx.vectordrawable:vectordrawable:1.1.0) with AarTransform
Transforming browser-1.4.0.aar (androidx.browser:browser:1.4.0) with JetifyTransform
Transforming browser-1.4.0.aar (androidx.browser:browser:1.4.0) with ExtractAarTransform
Transforming browser-1.4.0.aar (androidx.browser:browser:1.4.0) with AarTransform
Transforming ads-adservices-java-1.0.0-beta05.aar (androidx.privacysandbox.ads:ads-adservices-java:1.0.0-beta05) with JetifyTransform
Transforming ads-adservices-java-1.0.0-beta05.aar (androidx.privacysandbox.ads:ads-adservices-java:1.0.0-beta05) with ExtractAarTransform
Transforming ads-adservices-java-1.0.0-beta05.aar (androidx.privacysandbox.ads:ads-adservices-java:1.0.0-beta05) with AarTransform
Transforming ads-adservices-1.0.0-beta05.aar (androidx.privacysandbox.ads:ads-adservices:1.0.0-beta05) with JetifyTransform
Transforming ads-adservices-1.0.0-beta05.aar (androidx.privacysandbox.ads:ads-adservices:1.0.0-beta05) with ExtractAarTransform
Transforming ads-adservices-1.0.0-beta05.aar (androidx.privacysandbox.ads:ads-adservices:1.0.0-beta05) with AarTransform
Transforming ads-adservices-1.0.0-beta05.aar (androidx.privacysandbox.ads:ads-adservices:1.0.0-beta05) with JetifyTransform
Transforming ads-adservices-1.0.0-beta05.aar (androidx.privacysandbox.ads:ads-adservices:1.0.0-beta05) with ExtractAarTransform
Transforming ads-adservices-1.0.0-beta05.aar (androidx.privacysandbox.ads:ads-adservices:1.0.0-beta05) with AarTransform
Transforming legacy-support-core-utils-1.0.0.aar (androidx.legacy:legacy-support-core-utils:1.0.0) with JetifyTransform
Transforming legacy-support-core-utils-1.0.0.aar (androidx.legacy:legacy-support-core-utils:1.0.0) with ExtractAarTransform
Transforming legacy-support-core-utils-1.0.0.aar (androidx.legacy:legacy-support-core-utils:1.0.0) with AarTransform
Transforming loader-1.0.0.aar (androidx.loader:loader:1.0.0) with JetifyTransform
Transforming loader-1.0.0.aar (androidx.loader:loader:1.0.0) with ExtractAarTransform
Transforming loader-1.0.0.aar (androidx.loader:loader:1.0.0) with AarTransform
Transforming loader-1.0.0.aar (androidx.loader:loader:1.0.0) with JetifyTransform
Transforming loader-1.0.0.aar (androidx.loader:loader:1.0.0) with ExtractAarTransform
Transforming loader-1.0.0.aar (androidx.loader:loader:1.0.0) with AarTransform
Transforming savedstate-1.2.1.aar (androidx.savedstate:savedstate:1.2.1) with JetifyTransform
Transforming savedstate-1.2.1.aar (androidx.savedstate:savedstate:1.2.1) with ExtractAarTransform
Transforming savedstate-1.2.1.aar (androidx.savedstate:savedstate:1.2.1) with AarTransform
Transforming work-runtime-2.7.0.aar (androidx.work:work-runtime:2.7.0) with JetifyTransform
Transforming work-runtime-2.7.0.aar (androidx.work:work-runtime:2.7.0) with ExtractAarTransform
Transforming work-runtime-2.7.0.aar (androidx.work:work-runtime:2.7.0) with AarTransform
Transforming lifecycle-service-2.6.1.aar (androidx.lifecycle:lifecycle-service:2.6.1) with JetifyTransform
Transforming lifecycle-service-2.6.1.aar (androidx.lifecycle:lifecycle-service:2.6.1) with ExtractAarTransform
Transforming lifecycle-service-2.6.1.aar (androidx.lifecycle:lifecycle-service:2.6.1) with AarTransform
Transforming lifecycle-process-2.6.1.aar (androidx.lifecycle:lifecycle-process:2.6.1) with JetifyTransform
Transforming lifecycle-process-2.6.1.aar (androidx.lifecycle:lifecycle-process:2.6.1) with ExtractAarTransform
Transforming lifecycle-process-2.6.1.aar (androidx.lifecycle:lifecycle-process:2.6.1) with AarTransform
Transforming lifecycle-livedata-core-2.6.1.aar (androidx.lifecycle:lifecycle-livedata-core:2.6.1) with JetifyTransform
Transforming lifecycle-livedata-core-2.6.1.aar (androidx.lifecycle:lifecycle-livedata-core:2.6.1) with ExtractAarTransform
Transforming lifecycle-livedata-core-2.6.1.aar (androidx.lifecycle:lifecycle-livedata-core:2.6.1) with AarTransform
Transforming lifecycle-livedata-2.6.1.aar (androidx.lifecycle:lifecycle-livedata:2.6.1) with JetifyTransform
Transforming lifecycle-livedata-2.6.1.aar (androidx.lifecycle:lifecycle-livedata:2.6.1) with ExtractAarTransform
Transforming lifecycle-livedata-2.6.1.aar (androidx.lifecycle:lifecycle-livedata:2.6.1) with AarTransform
Transforming lifecycle-livedata-2.6.1.aar (androidx.lifecycle:lifecycle-livedata:2.6.1) with JetifyTransform
Transforming lifecycle-livedata-2.6.1.aar (androidx.lifecycle:lifecycle-livedata:2.6.1) with ExtractAarTransform
Transforming lifecycle-livedata-2.6.1.aar (androidx.lifecycle:lifecycle-livedata:2.6.1) with AarTransform
Transforming lifecycle-viewmodel-2.6.1.aar (androidx.lifecycle:lifecycle-viewmodel:2.6.1) with JetifyTransform
Transforming lifecycle-viewmodel-2.6.1.aar (androidx.lifecycle:lifecycle-viewmodel:2.6.1) with ExtractAarTransform
Transforming lifecycle-viewmodel-2.6.1.aar (androidx.lifecycle:lifecycle-viewmodel:2.6.1) with AarTransform
Transforming lifecycle-viewmodel-2.6.1.aar (androidx.lifecycle:lifecycle-viewmodel:2.6.1) with JetifyTransform
Transforming lifecycle-viewmodel-2.6.1.aar (androidx.lifecycle:lifecycle-viewmodel:2.6.1) with ExtractAarTransform
Transforming lifecycle-viewmodel-2.6.1.aar (androidx.lifecycle:lifecycle-viewmodel:2.6.1) with AarTransform
Transforming lifecycle-runtime-2.6.1.aar (androidx.lifecycle:lifecycle-runtime:2.6.1) with JetifyTransform
Transforming lifecycle-runtime-2.6.1.aar (androidx.lifecycle:lifecycle-runtime:2.6.1) with ExtractAarTransform
Transforming lifecycle-runtime-2.6.1.aar (androidx.lifecycle:lifecycle-runtime:2.6.1) with AarTransform
Transforming lifecycle-viewmodel-savedstate-2.6.1.aar (androidx.lifecycle:lifecycle-viewmodel-savedstate:2.6.1) with JetifyTransform
Transforming lifecycle-viewmodel-savedstate-2.6.1.aar (androidx.lifecycle:lifecycle-viewmodel-savedstate:2.6.1) with ExtractAarTransform
Transforming lifecycle-viewmodel-savedstate-2.6.1.aar (androidx.lifecycle:lifecycle-viewmodel-savedstate:2.6.1) with AarTransform
Transforming core-ktx-1.9.0.aar (androidx.core:core-ktx:1.9.0) with JetifyTransform
Transforming core-ktx-1.9.0.aar (androidx.core:core-ktx:1.9.0) with ExtractAarTransform
Transforming core-ktx-1.9.0.aar (androidx.core:core-ktx:1.9.0) with AarTransform
Transforming viewpager-1.0.0.aar (androidx.viewpager:viewpager:1.0.0) with JetifyTransform
Transforming viewpager-1.0.0.aar (androidx.viewpager:viewpager:1.0.0) with ExtractAarTransform
Transforming viewpager-1.0.0.aar (androidx.viewpager:viewpager:1.0.0) with AarTransform
Transforming recyclerview-1.1.0.aar (androidx.recyclerview:recyclerview:1.1.0) with JetifyTransform
Transforming recyclerview-1.1.0.aar (androidx.recyclerview:recyclerview:1.1.0) with ExtractAarTransform
Transforming recyclerview-1.1.0.aar (androidx.recyclerview:recyclerview:1.1.0) with AarTransform
Transforming recyclerview-1.1.0.aar (androidx.recyclerview:recyclerview:1.1.0) with JetifyTransform
Transforming recyclerview-1.1.0.aar (androidx.recyclerview:recyclerview:1.1.0) with ExtractAarTransform
Transforming recyclerview-1.1.0.aar (androidx.recyclerview:recyclerview:1.1.0) with AarTransform
Transforming customview-1.1.0.aar (androidx.customview:customview:1.1.0) with JetifyTransform
Transforming customview-1.1.0.aar (androidx.customview:customview:1.1.0) with ExtractAarTransform
Transforming customview-1.1.0.aar (androidx.customview:customview:1.1.0) with AarTransform
Transforming customview-1.1.0.aar (androidx.customview:customview:1.1.0) with JetifyTransform
Transforming customview-1.1.0.aar (androidx.customview:customview:1.1.0) with ExtractAarTransform
Transforming customview-1.1.0.aar (androidx.customview:customview:1.1.0) with AarTransform
Transforming customview-1.1.0.aar (androidx.customview:customview:1.1.0) with JetifyTransform
Transforming customview-1.1.0.aar (androidx.customview:customview:1.1.0) with ExtractAarTransform
Transforming customview-1.1.0.aar (androidx.customview:customview:1.1.0) with AarTransform
Transforming customview-1.1.0.aar (androidx.customview:customview:1.1.0) with JetifyTransform
Transforming customview-1.1.0.aar (androidx.customview:customview:1.1.0) with ExtractAarTransform
Transforming customview-1.1.0.aar (androidx.customview:customview:1.1.0) with AarTransform
Transforming core-1.9.0.aar (androidx.core:core:1.9.0) with JetifyTransform
Transforming core-1.9.0.aar (androidx.core:core:1.9.0) with ExtractAarTransform
Transforming core-1.9.0.aar (androidx.core:core:1.9.0) with AarTransform
Transforming core-1.9.0.aar (androidx.core:core:1.9.0) with JetifyTransform
Transforming core-1.9.0.aar (androidx.core:core:1.9.0) with ExtractAarTransform
Transforming core-1.9.0.aar (androidx.core:core:1.9.0) with AarTransform
Transforming core-1.9.0.aar (androidx.core:core:1.9.0) with JetifyTransform
Transforming core-1.9.0.aar (androidx.core:core:1.9.0) with ExtractAarTransform
Transforming core-1.9.0.aar (androidx.core:core:1.9.0) with AarTransform
Transforming core-1.9.0.aar (androidx.core:core:1.9.0) with JetifyTransform
Transforming core-1.9.0.aar (androidx.core:core:1.9.0) with ExtractAarTransform
Transforming core-1.9.0.aar (androidx.core:core:1.9.0) with AarTransform
Transforming core-1.9.0.aar (androidx.core:core:1.9.0) with JetifyTransform
Transforming core-1.9.0.aar (androidx.core:core:1.9.0) with ExtractAarTransform
Transforming core-1.9.0.aar (androidx.core:core:1.9.0) with AarTransform
Transforming core-1.9.0.aar (androidx.core:core:1.9.0) with JetifyTransform
Transforming core-1.9.0.aar (androidx.core:core:1.9.0) with ExtractAarTransform
Transforming core-1.9.0.aar (androidx.core:core:1.9.0) with AarTransform
Transforming core-1.9.0.aar (androidx.core:core:1.9.0) with JetifyTransform
Transforming core-1.9.0.aar (androidx.core:core:1.9.0) with ExtractAarTransform
Transforming core-1.9.0.aar (androidx.core:core:1.9.0) with AarTransform
Transforming core-1.9.0.aar (androidx.core:core:1.9.0) with JetifyTransform
Transforming core-1.9.0.aar (androidx.core:core:1.9.0) with ExtractAarTransform
Transforming core-1.9.0.aar (androidx.core:core:1.9.0) with AarTransform
Transforming core-1.9.0.aar (androidx.core:core:1.9.0) with JetifyTransform
Transforming core-1.9.0.aar (androidx.core:core:1.9.0) with ExtractAarTransform
Transforming core-1.9.0.aar (androidx.core:core:1.9.0) with AarTransform
Transforming core-1.9.0.aar (androidx.core:core:1.9.0) with JetifyTransform
Transforming core-1.9.0.aar (androidx.core:core:1.9.0) with ExtractAarTransform
Transforming core-1.9.0.aar (androidx.core:core:1.9.0) with AarTransform
Transforming core-1.9.0.aar (androidx.core:core:1.9.0) with JetifyTransform
Transforming core-1.9.0.aar (androidx.core:core:1.9.0) with ExtractAarTransform
Transforming core-1.9.0.aar (androidx.core:core:1.9.0) with AarTransform
Transforming core-1.9.0.aar (androidx.core:core:1.9.0) with JetifyTransform
Transforming core-1.9.0.aar (androidx.core:core:1.9.0) with ExtractAarTransform
Transforming core-1.9.0.aar (androidx.core:core:1.9.0) with AarTransform
Transforming core-1.9.0.aar (androidx.core:core:1.9.0) with JetifyTransform
Transforming core-1.9.0.aar (androidx.core:core:1.9.0) with ExtractAarTransform
Transforming core-1.9.0.aar (androidx.core:core:1.9.0) with AarTransform
Transforming core-1.9.0.aar (androidx.core:core:1.9.0) with JetifyTransform
Transforming core-1.9.0.aar (androidx.core:core:1.9.0) with ExtractAarTransform
Transforming core-1.9.0.aar (androidx.core:core:1.9.0) with AarTransform
Transforming core-1.9.0.aar (androidx.core:core:1.9.0) with JetifyTransform
Transforming core-1.9.0.aar (androidx.core:core:1.9.0) with ExtractAarTransform
Transforming core-1.9.0.aar (androidx.core:core:1.9.0) with AarTransform
Transforming cursoradapter-1.0.0.aar (androidx.cursoradapter:cursoradapter:1.0.0) with JetifyTransform
Transforming cursoradapter-1.0.0.aar (androidx.cursoradapter:cursoradapter:1.0.0) with ExtractAarTransform
Transforming cursoradapter-1.0.0.aar (androidx.cursoradapter:cursoradapter:1.0.0) with AarTransform
Transforming cardview-1.0.0.aar (androidx.cardview:cardview:1.0.0) with JetifyTransform
Transforming cardview-1.0.0.aar (androidx.cardview:cardview:1.0.0) with ExtractAarTransform
Transforming cardview-1.0.0.aar (androidx.cardview:cardview:1.0.0) with AarTransform
Transforming versionedparcelable-1.1.1.aar (androidx.versionedparcelable:versionedparcelable:1.1.1) with JetifyTransform
Transforming versionedparcelable-1.1.1.aar (androidx.versionedparcelable:versionedparcelable:1.1.1) with ExtractAarTransform
Transforming versionedparcelable-1.1.1.aar (androidx.versionedparcelable:versionedparcelable:1.1.1) with AarTransform
Transforming profileinstaller-1.3.0.aar (androidx.profileinstaller:profileinstaller:1.3.0) with JetifyTransform
Transforming profileinstaller-1.3.0.aar (androidx.profileinstaller:profileinstaller:1.3.0) with ExtractAarTransform
Transforming profileinstaller-1.3.0.aar (androidx.profileinstaller:profileinstaller:1.3.0) with AarTransform
Transforming startup-runtime-1.1.1.aar (androidx.startup:startup-runtime:1.1.1) with JetifyTransform
Transforming startup-runtime-1.1.1.aar (androidx.startup:startup-runtime:1.1.1) with ExtractAarTransform
Transforming startup-runtime-1.1.1.aar (androidx.startup:startup-runtime:1.1.1) with AarTransform
Transforming tracing-1.0.0.aar (androidx.tracing:tracing:1.0.0) with JetifyTransform
Transforming tracing-1.0.0.aar (androidx.tracing:tracing:1.0.0) with ExtractAarTransform
Transforming tracing-1.0.0.aar (androidx.tracing:tracing:1.0.0) with AarTransform
Transforming interpolator-1.0.0.aar (androidx.interpolator:interpolator:1.0.0) with JetifyTransform
Transforming interpolator-1.0.0.aar (androidx.interpolator:interpolator:1.0.0) with ExtractAarTransform
Transforming interpolator-1.0.0.aar (androidx.interpolator:interpolator:1.0.0) with AarTransform
Transforming interpolator-1.0.0.aar (androidx.interpolator:interpolator:1.0.0) with JetifyTransform
Transforming interpolator-1.0.0.aar (androidx.interpolator:interpolator:1.0.0) with ExtractAarTransform
Transforming interpolator-1.0.0.aar (androidx.interpolator:interpolator:1.0.0) with AarTransform
Transforming room-runtime-2.2.5.aar (androidx.room:room-runtime:2.2.5) with JetifyTransform
Transforming room-runtime-2.2.5.aar (androidx.room:room-runtime:2.2.5) with ExtractAarTransform
Transforming room-runtime-2.2.5.aar (androidx.room:room-runtime:2.2.5) with AarTransform
Transforming core-runtime-2.2.0.aar (androidx.arch.core:core-runtime:2.2.0) with JetifyTransform
Transforming core-runtime-2.2.0.aar (androidx.arch.core:core-runtime:2.2.0) with ExtractAarTransform
Transforming core-runtime-2.2.0.aar (androidx.arch.core:core-runtime:2.2.0) with AarTransform
Transforming core-runtime-2.2.0.aar (androidx.arch.core:core-runtime:2.2.0) with JetifyTransform
Transforming core-runtime-2.2.0.aar (androidx.arch.core:core-runtime:2.2.0) with ExtractAarTransform
Transforming core-runtime-2.2.0.aar (androidx.arch.core:core-runtime:2.2.0) with AarTransform
Transforming documentfile-1.0.0.aar (androidx.documentfile:documentfile:1.0.0) with JetifyTransform
Transforming documentfile-1.0.0.aar (androidx.documentfile:documentfile:1.0.0) with ExtractAarTransform
Transforming documentfile-1.0.0.aar (androidx.documentfile:documentfile:1.0.0) with AarTransform
Transforming localbroadcastmanager-1.0.0.aar (androidx.localbroadcastmanager:localbroadcastmanager:1.0.0) with JetifyTransform
Transforming localbroadcastmanager-1.0.0.aar (androidx.localbroadcastmanager:localbroadcastmanager:1.0.0) with ExtractAarTransform
Transforming localbroadcastmanager-1.0.0.aar (androidx.localbroadcastmanager:localbroadcastmanager:1.0.0) with AarTransform
Transforming print-1.0.0.aar (androidx.print:print:1.0.0) with JetifyTransform
Transforming print-1.0.0.aar (androidx.print:print:1.0.0) with ExtractAarTransform
Transforming print-1.0.0.aar (androidx.print:print:1.0.0) with AarTransform
Transforming sqlite-framework-2.1.0.aar (androidx.sqlite:sqlite-framework:2.1.0) with JetifyTransform
Transforming sqlite-framework-2.1.0.aar (androidx.sqlite:sqlite-framework:2.1.0) with ExtractAarTransform
Transforming sqlite-framework-2.1.0.aar (androidx.sqlite:sqlite-framework:2.1.0) with AarTransform
Transforming sqlite-framework-2.1.0.aar (androidx.sqlite:sqlite-framework:2.1.0) with JetifyTransform
Transforming sqlite-framework-2.1.0.aar (androidx.sqlite:sqlite-framework:2.1.0) with ExtractAarTransform
Transforming sqlite-framework-2.1.0.aar (androidx.sqlite:sqlite-framework:2.1.0) with AarTransform
Transforming sqlite-2.1.0.aar (androidx.sqlite:sqlite:2.1.0) with JetifyTransform
Transforming sqlite-2.1.0.aar (androidx.sqlite:sqlite:2.1.0) with ExtractAarTransform
Transforming sqlite-2.1.0.aar (androidx.sqlite:sqlite:2.1.0) with AarTransform
Transforming sqlite-2.1.0.aar (androidx.sqlite:sqlite:2.1.0) with JetifyTransform
Transforming sqlite-2.1.0.aar (androidx.sqlite:sqlite:2.1.0) with ExtractAarTransform
Transforming sqlite-2.1.0.aar (androidx.sqlite:sqlite:2.1.0) with AarTransform
Transforming sqlite-2.1.0.aar (androidx.sqlite:sqlite:2.1.0) with JetifyTransform
Transforming sqlite-2.1.0.aar (androidx.sqlite:sqlite:2.1.0) with ExtractAarTransform
Transforming sqlite-2.1.0.aar (androidx.sqlite:sqlite:2.1.0) with AarTransform
Transforming annotation-experimental-1.3.0.aar (androidx.annotation:annotation-experimental:1.3.0) with JetifyTransform
Transforming annotation-experimental-1.3.0.aar (androidx.annotation:annotation-experimental:1.3.0) with ExtractAarTransform
Transforming annotation-experimental-1.3.0.aar (androidx.annotation:annotation-experimental:1.3.0) with AarTransform
Caching disabled for AarTransform: /home/runner/.gradle/caches/transforms-4/6b233d9d4aa0ec43b2691cc95d25ea95/transformed/constraintlayout-2.1.4 because:
  Build cache is disabled
  Caching not enabled.
Caching disabled for AarTransform: /home/runner/.gradle/caches/transforms-4/c4f2e3883abe60a273e37b3691e88737/transformed/jetified-appcompat-resources-1.6.1 because:
  Build cache is disabled
  Caching not enabled.
Caching disabled for AarTransform: /home/runner/.gradle/caches/transforms-4/518aff9b5455e450b373c9594763223e/transformed/material-1.11.0 because:
  Build cache is disabled
  Caching not enabled.
Caching disabled for AarTransform: /home/runner/.gradle/caches/transforms-4/d6a07215b0622a7ec0f1d4225111002c/transformed/jetified-play-services-ads-23.0.0 because:
  Build cache is disabled
  Caching not enabled.
Caching disabled for AarTransform: /home/runner/.gradle/caches/transforms-4/d1932d554f56d59c3b98609b2f2eb215/transformed/jetified-viewpager2-1.0.0 because:
  Build cache is disabled
  Caching not enabled.
Caching disabled for AarTransform: /home/runner/.gradle/caches/transforms-4/bc020576218432ec790f99842ad6708e/transformed/appcompat-1.6.1 because:
  Build cache is disabled
  Caching not enabled.
Caching disabled for AarTransform: /home/runner/.gradle/caches/transforms-4/1e89a9ba8a98e0582213350c60ebb674/transformed/jetified-play-services-ads-base-23.0.0 because:
  Build cache is disabled
  Caching not enabled.
Caching disabled for AarTransform: /home/runner/.gradle/caches/transforms-4/8e8172878237a19cfa3191ce50fc7d47/transformed/jetified-play-services-ads-lite-23.0.0 because:
  Build cache is disabled
  Caching not enabled.
Caching disabled for AarTransform: /home/runner/.gradle/caches/transforms-4/fdccf8cf7a4c328a21043977d9c92127/transformed/jetified-play-services-appset-16.0.1 because:
  Build cache is disabled
  Caching not enabled.
Caching disabled for AarTransform: /home/runner/.gradle/caches/transforms-4/3b2df9711baab62844660af5472c5a9a/transformed/jetified-play-services-ads-identifier-18.0.0 because:
  Build cache is disabled
  Caching not enabled.
Caching disabled for AarTransform: /home/runner/.gradle/caches/transforms-4/833eb3204f2a72131b3b6024bca63ed6/transformed/jetified-play-services-tasks-18.0.1 because:
  Build cache is disabled
  Caching not enabled.
Caching disabled for AarTransform: /home/runner/.gradle/caches/transforms-4/190c578fcb01c4054eb6294c4d5f2a60/transformed/jetified-play-services-base-18.0.0 because:
  Build cache is disabled
  Caching not enabled.
Caching disabled for AarTransform: /home/runner/.gradle/caches/transforms-4/32cdc29e53342b5bc44f9b07c060e36f/transformed/jetified-play-services-measurement-sdk-api-20.1.2 because:
  Build cache is disabled
  Caching not enabled.
Caching disabled for AarTransform: /home/runner/.gradle/caches/transforms-4/5dd319d1cd6aae802f19f6822ddbae71/transformed/jetified-user-messaging-platform-2.2.0 because:
  Build cache is disabled
  Caching not enabled.
Caching disabled for AarTransform: /home/runner/.gradle/caches/transforms-4/afc90ac95833f93a5ffc817d2aaa7ff8/transformed/jetified-play-services-measurement-base-20.1.2 because:
  Build cache is disabled
  Caching not enabled.
Caching disabled for AarTransform: /home/runner/.gradle/caches/transforms-4/992cc2e6b3eb7d15bd787bf8106a67f1/transformed/jetified-play-services-basement-18.2.0 because:
  Build cache is disabled
  Caching not enabled.
Caching disabled for AarTransform: /home/runner/.gradle/caches/transforms-4/8e8d1b0f251ca760ec94bdb77fcbb2ed/transformed/fragment-1.3.6 because:
  Build cache is disabled
  Caching not enabled.
Caching disabled for AarTransform: /home/runner/.gradle/caches/transforms-4/211ed3e0ad39cd58d4a61399f5101c07/transformed/jetified-activity-1.8.0 because:
  Build cache is disabled
  Caching not enabled.
Caching disabled for AarTransform: /home/runner/.gradle/caches/transforms-4/7e85ef6ad7f3fc1c8fa61c648aff51b2/transformed/jetified-emoji2-views-helper-1.2.0 because:
  Build cache is disabled
  Caching not enabled.
Caching disabled for AarTransform: /home/runner/.gradle/caches/transforms-4/114c27a2e74e421f982e62217c92aef5/transformed/drawerlayout-1.1.1 because:
  Build cache is disabled
  Caching not enabled.
Caching disabled for AarTransform: /home/runner/.gradle/caches/transforms-4/1f92642ae243f896e0e65bfb826cd016/transformed/jetified-emoji2-1.2.0 because:
  Build cache is disabled
  Caching not enabled.
Caching disabled for AarTransform: /home/runner/.gradle/caches/transforms-4/178c9fea5f4e6f833e5b93aa8498b90b/transformed/dynamicanimation-1.0.0 because:
  Build cache is disabled
  Caching not enabled.
Caching disabled for AarTransform: /home/runner/.gradle/caches/transforms-4/19f43ab90e72438112ff231769719d7f/transformed/coordinatorlayout-1.1.0 because:
  Build cache is disabled
  Caching not enabled.
Caching disabled for AarTransform: /home/runner/.gradle/caches/transforms-4/823d342e6879f2990958d1ccf1fe337e/transformed/transition-1.2.0 because:
  Build cache is disabled
  Caching not enabled.
Caching disabled for AarTransform: /home/runner/.gradle/caches/transforms-4/5635b4e3caccc7898015d573f141920e/transformed/vectordrawable-animated-1.1.0 because:
  Build cache is disabled
  Caching not enabled.
Caching disabled for AarTransform: /home/runner/.gradle/caches/transforms-4/9db17f122ceeb1c3235a8f2ee9de2554/transformed/vectordrawable-1.1.0 because:
  Build cache is disabled
  Caching not enabled.
Caching disabled for AarTransform: /home/runner/.gradle/caches/transforms-4/e4e5c227d00ec63dea5d0f80e6077f9a/transformed/browser-1.4.0 because:
  Build cache is disabled
  Caching not enabled.
Caching disabled for AarTransform: /home/runner/.gradle/caches/transforms-4/c39534e1c010edaa2124cf387494ee9b/transformed/jetified-ads-adservices-java-1.0.0-beta05 because:
  Build cache is disabled
  Caching not enabled.
Caching disabled for AarTransform: /home/runner/.gradle/caches/transforms-4/5ae02b5e9975ca99250e0fc6a8bccec9/transformed/jetified-ads-adservices-1.0.0-beta05 because:
  Build cache is disabled
  Caching not enabled.
Caching disabled for AarTransform: /home/runner/.gradle/caches/transforms-4/1e0bea0431272f7726f6cba827f00e34/transformed/legacy-support-core-utils-1.0.0 because:
  Build cache is disabled
  Caching not enabled.
Caching disabled for AarTransform: /home/runner/.gradle/caches/transforms-4/abe256e93817ae42579a76f032cf7e52/transformed/loader-1.0.0 because:
  Build cache is disabled
  Caching not enabled.
Caching disabled for AarTransform: /home/runner/.gradle/caches/transforms-4/76c3db6aed5342d56bc60d71c8a33bee/transformed/jetified-savedstate-1.2.1 because:
  Build cache is disabled
  Caching not enabled.
Caching disabled for AarTransform: /home/runner/.gradle/caches/transforms-4/7c03877c3e730a1a5e8663cb30e2e3f8/transformed/work-runtime-2.7.0 because:
  Build cache is disabled
  Caching not enabled.
Caching disabled for AarTransform: /home/runner/.gradle/caches/transforms-4/8a607f1b84fb8c451d8a218d7ffb78f7/transformed/jetified-lifecycle-service-2.6.1 because:
  Build cache is disabled
  Caching not enabled.
Caching disabled for AarTransform: /home/runner/.gradle/caches/transforms-4/16319bfea425ccb34cdee45574e85a2f/transformed/jetified-lifecycle-process-2.6.1 because:
  Build cache is disabled
  Caching not enabled.
Caching disabled for AarTransform: /home/runner/.gradle/caches/transforms-4/0d380555147b80b51751cf6bd8828956/transformed/lifecycle-livedata-core-2.6.1 because:
  Build cache is disabled
  Caching not enabled.
Caching disabled for AarTransform: /home/runner/.gradle/caches/transforms-4/c8c32571d833eabb80ccffee3e7ed692/transformed/lifecycle-livedata-2.6.1 because:
  Build cache is disabled
  Caching not enabled.
Caching disabled for AarTransform: /home/runner/.gradle/caches/transforms-4/9695c95323afb568ed7a2515a5dd4616/transformed/lifecycle-viewmodel-2.6.1 because:
  Build cache is disabled
  Caching not enabled.
Caching disabled for AarTransform: /home/runner/.gradle/caches/transforms-4/8e325f3c132075b3ee88278ee43bab0f/transformed/lifecycle-runtime-2.6.1 because:
  Build cache is disabled
  Caching not enabled.
Caching disabled for AarTransform: /home/runner/.gradle/caches/transforms-4/f7cfe774256e602c47ade6cb5829c4b9/transformed/jetified-lifecycle-viewmodel-savedstate-2.6.1 because:
  Build cache is disabled
  Caching not enabled.
Caching disabled for AarTransform: /home/runner/.gradle/caches/transforms-4/5ad964eb79a7eb8d460aeb47b4b406ee/transformed/viewpager-1.0.0 because:
  Build cache is disabled
  Caching not enabled.
Caching disabled for AarTransform: /home/runner/.gradle/caches/transforms-4/12b2eb200dd9729fdcd574bbcff60573/transformed/jetified-core-ktx-1.9.0 because:
  Build cache is disabled
  Caching not enabled.
Caching disabled for AarTransform: /home/runner/.gradle/caches/transforms-4/5079bf911dfd33c4befcca28a5d6c504/transformed/recyclerview-1.1.0 because:
  Build cache is disabled
  Caching not enabled.
Caching disabled for AarTransform: /home/runner/.gradle/caches/transforms-4/78b04baaf55de87e556b64a231d9530f/transformed/customview-1.1.0 because:
  Build cache is disabled
  Caching not enabled.
Caching disabled for AarTransform: /home/runner/.gradle/caches/transforms-4/566acc714c8179f607f6e5bc825559b8/transformed/core-1.9.0 because:
  Build cache is disabled
  Caching not enabled.
Caching disabled for AarTransform: /home/runner/.gradle/caches/transforms-4/7f67fd2939603007d7594ca0530b8538/transformed/cursoradapter-1.0.0 because:
  Build cache is disabled
  Caching not enabled.
Caching disabled for AarTransform: /home/runner/.gradle/caches/transforms-4/93fe7cf6797acd1154e9f6965486953a/transformed/cardview-1.0.0 because:
  Build cache is disabled
  Caching not enabled.
Caching disabled for AarTransform: /home/runner/.gradle/caches/transforms-4/a60e7418488218a045b6ca3f229669f3/transformed/versionedparcelable-1.1.1 because:
  Build cache is disabled
  Caching not enabled.
Caching disabled for AarTransform: /home/runner/.gradle/caches/transforms-4/7f959c22d7eb474bdd492053f1b9be09/transformed/jetified-profileinstaller-1.3.0 because:
  Build cache is disabled
  Caching not enabled.
Caching disabled for AarTransform: /home/runner/.gradle/caches/transforms-4/81cba54d9898d4cfaa1906068ed54599/transformed/jetified-startup-runtime-1.1.1 because:
  Build cache is disabled
  Caching not enabled.
Caching disabled for AarTransform: /home/runner/.gradle/caches/transforms-4/b9a845a1d6fe9421139331cc4df6707a/transformed/jetified-tracing-1.0.0 because:
  Build cache is disabled
  Caching not enabled.
Caching disabled for AarTransform: /home/runner/.gradle/caches/transforms-4/530aad9491d07b52c2de42bd8a133c96/transformed/interpolator-1.0.0 because:
  Build cache is disabled
  Caching not enabled.
Caching disabled for AarTransform: /home/runner/.gradle/caches/transforms-4/0e465d9f6667cd38291d9d375fbdd3aa/transformed/room-runtime-2.2.5 because:
  Build cache is disabled
  Caching not enabled.
Caching disabled for AarTransform: /home/runner/.gradle/caches/transforms-4/16cf50259928a7f303a00648d160a53a/transformed/core-runtime-2.2.0 because:
  Build cache is disabled
  Caching not enabled.
Caching disabled for AarTransform: /home/runner/.gradle/caches/transforms-4/a6c4860120fd648406769680235d11ac/transformed/documentfile-1.0.0 because:
  Build cache is disabled
  Caching not enabled.
Caching disabled for AarTransform: /home/runner/.gradle/caches/transforms-4/f7cf53a5845c7c4087c53ae039f01e4b/transformed/localbroadcastmanager-1.0.0 because:
  Build cache is disabled
  Caching not enabled.
Caching disabled for AarTransform: /home/runner/.gradle/caches/transforms-4/e44d1f519261216df532f8d22fb7c549/transformed/print-1.0.0 because:
  Build cache is disabled
  Caching not enabled.
Caching disabled for AarTransform: /home/runner/.gradle/caches/transforms-4/ad832d3a310c3f508abb158e2bdf230f/transformed/sqlite-framework-2.1.0 because:
  Build cache is disabled
  Caching not enabled.
Caching disabled for AarTransform: /home/runner/.gradle/caches/transforms-4/544960b638490ec54a8ec0039e076f58/transformed/sqlite-2.1.0 because:
  Build cache is disabled
  Caching not enabled.
Caching disabled for AarTransform: /home/runner/.gradle/caches/transforms-4/3cc5df5e11623a4b0fa1ec339df86d37/transformed/jetified-annotation-experimental-1.3.0 because:
  Build cache is disabled
  Caching not enabled.
Caching disabled for task ':app:mapDebugSourceSetPaths' because:
  Build cache is disabled
  Caching has been disabled for the task
Task ':app:mapDebugSourceSetPaths' is not up-to-date because:
  No history is available.
Resolve mutations for :app:generateDebugResources (Thread[included builds,5,main]) started.
:app:generateDebugResources (Thread[included builds,5,main]) started.

> Task :app:generateDebugResources
Skipping task ':app:generateDebugResources' as it has no actions.
Resolve mutations for :app:mergeDebugResources (Thread[included builds,5,main]) started.
:app:mergeDebugResources (Thread[included builds,5,main]) started.

> Task :app:mergeDebugResources
Caching disabled for task ':app:mergeDebugResources' because:
  Build cache is disabled
Task ':app:mergeDebugResources' is not up-to-date because:
  No history is available.
The input changes require a full rebuild for incremental task ':app:mergeDebugResources'.
[MergeResources] Inputs are non-incremental full task action.

Resolve mutations for :app:packageDebugResources (Thread[Execution worker,5,main]) started.
:app:packageDebugResources (Thread[Execution worker,5,main]) started.

> Task :app:packageDebugResources
Caching disabled for task ':app:packageDebugResources' because:
  Build cache is disabled
Task ':app:packageDebugResources' is not up-to-date because:
  No history is available.
The input changes require a full rebuild for incremental task ':app:packageDebugResources'.
[MergeResources] Inputs are non-incremental full task action.
Resolve mutations for :app:parseDebugLocalResources (Thread[Execution worker,5,main]) started.
:app:parseDebugLocalResources (Thread[Execution worker,5,main]) started.

> Task :app:mergeDebugResources
Compiling XML table /home/runner/work/GitHub_aide/GitHub_aide/app/build/intermediates/incremental/debug/mergeDebugResources/merged.dir/values/values.xml to /home/runner/work/GitHub_aide/GitHub_aide/app/build/intermediates/merged_res/debug/values_values.arsc.flat
Compiling XML table /home/runner/work/GitHub_aide/GitHub_aide/app/build/intermediates/incremental/debug/mergeDebugResources/merged.dir/values-pt/values-pt.xml to /home/runner/work/GitHub_aide/GitHub_aide/app/build/intermediates/merged_res/debug/values-pt_values-pt.arsc.flat
Compiling XML table /home/runner/work/GitHub_aide/GitHub_aide/app/build/intermediates/incremental/debug/mergeDebugResources/merged.dir/values-watch-v20/values-watch-v20.xml to /home/runner/work/GitHub_aide/GitHub_aide/app/build/intermediates/merged_res/debug/values-watch-v20_values-watch-v20.arsc.flat
Compiling XML table /home/runner/work/GitHub_aide/GitHub_aide/app/build/intermediates/incremental/debug/mergeDebugResources/merged.dir/values-hu/values-hu.xml to /home/runner/work/GitHub_aide/GitHub_aide/app/build/intermediates/merged_res/debug/values-hu_values-hu.arsc.flat
Compiling XML table /home/runner/work/GitHub_aide/GitHub_aide/app/build/intermediates/incremental/debug/mergeDebugResources/merged.dir/values-h320dp-port-v13/values-h320dp-port-v13.xml to /home/runner/work/GitHub_aide/GitHub_aide/app/build/intermediates/merged_res/debug/values-h320dp-port-v13_values-h320dp-port-v13.arsc.flat
Compiling XML table /home/runner/work/GitHub_aide/GitHub_aide/app/build/intermediates/incremental/debug/mergeDebugResources/merged.dir/values-v18/values-v18.xml to /home/runner/work/GitHub_aide/GitHub_aide/app/build/intermediates/merged_res/debug/values-v18_values-v18.arsc.flat
Compiling XML table /home/runner/work/GitHub_aide/GitHub_aide/app/build/intermediates/incremental/debug/mergeDebugResources/merged.dir/values-ldltr-v21/values-ldltr-v21.xml to /home/runner/work/GitHub_aide/GitHub_aide/app/build/intermediates/merged_res/debug/values-ldltr-v21_values-ldltr-v21.arsc.flat
Compiling XML table /home/runner/work/GitHub_aide/GitHub_aide/app/build/intermediates/incremental/debug/mergeDebugResources/merged.dir/values-in/values-in.xml to /home/runner/work/GitHub_aide/GitHub_aide/app/build/intermediates/merged_res/debug/values-in_values-in.arsc.flat
Compiling XML table /home/runner/work/GitHub_aide/GitHub_aide/app/build/intermediates/incremental/debug/mergeDebugResources/merged.dir/values-w320dp-land-v13/values-w320dp-land-v13.xml to /home/runner/work/GitHub_aide/GitHub_aide/app/build/intermediates/merged_res/debug/values-w320dp-land-v13_values-w320dp-land-v13.arsc.flat
Compiling XML table /home/runner/work/GitHub_aide/GitHub_aide/app/build/intermediates/incremental/debug/mergeDebugResources/merged.dir/values-is/values-is.xml to /home/runner/work/GitHub_aide/GitHub_aide/app/build/intermediates/merged_res/debug/values-is_values-is.arsc.flat
Compiling XML table /home/runner/work/GitHub_aide/GitHub_aide/app/build/intermediates/incremental/debug/mergeDebugResources/merged.dir/values-am/values-am.xml to /home/runner/work/GitHub_aide/GitHub_aide/app/build/intermediates/merged_res/debug/values-am_values-am.arsc.flat
Compiling XML table /home/runner/work/GitHub_aide/GitHub_aide/app/build/intermediates/incremental/debug/mergeDebugResources/merged.dir/values-iw/values-iw.xml to /home/runner/work/GitHub_aide/GitHub_aide/app/build/intermediates/merged_res/debug/values-iw_values-iw.arsc.flat
Compiling XML table /home/runner/work/GitHub_aide/GitHub_aide/app/build/intermediates/incremental/debug/mergeDebugResources/merged.dir/values-as/values-as.xml to /home/runner/work/GitHub_aide/GitHub_aide/app/build/intermediates/merged_res/debug/values-as_values-as.arsc.flat
Compiling XML table /home/runner/work/GitHub_aide/GitHub_aide/app/build/intermediates/incremental/debug/mergeDebugResources/merged.dir/values-es-rUS/values-es-rUS.xml to /home/runner/work/GitHub_aide/GitHub_aide/app/build/intermediates/merged_res/debug/values-es-rUS_values-es-rUS.arsc.flat
Compiling XML table /home/runner/work/GitHub_aide/GitHub_aide/app/build/intermediates/incremental/debug/mergeDebugResources/merged.dir/values-ja/values-ja.xml to /home/runner/work/GitHub_aide/GitHub_aide/app/build/intermediates/merged_res/debug/values-ja_values-ja.arsc.flat
Compiling XML table /home/runner/work/GitHub_aide/GitHub_aide/app/build/intermediates/incremental/debug/mergeDebugResources/merged.dir/values-v25/values-v25.xml to /home/runner/work/GitHub_aide/GitHub_aide/app/build/intermediates/merged_res/debug/values-v25_values-v25.arsc.flat
Compiling XML table /home/runner/work/GitHub_aide/GitHub_aide/app/build/intermediates/incremental/debug/mergeDebugResources/merged.dir/values-v24/values-v24.xml to /home/runner/work/GitHub_aide/GitHub_aide/app/build/intermediates/merged_res/debug/values-v24_values-v24.arsc.flat
Compiling XML table /home/runner/work/GitHub_aide/GitHub_aide/app/build/intermediates/incremental/debug/mergeDebugResources/merged.dir/values-pt-rPT/values-pt-rPT.xml to /home/runner/work/GitHub_aide/GitHub_aide/app/build/intermediates/merged_res/debug/values-pt-rPT_values-pt-rPT.arsc.flat
Compiling XML table /home/runner/work/GitHub_aide/GitHub_aide/app/build/intermediates/incremental/debug/mergeDebugResources/merged.dir/values-v26/values-v26.xml to /home/runner/work/GitHub_aide/GitHub_aide/app/build/intermediates/merged_res/debug/values-v26_values-v26.arsc.flat
Compiling XML table /home/runner/work/GitHub_aide/GitHub_aide/app/build/intermediates/incremental/debug/mergeDebugResources/merged.dir/values-ro/values-ro.xml to /home/runner/work/GitHub_aide/GitHub_aide/app/build/intermediates/merged_res/debug/values-ro_values-ro.arsc.flat
Compiling XML table /home/runner/work/GitHub_aide/GitHub_aide/app/build/intermediates/incremental/debug/mergeDebugResources/merged.dir/values-sw600dp-v13/values-sw600dp-v13.xml to /home/runner/work/GitHub_aide/GitHub_aide/app/build/intermediates/merged_res/debug/values-sw600dp-v13_values-sw600dp-v13.arsc.flat
Compiling XML table /home/runner/work/GitHub_aide/GitHub_aide/app/build/intermediates/incremental/debug/mergeDebugResources/merged.dir/values-be/values-be.xml to /home/runner/work/GitHub_aide/GitHub_aide/app/build/intermediates/merged_res/debug/values-be_values-be.arsc.flat
Compiling XML table /home/runner/work/GitHub_aide/GitHub_aide/app/build/intermediates/incremental/debug/mergeDebugResources/merged.dir/values-bn/values-bn.xml to /home/runner/work/GitHub_aide/GitHub_aide/app/build/intermediates/merged_res/debug/values-bn_values-bn.arsc.flat
Compiling XML table /home/runner/work/GitHub_aide/GitHub_aide/app/build/intermediates/incremental/debug/mergeDebugResources/merged.dir/values-en-rCA/values-en-rCA.xml to /home/runner/work/GitHub_aide/GitHub_aide/app/build/intermediates/merged_res/debug/values-en-rCA_values-en-rCA.arsc.flat
Compiling XML table /home/runner/work/GitHub_aide/GitHub_aide/app/build/intermediates/incremental/debug/mergeDebugResources/merged.dir/values-ka/values-ka.xml to /home/runner/work/GitHub_aide/GitHub_aide/app/build/intermediates/merged_res/debug/values-ka_values-ka.arsc.flat
Compiling XML table /home/runner/work/GitHub_aide/GitHub_aide/app/build/intermediates/incremental/debug/mergeDebugResources/merged.dir/values-hi/values-hi.xml to /home/runner/work/GitHub_aide/GitHub_aide/app/build/intermediates/merged_res/debug/values-hi_values-hi.arsc.flat
Compiling XML table /home/runner/work/GitHub_aide/GitHub_aide/app/build/intermediates/incremental/debug/mergeDebugResources/merged.dir/values-si/values-si.xml to /home/runner/work/GitHub_aide/GitHub_aide/app/build/intermediates/merged_res/debug/values-si_values-si.arsc.flat
Compiling XML table /home/runner/work/GitHub_aide/GitHub_aide/app/build/intermediates/incremental/debug/mergeDebugResources/merged.dir/values-watch-v21/values-watch-v21.xml to /home/runner/work/GitHub_aide/GitHub_aide/app/build/intermediates/merged_res/debug/values-watch-v21_values-watch-v21.arsc.flat
Compiling XML table /home/runner/work/GitHub_aide/GitHub_aide/app/build/intermediates/incremental/debug/mergeDebugResources/merged.dir/values-hr/values-hr.xml to /home/runner/work/GitHub_aide/GitHub_aide/app/build/intermediates/merged_res/debug/values-hr_values-hr.arsc.flat
Compiling XML table /home/runner/work/GitHub_aide/GitHub_aide/app/build/intermediates/incremental/debug/mergeDebugResources/merged.dir/values-sl/values-sl.xml to /home/runner/work/GitHub_aide/GitHub_aide/app/build/intermediates/merged_res/debug/values-sl_values-sl.arsc.flat
Compiling XML table /home/runner/work/GitHub_aide/GitHub_aide/app/build/intermediates/incremental/debug/mergeDebugResources/merged.dir/values-hy/values-hy.xml to /home/runner/work/GitHub_aide/GitHub_aide/app/build/intermediates/merged_res/debug/values-hy_values-hy.arsc.flat
Compiling XML table /home/runner/work/GitHub_aide/GitHub_aide/app/build/intermediates/incremental/debug/mergeDebugResources/merged.dir/values-sq/values-sq.xml to /home/runner/work/GitHub_aide/GitHub_aide/app/build/intermediates/merged_res/debug/values-sq_values-sq.arsc.flat
Compiling XML table /home/runner/work/GitHub_aide/GitHub_aide/app/build/intermediates/incremental/debug/mergeDebugResources/merged.dir/values-kk/values-kk.xml to /home/runner/work/GitHub_aide/GitHub_aide/app/build/intermediates/merged_res/debug/values-kk_values-kk.arsc.flat
Compiling XML table /home/runner/work/GitHub_aide/GitHub_aide/app/build/intermediates/incremental/debug/mergeDebugResources/merged.dir/values-v16/values-v16.xml to /home/runner/work/GitHub_aide/GitHub_aide/app/build/intermediates/merged_res/debug/values-v16_values-v16.arsc.flat
Compiling XML table /home/runner/work/GitHub_aide/GitHub_aide/app/build/intermediates/incremental/debug/mergeDebugResources/merged.dir/values-v17/values-v17.xml to /home/runner/work/GitHub_aide/GitHub_aide/app/build/intermediates/merged_res/debug/values-v17_values-v17.arsc.flat
Compiling XML table /home/runner/work/GitHub_aide/GitHub_aide/app/build/intermediates/incremental/debug/mergeDebugResources/merged.dir/values-w360dp-port-v13/values-w360dp-port-v13.xml to /home/runner/work/GitHub_aide/GitHub_aide/app/build/intermediates/merged_res/debug/values-w360dp-port-v13_values-w360dp-port-v13.arsc.flat
Compiling XML table /home/runner/work/GitHub_aide/GitHub_aide/app/build/intermediates/incremental/debug/mergeDebugResources/merged.dir/values-af/values-af.xml to /home/runner/work/GitHub_aide/GitHub_aide/app/build/intermediates/merged_res/debug/values-af_values-af.arsc.flat
Compiling XML table /home/runner/work/GitHub_aide/GitHub_aide/app/build/intermediates/incremental/debug/mergeDebugResources/merged.dir/values-kn/values-kn.xml to /home/runner/work/GitHub_aide/GitHub_aide/app/build/intermediates/merged_res/debug/values-kn_values-kn.arsc.flat
Compiling XML table /home/runner/work/GitHub_aide/GitHub_aide/app/build/intermediates/incremental/debug/mergeDebugResources/merged.dir/values-zh-rHK/values-zh-rHK.xml to /home/runner/work/GitHub_aide/GitHub_aide/app/build/intermediates/merged_res/debug/values-zh-rHK_values-zh-rHK.arsc.flat
Compiling XML table /home/runner/work/GitHub_aide/GitHub_aide/app/build/intermediates/incremental/debug/mergeDebugResources/merged.dir/values-ko/values-ko.xml to /home/runner/work/GitHub_aide/GitHub_aide/app/build/intermediates/merged_res/debug/values-ko_values-ko.arsc.flat
Compiling XML table /home/runner/work/GitHub_aide/GitHub_aide/app/build/intermediates/incremental/debug/mergeDebugResources/merged.dir/values-it/values-it.xml to /home/runner/work/GitHub_aide/GitHub_aide/app/build/intermediates/merged_res/debug/values-it_values-it.arsc.flat
Compiling XML table /home/runner/work/GitHub_aide/GitHub_aide/app/build/intermediates/incremental/debug/mergeDebugResources/merged.dir/values-ta/values-ta.xml to /home/runner/work/GitHub_aide/GitHub_aide/app/build/intermediates/merged_res/debug/values-ta_values-ta.arsc.flat
Compiling XML table /home/runner/work/GitHub_aide/GitHub_aide/app/build/intermediates/incremental/debug/mergeDebugResources/merged.dir/values-b+sr+Latn/values-b+sr+Latn.xml to /home/runner/work/GitHub_aide/GitHub_aide/app/build/intermediates/merged_res/debug/values-b+sr+Latn_values-b+sr+Latn.arsc.flat
Compiling XML table /home/runner/work/GitHub_aide/GitHub_aide/app/build/intermediates/incremental/debug/mergeDebugResources/merged.dir/values-pt-rBR/values-pt-rBR.xml to /home/runner/work/GitHub_aide/GitHub_aide/app/build/intermediates/merged_res/debug/values-pt-rBR_values-pt-rBR.arsc.flat
Compiling XML table /home/runner/work/GitHub_aide/GitHub_aide/app/build/intermediates/incremental/debug/mergeDebugResources/merged.dir/values-ar/values-ar.xml to /home/runner/work/GitHub_aide/GitHub_aide/app/build/intermediates/merged_res/debug/values-ar_values-ar.arsc.flat
Compiling XML table /home/runner/work/GitHub_aide/GitHub_aide/app/build/intermediates/incremental/debug/mergeDebugResources/merged.dir/values-h720dp-v13/values-h720dp-v13.xml to /home/runner/work/GitHub_aide/GitHub_aide/app/build/intermediates/merged_res/debug/values-h720dp-v13_values-h720dp-v13.arsc.flat
Compiling XML table /home/runner/work/GitHub_aide/GitHub_aide/app/build/intermediates/incremental/debug/mergeDebugResources/merged.dir/values-th/values-th.xml to /home/runner/work/GitHub_aide/GitHub_aide/app/build/intermediates/merged_res/debug/values-th_values-th.arsc.flat
Compiling XML table /home/runner/work/GitHub_aide/GitHub_aide/app/build/intermediates/incremental/debug/mergeDebugResources/merged.dir/values-v21/values-v21.xml to /home/runner/work/GitHub_aide/GitHub_aide/app/build/intermediates/merged_res/debug/values-v21_values-v21.arsc.flat
Compiling XML table /home/runner/work/GitHub_aide/GitHub_aide/app/build/intermediates/incremental/debug/mergeDebugResources/merged.dir/values-xlarge-v4/values-xlarge-v4.xml to /home/runner/work/GitHub_aide/GitHub_aide/app/build/intermediates/merged_res/debug/values-xlarge-v4_values-xlarge-v4.arsc.flat
Compiling XML table /home/runner/work/GitHub_aide/GitHub_aide/app/build/intermediates/incremental/debug/mergeDebugResources/merged.dir/values-tr/values-tr.xml to /home/runner/work/GitHub_aide/GitHub_aide/app/build/intermediates/merged_res/debug/values-tr_values-tr.arsc.flat
Compiling XML table /home/runner/work/GitHub_aide/GitHub_aide/app/build/intermediates/incremental/debug/mergeDebugResources/merged.dir/values-de/values-de.xml to /home/runner/work/GitHub_aide/GitHub_aide/app/build/intermediates/merged_res/debug/values-de_values-de.arsc.flat
Compiling XML table /home/runner/work/GitHub_aide/GitHub_aide/app/build/intermediates/incremental/debug/mergeDebugResources/merged.dir/values-lt/values-lt.xml to /home/runner/work/GitHub_aide/GitHub_aide/app/build/intermediates/merged_res/debug/values-lt_values-lt.arsc.flat
Compiling XML table /home/runner/work/GitHub_aide/GitHub_aide/app/build/intermediates/incremental/debug/mergeDebugResources/merged.dir/values-v23/values-v23.xml to /home/runner/work/GitHub_aide/GitHub_aide/app/build/intermediates/merged_res/debug/values-v23_values-v23.arsc.flat
Compiling XML table /home/runner/work/GitHub_aide/GitHub_aide/app/build/intermediates/incremental/debug/mergeDebugResources/merged.dir/values-en-rIN/values-en-rIN.xml to /home/runner/work/GitHub_aide/GitHub_aide/app/build/intermediates/merged_res/debug/values-en-rIN_values-en-rIN.arsc.flat
Compiling XML table /home/runner/work/GitHub_aide/GitHub_aide/app/build/intermediates/incremental/debug/mergeDebugResources/merged.dir/values-v22/values-v22.xml to /home/runner/work/GitHub_aide/GitHub_aide/app/build/intermediates/merged_res/debug/values-v22_values-v22.arsc.flat
Compiling XML table /home/runner/work/GitHub_aide/GitHub_aide/app/build/intermediates/incremental/debug/mergeDebugResources/merged.dir/values-ldrtl-v17/values-ldrtl-v17.xml to /home/runner/work/GitHub_aide/GitHub_aide/app/build/intermediates/merged_res/debug/values-ldrtl-v17_values-ldrtl-v17.arsc.flat
Compiling XML table /home/runner/work/GitHub_aide/GitHub_aide/app/build/intermediates/incremental/debug/mergeDebugResources/merged.dir/values-ur/values-ur.xml to /home/runner/work/GitHub_aide/GitHub_aide/app/build/intermediates/merged_res/debug/values-ur_values-ur.arsc.flat
Compiling XML table /home/runner/work/GitHub_aide/GitHub_aide/app/build/intermediates/incremental/debug/mergeDebugResources/merged.dir/values-az/values-az.xml to /home/runner/work/GitHub_aide/GitHub_aide/app/build/intermediates/merged_res/debug/values-az_values-az.arsc.flat
Compiling XML table /home/runner/work/GitHub_aide/GitHub_aide/app/build/intermediates/incremental/debug/mergeDebugResources/merged.dir/values-h360dp-land-v13/values-h360dp-land-v13.xml to /home/runner/work/GitHub_aide/GitHub_aide/app/build/intermediates/merged_res/debug/values-h360dp-land-v13_values-h360dp-land-v13.arsc.flat
Compiling XML table /home/runner/work/GitHub_aide/GitHub_aide/app/build/intermediates/incremental/debug/mergeDebugResources/merged.dir/values-ml/values-ml.xml to /home/runner/work/GitHub_aide/GitHub_aide/app/build/intermediates/merged_res/debug/values-ml_values-ml.arsc.flat
Compiling XML table /home/runner/work/GitHub_aide/GitHub_aide/app/build/intermediates/incremental/debug/mergeDebugResources/merged.dir/values-zu/values-zu.xml to /home/runner/work/GitHub_aide/GitHub_aide/app/build/intermediates/merged_res/debug/values-zu_values-zu.arsc.flat
Compiling XML table /home/runner/work/GitHub_aide/GitHub_aide/app/build/intermediates/incremental/debug/mergeDebugResources/merged.dir/values-mr/values-mr.xml to /home/runner/work/GitHub_aide/GitHub_aide/app/build/intermediates/merged_res/debug/values-mr_values-mr.arsc.flat
Compiling XML table /home/runner/work/GitHub_aide/GitHub_aide/app/build/intermediates/incremental/debug/mergeDebugResources/merged.dir/values-h480dp-land-v13/values-h480dp-land-v13.xml to /home/runner/work/GitHub_aide/GitHub_aide/app/build/intermediates/merged_res/debug/values-h480dp-land-v13_values-h480dp-land-v13.arsc.flat
Compiling XML table /home/runner/work/GitHub_aide/GitHub_aide/app/build/intermediates/incremental/debug/mergeDebugResources/merged.dir/values-v28/values-v28.xml to /home/runner/work/GitHub_aide/GitHub_aide/app/build/intermediates/merged_res/debug/values-v28_values-v28.arsc.flat
Compiling XML table /home/runner/work/GitHub_aide/GitHub_aide/app/build/intermediates/incremental/debug/mergeDebugResources/merged.dir/values-ru/values-ru.xml to /home/runner/work/GitHub_aide/GitHub_aide/app/build/intermediates/merged_res/debug/values-ru_values-ru.arsc.flat
Compiling XML table /home/runner/work/GitHub_aide/GitHub_aide/app/build/intermediates/incremental/debug/mergeDebugResources/merged.dir/values-fr-rCA/values-fr-rCA.xml to /home/runner/work/GitHub_aide/GitHub_aide/app/build/intermediates/merged_res/debug/values-fr-rCA_values-fr-rCA.arsc.flat
Compiling XML table /home/runner/work/GitHub_aide/GitHub_aide/app/build/intermediates/incremental/debug/mergeDebugResources/merged.dir/values-bg/values-bg.xml to /home/runner/work/GitHub_aide/GitHub_aide/app/build/intermediates/merged_res/debug/values-bg_values-bg.arsc.flat
Compiling XML table /home/runner/work/GitHub_aide/GitHub_aide/app/build/intermediates/incremental/debug/mergeDebugResources/merged.dir/values-el/values-el.xml to /home/runner/work/GitHub_aide/GitHub_aide/app/build/intermediates/merged_res/debug/values-el_values-el.arsc.flat
Compiling XML table /home/runner/work/GitHub_aide/GitHub_aide/app/build/intermediates/incremental/debug/mergeDebugResources/merged.dir/values-bs/values-bs.xml to /home/runner/work/GitHub_aide/GitHub_aide/app/build/intermediates/merged_res/debug/values-bs_values-bs.arsc.flat
Compiling XML table /home/runner/work/GitHub_aide/GitHub_aide/app/build/intermediates/incremental/debug/mergeDebugResources/merged.dir/values-my/values-my.xml to /home/runner/work/GitHub_aide/GitHub_aide/app/build/intermediates/merged_res/debug/values-my_values-my.arsc.flat
Compiling XML table /home/runner/work/GitHub_aide/GitHub_aide/app/build/intermediates/incremental/debug/mergeDebugResources/merged.dir/values-v31/values-v31.xml to /home/runner/work/GitHub_aide/GitHub_aide/app/build/intermediates/merged_res/debug/values-v31_values-v31.arsc.flat
Compiling XML table /home/runner/work/GitHub_aide/GitHub_aide/app/build/intermediates/incremental/debug/mergeDebugResources/merged.dir/values-et/values-et.xml to /home/runner/work/GitHub_aide/GitHub_aide/app/build/intermediates/merged_res/debug/values-et_values-et.arsc.flat
Compiling XML table /home/runner/work/GitHub_aide/GitHub_aide/app/build/intermediates/incremental/debug/mergeDebugResources/merged.dir/values-v34/values-v34.xml to /home/runner/work/GitHub_aide/GitHub_aide/app/build/intermediates/merged_res/debug/values-v34_values-v34.arsc.flat
Compiling XML table /home/runner/work/GitHub_aide/GitHub_aide/app/build/intermediates/incremental/debug/mergeDebugResources/merged.dir/values-sk/values-sk.xml to /home/runner/work/GitHub_aide/GitHub_aide/app/build/intermediates/merged_res/debug/values-sk_values-sk.arsc.flat
Compiling XML table /home/runner/work/GitHub_aide/GitHub_aide/app/build/intermediates/incremental/debug/mergeDebugResources/merged.dir/values-vi/values-vi.xml to /home/runner/work/GitHub_aide/GitHub_aide/app/build/intermediates/merged_res/debug/values-vi_values-vi.arsc.flat
Compiling XML table /home/runner/work/GitHub_aide/GitHub_aide/app/build/intermediates/incremental/debug/mergeDebugResources/merged.dir/values-ca/values-ca.xml to /home/runner/work/GitHub_aide/GitHub_aide/app/build/intermediates/merged_res/debug/values-ca_values-ca.arsc.flat
Compiling XML table /home/runner/work/GitHub_aide/GitHub_aide/app/build/intermediates/incremental/debug/mergeDebugResources/merged.dir/values-sr/values-sr.xml to /home/runner/work/GitHub_aide/GitHub_aide/app/build/intermediates/merged_res/debug/values-sr_values-sr.arsc.flat
Compiling XML table /home/runner/work/GitHub_aide/GitHub_aide/app/build/intermediates/incremental/debug/mergeDebugResources/merged.dir/values-nb/values-nb.xml to /home/runner/work/GitHub_aide/GitHub_aide/app/build/intermediates/merged_res/debug/values-nb_values-nb.arsc.flat
Compiling XML table /home/runner/work/GitHub_aide/GitHub_aide/app/build/intermediates/incremental/debug/mergeDebugResources/merged.dir/values-km/values-km.xml to /home/runner/work/GitHub_aide/GitHub_aide/app/build/intermediates/merged_res/debug/values-km_values-km.arsc.flat
Compiling XML table /home/runner/work/GitHub_aide/GitHub_aide/app/build/intermediates/incremental/debug/mergeDebugResources/merged.dir/values-sv/values-sv.xml to /home/runner/work/GitHub_aide/GitHub_aide/app/build/intermediates/merged_res/debug/values-sv_values-sv.arsc.flat
Compiling XML table /home/runner/work/GitHub_aide/GitHub_aide/app/build/intermediates/incremental/debug/mergeDebugResources/merged.dir/values-w600dp-land-v13/values-w600dp-land-v13.xml to /home/runner/work/GitHub_aide/GitHub_aide/app/build/intermediates/merged_res/debug/values-w600dp-land-v13_values-w600dp-land-v13.arsc.flat
Compiling XML table /home/runner/work/GitHub_aide/GitHub_aide/app/build/intermediates/incremental/debug/mergeDebugResources/merged.dir/values-ne/values-ne.xml to /home/runner/work/GitHub_aide/GitHub_aide/app/build/intermediates/merged_res/debug/values-ne_values-ne.arsc.flat
Compiling XML table /home/runner/work/GitHub_aide/GitHub_aide/app/build/intermediates/incremental/debug/mergeDebugResources/merged.dir/values-sw/values-sw.xml to /home/runner/work/GitHub_aide/GitHub_aide/app/build/intermediates/merged_res/debug/values-sw_values-sw.arsc.flat
Compiling XML table /home/runner/work/GitHub_aide/GitHub_aide/app/build/intermediates/incremental/debug/mergeDebugResources/merged.dir/values-ky/values-ky.xml to /home/runner/work/GitHub_aide/GitHub_aide/app/build/intermediates/merged_res/debug/values-ky_values-ky.arsc.flat
Compiling XML table /home/runner/work/GitHub_aide/GitHub_aide/app/build/intermediates/incremental/debug/mergeDebugResources/merged.dir/values-nl/values-nl.xml to /home/runner/work/GitHub_aide/GitHub_aide/app/build/intermediates/merged_res/debug/values-nl_values-nl.arsc.flat
Compiling XML table /home/runner/work/GitHub_aide/GitHub_aide/app/build/intermediates/incremental/debug/mergeDebugResources/merged.dir/values-cs/values-cs.xml to /home/runner/work/GitHub_aide/GitHub_aide/app/build/intermediates/merged_res/debug/values-cs_values-cs.arsc.flat
Compiling XML table /home/runner/work/GitHub_aide/GitHub_aide/app/build/intermediates/incremental/debug/mergeDebugResources/merged.dir/values-te/values-te.xml to /home/runner/work/GitHub_aide/GitHub_aide/app/build/intermediates/merged_res/debug/values-te_values-te.arsc.flat
Compiling XML table /home/runner/work/GitHub_aide/GitHub_aide/app/build/intermediates/incremental/debug/mergeDebugResources/merged.dir/values-fi/values-fi.xml to /home/runner/work/GitHub_aide/GitHub_aide/app/build/intermediates/merged_res/debug/values-fi_values-fi.arsc.flat
Compiling XML table /home/runner/work/GitHub_aide/GitHub_aide/app/build/intermediates/incremental/debug/mergeDebugResources/merged.dir/values-fr/values-fr.xml to /home/runner/work/GitHub_aide/GitHub_aide/app/build/intermediates/merged_res/debug/values-fr_values-fr.arsc.flat
Compiling XML table /home/runner/work/GitHub_aide/GitHub_aide/app/build/intermediates/incremental/debug/mergeDebugResources/merged.dir/values-tl/values-tl.xml to /home/runner/work/GitHub_aide/GitHub_aide/app/build/intermediates/merged_res/debug/values-tl_values-tl.arsc.flat
Compiling XML table /home/runner/work/GitHub_aide/GitHub_aide/app/build/intermediates/incremental/debug/mergeDebugResources/merged.dir/values-hdpi-v4/values-hdpi-v4.xml to /home/runner/work/GitHub_aide/GitHub_aide/app/build/intermediates/merged_res/debug/values-hdpi-v4_values-hdpi-v4.arsc.flat
Compiling XML table /home/runner/work/GitHub_aide/GitHub_aide/app/build/intermediates/incremental/debug/mergeDebugResources/merged.dir/values-da/values-da.xml to /home/runner/work/GitHub_aide/GitHub_aide/app/build/intermediates/merged_res/debug/values-da_values-da.arsc.flat
Compiling XML table /home/runner/work/GitHub_aide/GitHub_aide/app/build/intermediates/incremental/debug/mergeDebugResources/merged.dir/values-land/values-land.xml to /home/runner/work/GitHub_aide/GitHub_aide/app/build/intermediates/merged_res/debug/values-land_values-land.arsc.flat
Compiling XML table /home/runner/work/GitHub_aide/GitHub_aide/app/build/intermediates/incremental/debug/mergeDebugResources/merged.dir/values-or/values-or.xml to /home/runner/work/GitHub_aide/GitHub_aide/app/build/intermediates/merged_res/debug/values-or_values-or.arsc.flat
Compiling XML table /home/runner/work/GitHub_aide/GitHub_aide/app/build/intermediates/incremental/debug/mergeDebugResources/merged.dir/values-en-rAU/values-en-rAU.xml to /home/runner/work/GitHub_aide/GitHub_aide/app/build/intermediates/merged_res/debug/values-en-rAU_values-en-rAU.arsc.flat
Compiling XML table /home/runner/work/GitHub_aide/GitHub_aide/app/build/intermediates/incremental/debug/mergeDebugResources/merged.dir/values-lo/values-lo.xml to /home/runner/work/GitHub_aide/GitHub_aide/app/build/intermediates/merged_res/debug/values-lo_values-lo.arsc.flat
Compiling XML table /home/runner/work/GitHub_aide/GitHub_aide/app/build/intermediates/incremental/debug/mergeDebugResources/merged.dir/values-b+es+419/values-b+es+419.xml to /home/runner/work/GitHub_aide/GitHub_aide/app/build/intermediates/merged_res/debug/values-b+es+419_values-b+es+419.arsc.flat
Compiling XML table /home/runner/work/GitHub_aide/GitHub_aide/app/build/intermediates/incremental/debug/mergeDebugResources/merged.dir/values-pa/values-pa.xml to /home/runner/work/GitHub_aide/GitHub_aide/app/build/intermediates/merged_res/debug/values-pa_values-pa.arsc.flat
Compiling XML table /home/runner/work/GitHub_aide/GitHub_aide/app/build/intermediates/incremental/debug/mergeDebugResources/merged.dir/values-lv/values-lv.xml to /home/runner/work/GitHub_aide/GitHub_aide/app/build/intermediates/merged_res/debug/values-lv_values-lv.arsc.flat
Compiling XML table /home/runner/work/GitHub_aide/GitHub_aide/app/build/intermediates/incremental/debug/mergeDebugResources/merged.dir/values-h550dp-port-v13/values-h550dp-port-v13.xml to /home/runner/work/GitHub_aide/GitHub_aide/app/build/intermediates/merged_res/debug/values-h550dp-port-v13_values-h550dp-port-v13.arsc.flat
Compiling XML table /home/runner/work/GitHub_aide/GitHub_aide/app/build/intermediates/incremental/debug/mergeDebugResources/merged.dir/values-uk/values-uk.xml to /home/runner/work/GitHub_aide/GitHub_aide/app/build/intermediates/merged_res/debug/values-uk_values-uk.arsc.flat
Compiling xml file /home/runner/work/GitHub_aide/GitHub_aide/app/src/main/res/layout/activity_main.xml to /home/runner/work/GitHub_aide/GitHub_aide/app/build/intermediates/merged_res/debug/layout_activity_main.xml.flat
Compiling XML table /home/runner/work/GitHub_aide/GitHub_aide/app/build/intermediates/incremental/debug/mergeDebugResources/merged.dir/values-mk/values-mk.xml to /home/runner/work/GitHub_aide/GitHub_aide/app/build/intermediates/merged_res/debug/values-mk_values-mk.arsc.flat
Compiling XML table /home/runner/work/GitHub_aide/GitHub_aide/app/build/intermediates/incremental/debug/mergeDebugResources/merged.dir/values-mn/values-mn.xml to /home/runner/work/GitHub_aide/GitHub_aide/app/build/intermediates/merged_res/debug/values-mn_values-mn.arsc.flat
Compiling XML table /home/runner/work/GitHub_aide/GitHub_aide/app/build/intermediates/incremental/debug/mergeDebugResources/merged.dir/values-uz/values-uz.xml to /home/runner/work/GitHub_aide/GitHub_aide/app/build/intermediates/merged_res/debug/values-uz_values-uz.arsc.flat
Compiling XML table /home/runner/work/GitHub_aide/GitHub_aide/app/build/intermediates/incremental/debug/mergeDebugResources/merged.dir/values-ms/values-ms.xml to /home/runner/work/GitHub_aide/GitHub_aide/app/build/intermediates/merged_res/debug/values-ms_values-ms.arsc.flat
Compiling XML table /home/runner/work/GitHub_aide/GitHub_aide/app/build/intermediates/incremental/debug/mergeDebugResources/merged.dir/values-zh-rTW/values-zh-rTW.xml to /home/runner/work/GitHub_aide/GitHub_aide/app/build/intermediates/merged_res/debug/values-zh-rTW_values-zh-rTW.arsc.flat
Compiling XML table /home/runner/work/GitHub_aide/GitHub_aide/app/build/intermediates/incremental/debug/mergeDebugResources/merged.dir/values-es/values-es.xml to /home/runner/work/GitHub_aide/GitHub_aide/app/build/intermediates/merged_res/debug/values-es_values-es.arsc.flat
Compiling XML table /home/runner/work/GitHub_aide/GitHub_aide/app/build/intermediates/incremental/debug/mergeDebugResources/merged.dir/values-eu/values-eu.xml to /home/runner/work/GitHub_aide/GitHub_aide/app/build/intermediates/merged_res/debug/values-eu_values-eu.arsc.flat
Compiling XML table /home/runner/work/GitHub_aide/GitHub_aide/app/build/intermediates/incremental/debug/mergeDebugResources/merged.dir/values-w400dp-port-v13/values-w400dp-port-v13.xml to /home/runner/work/GitHub_aide/GitHub_aide/app/build/intermediates/merged_res/debug/values-w400dp-port-v13_values-w400dp-port-v13.arsc.flat
Compiling XML table /home/runner/work/GitHub_aide/GitHub_aide/app/build/intermediates/incremental/debug/mergeDebugResources/merged.dir/values-port/values-port.xml to /home/runner/work/GitHub_aide/GitHub_aide/app/build/intermediates/merged_res/debug/values-port_values-port.arsc.flat
Compiling XML table /home/runner/work/GitHub_aide/GitHub_aide/app/build/intermediates/incremental/debug/mergeDebugResources/merged.dir/values-night-v8/values-night-v8.xml to /home/runner/work/GitHub_aide/GitHub_aide/app/build/intermediates/merged_res/debug/values-night-v8_values-night-v8.arsc.flat
Compiling XML table /home/runner/work/GitHub_aide/GitHub_aide/app/build/intermediates/incremental/debug/mergeDebugResources/merged.dir/values-fa/values-fa.xml to /home/runner/work/GitHub_aide/GitHub_aide/app/build/intermediates/merged_res/debug/values-fa_values-fa.arsc.flat
Compiling XML table /home/runner/work/GitHub_aide/GitHub_aide/app/build/intermediates/incremental/debug/mergeDebugResources/merged.dir/values-zh-rCN/values-zh-rCN.xml to /home/runner/work/GitHub_aide/GitHub_aide/app/build/intermediates/merged_res/debug/values-zh-rCN_values-zh-rCN.arsc.flat
Compiling XML table /home/runner/work/GitHub_aide/GitHub_aide/app/build/intermediates/incremental/debug/mergeDebugResources/merged.dir/values-en-rXC/values-en-rXC.xml to /home/runner/work/GitHub_aide/GitHub_aide/app/build/intermediates/merged_res/debug/values-en-rXC_values-en-rXC.arsc.flat
Compiling XML table /home/runner/work/GitHub_aide/GitHub_aide/app/build/intermediates/incremental/debug/mergeDebugResources/merged.dir/values-large-v4/values-large-v4.xml to /home/runner/work/GitHub_aide/GitHub_aide/app/build/intermediates/merged_res/debug/values-large-v4_values-large-v4.arsc.flat
Compiling XML table /home/runner/work/GitHub_aide/GitHub_aide/app/build/intermediates/incremental/debug/mergeDebugResources/merged.dir/values-en-rGB/values-en-rGB.xml to /home/runner/work/GitHub_aide/GitHub_aide/app/build/intermediates/merged_res/debug/values-en-rGB_values-en-rGB.arsc.flat
Compiling XML table /home/runner/work/GitHub_aide/GitHub_aide/app/build/intermediates/incremental/debug/mergeDebugResources/merged.dir/values-small-v4/values-small-v4.xml to /home/runner/work/GitHub_aide/GitHub_aide/app/build/intermediates/merged_res/debug/values-small-v4_values-small-v4.arsc.flat
Compiling XML table /home/runner/work/GitHub_aide/GitHub_aide/app/build/intermediates/incremental/debug/mergeDebugResources/merged.dir/values-gl/values-gl.xml to /home/runner/work/GitHub_aide/GitHub_aide/app/build/intermediates/merged_res/debug/values-gl_values-gl.arsc.flat
Compiling XML table /home/runner/work/GitHub_aide/GitHub_aide/app/build/intermediates/incremental/debug/mergeDebugResources/merged.dir/values-gu/values-gu.xml to /home/runner/work/GitHub_aide/GitHub_aide/app/build/intermediates/merged_res/debug/values-gu_values-gu.arsc.flat
Compiling XML table /home/runner/work/GitHub_aide/GitHub_aide/app/build/intermediates/incremental/debug/mergeDebugResources/merged.dir/values-pl/values-pl.xml to /home/runner/work/GitHub_aide/GitHub_aide/app/build/intermediates/merged_res/debug/values-pl_values-pl.arsc.flat
Compiling xml file /home/runner/work/GitHub_aide/GitHub_aide/app/src/main/res/layout/item_file.xml to /home/runner/work/GitHub_aide/GitHub_aide/app/build/intermediates/merged_res/debug/layout_item_file.xml.flat

> Task :app:parseDebugLocalResources
Transforming android.jar with PlatformAttrTransform
Caching disabled for PlatformAttrTransform: /usr/local/lib/android/sdk/platforms/android-34/android.jar because:
  Build cache is disabled
Transforming android.jar with PlatformAttrTransform
Caching disabled for task ':app:parseDebugLocalResources' because:
  Build cache is disabled
Task ':app:parseDebugLocalResources' is not up-to-date because:
  No history is available.
The input changes require a full rebuild for incremental task ':app:parseDebugLocalResources'.
Transforming android.jar with PlatformAttrTransform
Resolve mutations for :app:createDebugCompatibleScreenManifests (Thread[Execution worker,5,main]) started.
:app:createDebugCompatibleScreenManifests (Thread[Execution worker,5,main]) started.

> Task :app:createDebugCompatibleScreenManifests
Caching disabled for task ':app:createDebugCompatibleScreenManifests' because:
  Build cache is disabled
  Caching has been disabled for the task
Task ':app:createDebugCompatibleScreenManifests' is not up-to-date because:
  No history is available.
Resolve mutations for :app:extractDeepLinksDebug (Thread[Execution worker,5,main]) started.
:app:extractDeepLinksDebug (Thread[Execution worker,5,main]) started.

> Task :app:extractDeepLinksDebug
Caching disabled for task ':app:extractDeepLinksDebug' because:
  Build cache is disabled
Task ':app:extractDeepLinksDebug' is not up-to-date because:
  No history is available.
Resolve mutations for :app:processDebugMainManifest (Thread[Execution worker,5,main]) started.
:app:processDebugMainManifest (Thread[Execution worker,5,main]) started.

> Task :app:processDebugMainManifest FAILED
Transforming material-1.11.0.aar (com.google.android.material:material:1.11.0) with JetifyTransform
Transforming material-1.11.0.aar (com.google.android.material:material:1.11.0) with ExtractAarTransform
Transforming material-1.11.0.aar (com.google.android.material:material:1.11.0) with AarTransform
Transforming constraintlayout-2.1.4.aar (androidx.constraintlayout:constraintlayout:2.1.4) with JetifyTransform
Transforming constraintlayout-2.1.4.aar (androidx.constraintlayout:constraintlayout:2.1.4) with ExtractAarTransform
Transforming constraintlayout-2.1.4.aar (androidx.constraintlayout:constraintlayout:2.1.4) with AarTransform
Transforming appcompat-resources-1.6.1.aar (androidx.appcompat:appcompat-resources:1.6.1) with JetifyTransform
Transforming appcompat-resources-1.6.1.aar (androidx.appcompat:appcompat-resources:1.6.1) with ExtractAarTransform
Transforming appcompat-resources-1.6.1.aar (androidx.appcompat:appcompat-resources:1.6.1) with AarTransform
Transforming appcompat-1.6.1.aar (androidx.appcompat:appcompat:1.6.1) with JetifyTransform
Transforming appcompat-1.6.1.aar (androidx.appcompat:appcompat:1.6.1) with ExtractAarTransform
Transforming appcompat-1.6.1.aar (androidx.appcompat:appcompat:1.6.1) with AarTransform
Transforming play-services-ads-23.0.0.aar (com.google.android.gms:play-services-ads:23.0.0) with JetifyTransform
Transforming play-services-ads-23.0.0.aar (com.google.android.gms:play-services-ads:23.0.0) with ExtractAarTransform
Transforming play-services-ads-23.0.0.aar (com.google.android.gms:play-services-ads:23.0.0) with AarTransform
Transforming viewpager2-1.0.0.aar (androidx.viewpager2:viewpager2:1.0.0) with JetifyTransform
Transforming viewpager2-1.0.0.aar (androidx.viewpager2:viewpager2:1.0.0) with ExtractAarTransform
Transforming viewpager2-1.0.0.aar (androidx.viewpager2:viewpager2:1.0.0) with AarTransform
Transforming play-services-ads-lite-23.0.0.aar (com.google.android.gms:play-services-ads-lite:23.0.0) with JetifyTransform
Transforming play-services-ads-lite-23.0.0.aar (com.google.android.gms:play-services-ads-lite:23.0.0) with ExtractAarTransform
Transforming play-services-ads-lite-23.0.0.aar (com.google.android.gms:play-services-ads-lite:23.0.0) with AarTransform
Transforming play-services-ads-base-23.0.0.aar (com.google.android.gms:play-services-ads-base:23.0.0) with JetifyTransform
Transforming play-services-ads-base-23.0.0.aar (com.google.android.gms:play-services-ads-base:23.0.0) with ExtractAarTransform
Transforming play-services-ads-base-23.0.0.aar (com.google.android.gms:play-services-ads-base:23.0.0) with AarTransform
Transforming play-services-ads-base-23.0.0.aar (com.google.android.gms:play-services-ads-base:23.0.0) with JetifyTransform
Transforming play-services-ads-base-23.0.0.aar (com.google.android.gms:play-services-ads-base:23.0.0) with ExtractAarTransform
Transforming play-services-ads-base-23.0.0.aar (com.google.android.gms:play-services-ads-base:23.0.0) with AarTransform
Transforming play-services-ads-identifier-18.0.0.aar (com.google.android.gms:play-services-ads-identifier:18.0.0) with JetifyTransform
Transforming play-services-ads-identifier-18.0.0.aar (com.google.android.gms:play-services-ads-identifier:18.0.0) with ExtractAarTransform
Transforming play-services-ads-identifier-18.0.0.aar (com.google.android.gms:play-services-ads-identifier:18.0.0) with AarTransform
Transforming play-services-appset-16.0.1.aar (com.google.android.gms:play-services-appset:16.0.1) with JetifyTransform
Transforming play-services-appset-16.0.1.aar (com.google.android.gms:play-services-appset:16.0.1) with ExtractAarTransform
Transforming play-services-appset-16.0.1.aar (com.google.android.gms:play-services-appset:16.0.1) with AarTransform
Transforming play-services-base-18.0.0.aar (com.google.android.gms:play-services-base:18.0.0) with JetifyTransform
Transforming play-services-base-18.0.0.aar (com.google.android.gms:play-services-base:18.0.0) with ExtractAarTransform
Transforming play-services-base-18.0.0.aar (com.google.android.gms:play-services-base:18.0.0) with AarTransform
Transforming play-services-tasks-18.0.1.aar (com.google.android.gms:play-services-tasks:18.0.1) with JetifyTransform
Transforming play-services-tasks-18.0.1.aar (com.google.android.gms:play-services-tasks:18.0.1) with ExtractAarTransform
Transforming play-services-tasks-18.0.1.aar (com.google.android.gms:play-services-tasks:18.0.1) with AarTransform
Transforming play-services-tasks-18.0.1.aar (com.google.android.gms:play-services-tasks:18.0.1) with JetifyTransform
Transforming play-services-tasks-18.0.1.aar (com.google.android.gms:play-services-tasks:18.0.1) with ExtractAarTransform
Transforming play-services-tasks-18.0.1.aar (com.google.android.gms:play-services-tasks:18.0.1) with AarTransform
Transforming play-services-tasks-18.0.1.aar (com.google.android.gms:play-services-tasks:18.0.1) with JetifyTransform
Transforming play-services-tasks-18.0.1.aar (com.google.android.gms:play-services-tasks:18.0.1) with ExtractAarTransform
Transforming play-services-tasks-18.0.1.aar (com.google.android.gms:play-services-tasks:18.0.1) with AarTransform
Transforming play-services-measurement-sdk-api-20.1.2.aar (com.google.android.gms:play-services-measurement-sdk-api:20.1.2) with JetifyTransform
Transforming play-services-measurement-sdk-api-20.1.2.aar (com.google.android.gms:play-services-measurement-sdk-api:20.1.2) with ExtractAarTransform
Transforming play-services-measurement-sdk-api-20.1.2.aar (com.google.android.gms:play-services-measurement-sdk-api:20.1.2) with AarTransform
Transforming user-messaging-platform-2.2.0.aar (com.google.android.ump:user-messaging-platform:2.2.0) with JetifyTransform
Transforming user-messaging-platform-2.2.0.aar (com.google.android.ump:user-messaging-platform:2.2.0) with ExtractAarTransform
Transforming user-messaging-platform-2.2.0.aar (com.google.android.ump:user-messaging-platform:2.2.0) with AarTransform
Transforming play-services-measurement-base-20.1.2.aar (com.google.android.gms:play-services-measurement-base:20.1.2) with JetifyTransform
Transforming play-services-measurement-base-20.1.2.aar (com.google.android.gms:play-services-measurement-base:20.1.2) with ExtractAarTransform
Transforming play-services-measurement-base-20.1.2.aar (com.google.android.gms:play-services-measurement-base:20.1.2) with AarTransform
Transforming play-services-basement-18.2.0.aar (com.google.android.gms:play-services-basement:18.2.0) with JetifyTransform
Transforming play-services-basement-18.2.0.aar (com.google.android.gms:play-services-basement:18.2.0) with ExtractAarTransform
Transforming play-services-basement-18.2.0.aar (com.google.android.gms:play-services-basement:18.2.0) with AarTransform
Transforming play-services-basement-18.2.0.aar (com.google.android.gms:play-services-basement:18.2.0) with JetifyTransform
Transforming play-services-basement-18.2.0.aar (com.google.android.gms:play-services-basement:18.2.0) with ExtractAarTransform
Transforming play-services-basement-18.2.0.aar (com.google.android.gms:play-services-basement:18.2.0) with AarTransform
Transforming play-services-basement-18.2.0.aar (com.google.android.gms:play-services-basement:18.2.0) with JetifyTransform
Transforming play-services-basement-18.2.0.aar (com.google.android.gms:play-services-basement:18.2.0) with ExtractAarTransform
Transforming play-services-basement-18.2.0.aar (com.google.android.gms:play-services-basement:18.2.0) with AarTransform
Transforming play-services-basement-18.2.0.aar (com.google.android.gms:play-services-basement:18.2.0) with JetifyTransform
Transforming play-services-basement-18.2.0.aar (com.google.android.gms:play-services-basement:18.2.0) with ExtractAarTransform
Transforming play-services-basement-18.2.0.aar (com.google.android.gms:play-services-basement:18.2.0) with AarTransform
Transforming play-services-basement-18.2.0.aar (com.google.android.gms:play-services-basement:18.2.0) with JetifyTransform
Transforming play-services-basement-18.2.0.aar (com.google.android.gms:play-services-basement:18.2.0) with ExtractAarTransform
Transforming play-services-basement-18.2.0.aar (com.google.android.gms:play-services-basement:18.2.0) with AarTransform
Transforming play-services-basement-18.2.0.aar (com.google.android.gms:play-services-basement:18.2.0) with JetifyTransform
Transforming play-services-basement-18.2.0.aar (com.google.android.gms:play-services-basement:18.2.0) with ExtractAarTransform
Transforming play-services-basement-18.2.0.aar (com.google.android.gms:play-services-basement:18.2.0) with AarTransform
Transforming play-services-basement-18.2.0.aar (com.google.android.gms:play-services-basement:18.2.0) with JetifyTransform
Transforming play-services-basement-18.2.0.aar (com.google.android.gms:play-services-basement:18.2.0) with ExtractAarTransform
Transforming play-services-basement-18.2.0.aar (com.google.android.gms:play-services-basement:18.2.0) with AarTransform
Transforming play-services-basement-18.2.0.aar (com.google.android.gms:play-services-basement:18.2.0) with JetifyTransform
Transforming play-services-basement-18.2.0.aar (com.google.android.gms:play-services-basement:18.2.0) with ExtractAarTransform
Transforming play-services-basement-18.2.0.aar (com.google.android.gms:play-services-basement:18.2.0) with AarTransform
Transforming play-services-basement-18.2.0.aar (com.google.android.gms:play-services-basement:18.2.0) with JetifyTransform
Transforming play-services-basement-18.2.0.aar (com.google.android.gms:play-services-basement:18.2.0) with ExtractAarTransform
Transforming play-services-basement-18.2.0.aar (com.google.android.gms:play-services-basement:18.2.0) with AarTransform
Transforming play-services-basement-18.2.0.aar (com.google.android.gms:play-services-basement:18.2.0) with JetifyTransform
Transforming play-services-basement-18.2.0.aar (com.google.android.gms:play-services-basement:18.2.0) with ExtractAarTransform
Transforming play-services-basement-18.2.0.aar (com.google.android.gms:play-services-basement:18.2.0) with AarTransform
Transforming fragment-1.3.6.aar (androidx.fragment:fragment:1.3.6) with JetifyTransform
Transforming fragment-1.3.6.aar (androidx.fragment:fragment:1.3.6) with ExtractAarTransform
Transforming fragment-1.3.6.aar (androidx.fragment:fragment:1.3.6) with AarTransform
Transforming fragment-1.3.6.aar (androidx.fragment:fragment:1.3.6) with JetifyTransform
Transforming fragment-1.3.6.aar (androidx.fragment:fragment:1.3.6) with ExtractAarTransform
Transforming fragment-1.3.6.aar (androidx.fragment:fragment:1.3.6) with AarTransform
Transforming fragment-1.3.6.aar (androidx.fragment:fragment:1.3.6) with JetifyTransform
Transforming fragment-1.3.6.aar (androidx.fragment:fragment:1.3.6) with ExtractAarTransform
Transforming fragment-1.3.6.aar (androidx.fragment:fragment:1.3.6) with AarTransform
Transforming fragment-1.3.6.aar (androidx.fragment:fragment:1.3.6) with JetifyTransform
Transforming fragment-1.3.6.aar (androidx.fragment:fragment:1.3.6) with ExtractAarTransform
Transforming fragment-1.3.6.aar (androidx.fragment:fragment:1.3.6) with AarTransform
Transforming activity-1.8.0.aar (androidx.activity:activity:1.8.0) with JetifyTransform
Transforming activity-1.8.0.aar (androidx.activity:activity:1.8.0) with ExtractAarTransform
Transforming activity-1.8.0.aar (androidx.activity:activity:1.8.0) with AarTransform
Transforming emoji2-views-helper-1.2.0.aar (androidx.emoji2:emoji2-views-helper:1.2.0) with JetifyTransform
Transforming emoji2-views-helper-1.2.0.aar (androidx.emoji2:emoji2-views-helper:1.2.0) with ExtractAarTransform
Transforming emoji2-views-helper-1.2.0.aar (androidx.emoji2:emoji2-views-helper:1.2.0) with AarTransform
Transforming emoji2-1.2.0.aar (androidx.emoji2:emoji2:1.2.0) with JetifyTransform
Transforming emoji2-1.2.0.aar (androidx.emoji2:emoji2:1.2.0) with ExtractAarTransform
Transforming emoji2-1.2.0.aar (androidx.emoji2:emoji2:1.2.0) with AarTransform
Transforming drawerlayout-1.1.1.aar (androidx.drawerlayout:drawerlayout:1.1.1) with JetifyTransform
Transforming drawerlayout-1.1.1.aar (androidx.drawerlayout:drawerlayout:1.1.1) with ExtractAarTransform
Transforming drawerlayout-1.1.1.aar (androidx.drawerlayout:drawerlayout:1.1.1) with AarTransform
Transforming coordinatorlayout-1.1.0.aar (androidx.coordinatorlayout:coordinatorlayout:1.1.0) with JetifyTransform
Transforming coordinatorlayout-1.1.0.aar (androidx.coordinatorlayout:coordinatorlayout:1.1.0) with ExtractAarTransform
Transforming coordinatorlayout-1.1.0.aar (androidx.coordinatorlayout:coordinatorlayout:1.1.0) with AarTransform
Transforming dynamicanimation-1.0.0.aar (androidx.dynamicanimation:dynamicanimation:1.0.0) with JetifyTransform
Transforming dynamicanimation-1.0.0.aar (androidx.dynamicanimation:dynamicanimation:1.0.0) with ExtractAarTransform
Transforming dynamicanimation-1.0.0.aar (androidx.dynamicanimation:dynamicanimation:1.0.0) with AarTransform
Transforming transition-1.2.0.aar (androidx.transition:transition:1.2.0) with JetifyTransform
Transforming transition-1.2.0.aar (androidx.transition:transition:1.2.0) with ExtractAarTransform
Transforming transition-1.2.0.aar (androidx.transition:transition:1.2.0) with AarTransform
Transforming vectordrawable-animated-1.1.0.aar (androidx.vectordrawable:vectordrawable-animated:1.1.0) with JetifyTransform
Transforming vectordrawable-animated-1.1.0.aar (androidx.vectordrawable:vectordrawable-animated:1.1.0) with ExtractAarTransform
Transforming vectordrawable-animated-1.1.0.aar (androidx.vectordrawable:vectordrawable-animated:1.1.0) with AarTransform
Transforming vectordrawable-1.1.0.aar (androidx.vectordrawable:vectordrawable:1.1.0) with JetifyTransform
Transforming vectordrawable-1.1.0.aar (androidx.vectordrawable:vectordrawable:1.1.0) with ExtractAarTransform
Transforming vectordrawable-1.1.0.aar (androidx.vectordrawable:vectordrawable:1.1.0) with AarTransform
Transforming vectordrawable-1.1.0.aar (androidx.vectordrawable:vectordrawable:1.1.0) with JetifyTransform
Transforming vectordrawable-1.1.0.aar (androidx.vectordrawable:vectordrawable:1.1.0) with ExtractAarTransform
Transforming vectordrawable-1.1.0.aar (androidx.vectordrawable:vectordrawable:1.1.0) with AarTransform
Transforming browser-1.4.0.aar (androidx.browser:browser:1.4.0) with JetifyTransform
Transforming browser-1.4.0.aar (androidx.browser:browser:1.4.0) with ExtractAarTransform
Transforming browser-1.4.0.aar (androidx.browser:browser:1.4.0) with AarTransform
Transforming ads-adservices-java-1.0.0-beta05.aar (androidx.privacysandbox.ads:ads-adservices-java:1.0.0-beta05) with JetifyTransform
Transforming ads-adservices-java-1.0.0-beta05.aar (androidx.privacysandbox.ads:ads-adservices-java:1.0.0-beta05) with ExtractAarTransform
Transforming ads-adservices-java-1.0.0-beta05.aar (androidx.privacysandbox.ads:ads-adservices-java:1.0.0-beta05) with AarTransform
Transforming ads-adservices-1.0.0-beta05.aar (androidx.privacysandbox.ads:ads-adservices:1.0.0-beta05) with JetifyTransform
Transforming ads-adservices-1.0.0-beta05.aar (androidx.privacysandbox.ads:ads-adservices:1.0.0-beta05) with ExtractAarTransform
Transforming ads-adservices-1.0.0-beta05.aar (androidx.privacysandbox.ads:ads-adservices:1.0.0-beta05) with AarTransform
Transforming ads-adservices-1.0.0-beta05.aar (androidx.privacysandbox.ads:ads-adservices:1.0.0-beta05) with JetifyTransform
Transforming ads-adservices-1.0.0-beta05.aar (androidx.privacysandbox.ads:ads-adservices:1.0.0-beta05) with ExtractAarTransform
Transforming ads-adservices-1.0.0-beta05.aar (androidx.privacysandbox.ads:ads-adservices:1.0.0-beta05) with AarTransform
Transforming legacy-support-core-utils-1.0.0.aar (androidx.legacy:legacy-support-core-utils:1.0.0) with JetifyTransform
Transforming legacy-support-core-utils-1.0.0.aar (androidx.legacy:legacy-support-core-utils:1.0.0) with ExtractAarTransform
Transforming legacy-support-core-utils-1.0.0.aar (androidx.legacy:legacy-support-core-utils:1.0.0) with AarTransform
Transforming loader-1.0.0.aar (androidx.loader:loader:1.0.0) with JetifyTransform
Transforming loader-1.0.0.aar (androidx.loader:loader:1.0.0) with ExtractAarTransform
Transforming loader-1.0.0.aar (androidx.loader:loader:1.0.0) with AarTransform
Transforming loader-1.0.0.aar (androidx.loader:loader:1.0.0) with JetifyTransform
Transforming loader-1.0.0.aar (androidx.loader:loader:1.0.0) with ExtractAarTransform
Transforming loader-1.0.0.aar (androidx.loader:loader:1.0.0) with AarTransform
Transforming savedstate-1.2.1.aar (androidx.savedstate:savedstate:1.2.1) with JetifyTransform
Transforming savedstate-1.2.1.aar (androidx.savedstate:savedstate:1.2.1) with ExtractAarTransform
Transforming savedstate-1.2.1.aar (androidx.savedstate:savedstate:1.2.1) with AarTransform
Transforming work-runtime-2.7.0.aar (androidx.work:work-runtime:2.7.0) with JetifyTransform
Transforming work-runtime-2.7.0.aar (androidx.work:work-runtime:2.7.0) with ExtractAarTransform
Transforming work-runtime-2.7.0.aar (androidx.work:work-runtime:2.7.0) with AarTransform
Transforming lifecycle-service-2.6.1.aar (androidx.lifecycle:lifecycle-service:2.6.1) with JetifyTransform
Transforming lifecycle-service-2.6.1.aar (androidx.lifecycle:lifecycle-service:2.6.1) with ExtractAarTransform
Transforming lifecycle-service-2.6.1.aar (androidx.lifecycle:lifecycle-service:2.6.1) with AarTransform
Transforming lifecycle-process-2.6.1.aar (androidx.lifecycle:lifecycle-process:2.6.1) with JetifyTransform
Transforming lifecycle-process-2.6.1.aar (androidx.lifecycle:lifecycle-process:2.6.1) with ExtractAarTransform
Transforming lifecycle-process-2.6.1.aar (androidx.lifecycle:lifecycle-process:2.6.1) with AarTransform
Transforming lifecycle-livedata-core-2.6.1.aar (androidx.lifecycle:lifecycle-livedata-core:2.6.1) with JetifyTransform
Transforming lifecycle-livedata-core-2.6.1.aar (androidx.lifecycle:lifecycle-livedata-core:2.6.1) with ExtractAarTransform
Transforming lifecycle-livedata-core-2.6.1.aar (androidx.lifecycle:lifecycle-livedata-core:2.6.1) with AarTransform
Transforming lifecycle-livedata-2.6.1.aar (androidx.lifecycle:lifecycle-livedata:2.6.1) with JetifyTransform
Transforming lifecycle-livedata-2.6.1.aar (androidx.lifecycle:lifecycle-livedata:2.6.1) with ExtractAarTransform
Transforming lifecycle-livedata-2.6.1.aar (androidx.lifecycle:lifecycle-livedata:2.6.1) with AarTransform
Transforming lifecycle-livedata-2.6.1.aar (androidx.lifecycle:lifecycle-livedata:2.6.1) with JetifyTransform
Transforming lifecycle-livedata-2.6.1.aar (androidx.lifecycle:lifecycle-livedata:2.6.1) with ExtractAarTransform
Transforming lifecycle-livedata-2.6.1.aar (androidx.lifecycle:lifecycle-livedata:2.6.1) with AarTransform
Transforming lifecycle-viewmodel-2.6.1.aar (androidx.lifecycle:lifecycle-viewmodel:2.6.1) with JetifyTransform
Transforming lifecycle-viewmodel-2.6.1.aar (androidx.lifecycle:lifecycle-viewmodel:2.6.1) with ExtractAarTransform
Transforming lifecycle-viewmodel-2.6.1.aar (androidx.lifecycle:lifecycle-viewmodel:2.6.1) with AarTransform
Transforming lifecycle-viewmodel-2.6.1.aar (androidx.lifecycle:lifecycle-viewmodel:2.6.1) with JetifyTransform
Transforming lifecycle-viewmodel-2.6.1.aar (androidx.lifecycle:lifecycle-viewmodel:2.6.1) with ExtractAarTransform
Transforming lifecycle-viewmodel-2.6.1.aar (androidx.lifecycle:lifecycle-viewmodel:2.6.1) with AarTransform
Transforming lifecycle-runtime-2.6.1.aar (androidx.lifecycle:lifecycle-runtime:2.6.1) with JetifyTransform
Transforming lifecycle-runtime-2.6.1.aar (androidx.lifecycle:lifecycle-runtime:2.6.1) with ExtractAarTransform
Transforming lifecycle-runtime-2.6.1.aar (androidx.lifecycle:lifecycle-runtime:2.6.1) with AarTransform
Transforming lifecycle-viewmodel-savedstate-2.6.1.aar (androidx.lifecycle:lifecycle-viewmodel-savedstate:2.6.1) with JetifyTransform
Transforming lifecycle-viewmodel-savedstate-2.6.1.aar (androidx.lifecycle:lifecycle-viewmodel-savedstate:2.6.1) with ExtractAarTransform
Transforming lifecycle-viewmodel-savedstate-2.6.1.aar (androidx.lifecycle:lifecycle-viewmodel-savedstate:2.6.1) with AarTransform
Transforming core-ktx-1.9.0.aar (androidx.core:core-ktx:1.9.0) with JetifyTransform
Transforming core-ktx-1.9.0.aar (androidx.core:core-ktx:1.9.0) with ExtractAarTransform
Transforming core-ktx-1.9.0.aar (androidx.core:core-ktx:1.9.0) with AarTransform
Transforming viewpager-1.0.0.aar (androidx.viewpager:viewpager:1.0.0) with JetifyTransform
Transforming viewpager-1.0.0.aar (androidx.viewpager:viewpager:1.0.0) with ExtractAarTransform
Transforming viewpager-1.0.0.aar (androidx.viewpager:viewpager:1.0.0) with AarTransform
Transforming recyclerview-1.1.0.aar (androidx.recyclerview:recyclerview:1.1.0) with JetifyTransform
Transforming recyclerview-1.1.0.aar (androidx.recyclerview:recyclerview:1.1.0) with ExtractAarTransform
Transforming recyclerview-1.1.0.aar (androidx.recyclerview:recyclerview:1.1.0) with AarTransform
Transforming recyclerview-1.1.0.aar (androidx.recyclerview:recyclerview:1.1.0) with JetifyTransform
Transforming recyclerview-1.1.0.aar (androidx.recyclerview:recyclerview:1.1.0) with ExtractAarTransform
Transforming recyclerview-1.1.0.aar (androidx.recyclerview:recyclerview:1.1.0) with AarTransform
Transforming customview-1.1.0.aar (androidx.customview:customview:1.1.0) with JetifyTransform
Transforming customview-1.1.0.aar (androidx.customview:customview:1.1.0) with ExtractAarTransform
Transforming customview-1.1.0.aar (androidx.customview:customview:1.1.0) with AarTransform
Transforming customview-1.1.0.aar (androidx.customview:customview:1.1.0) with JetifyTransform
Transforming customview-1.1.0.aar (androidx.customview:customview:1.1.0) with ExtractAarTransform
Transforming customview-1.1.0.aar (androidx.customview:customview:1.1.0) with AarTransform
Transforming customview-1.1.0.aar (androidx.customview:customview:1.1.0) with JetifyTransform
Transforming customview-1.1.0.aar (androidx.customview:customview:1.1.0) with ExtractAarTransform
Transforming customview-1.1.0.aar (androidx.customview:customview:1.1.0) with AarTransform
Transforming customview-1.1.0.aar (androidx.customview:customview:1.1.0) with JetifyTransform
Transforming customview-1.1.0.aar (androidx.customview:customview:1.1.0) with ExtractAarTransform
Transforming customview-1.1.0.aar (androidx.customview:customview:1.1.0) with AarTransform
Transforming core-1.9.0.aar (androidx.core:core:1.9.0) with JetifyTransform
Transforming core-1.9.0.aar (androidx.core:core:1.9.0) with ExtractAarTransform
Transforming core-1.9.0.aar (androidx.core:core:1.9.0) with AarTransform
Transforming core-1.9.0.aar (androidx.core:core:1.9.0) with JetifyTransform
Transforming core-1.9.0.aar (androidx.core:core:1.9.0) with ExtractAarTransform
Transforming core-1.9.0.aar (androidx.core:core:1.9.0) with AarTransform
Transforming core-1.9.0.aar (androidx.core:core:1.9.0) with JetifyTransform
Transforming core-1.9.0.aar (androidx.core:core:1.9.0) with ExtractAarTransform
Transforming core-1.9.0.aar (androidx.core:core:1.9.0) with AarTransform
Transforming core-1.9.0.aar (androidx.core:core:1.9.0) with JetifyTransform
Transforming core-1.9.0.aar (androidx.core:core:1.9.0) with ExtractAarTransform
Transforming core-1.9.0.aar (androidx.core:core:1.9.0) with AarTransform
Transforming core-1.9.0.aar (androidx.core:core:1.9.0) with JetifyTransform
Transforming core-1.9.0.aar (androidx.core:core:1.9.0) with ExtractAarTransform
Transforming core-1.9.0.aar (androidx.core:core:1.9.0) with AarTransform
Transforming core-1.9.0.aar (androidx.core:core:1.9.0) with JetifyTransform
Caching disabled for AarTransform: /home/runner/.gradle/caches/transforms-4/518aff9b5455e450b373c9594763223e/transformed/material-1.11.0 because:
  Build cache is disabled
  Caching not enabled.
Transforming core-1.9.0.aar (androidx.core:core:1.9.0) with ExtractAarTransform
Transforming core-1.9.0.aar (androidx.core:core:1.9.0) with AarTransform
Transforming core-1.9.0.aar (androidx.core:core:1.9.0) with JetifyTransform
Transforming core-1.9.0.aar (androidx.core:core:1.9.0) with ExtractAarTransform
Transforming core-1.9.0.aar (androidx.core:core:1.9.0) with AarTransform
Transforming core-1.9.0.aar (androidx.core:core:1.9.0) with JetifyTransform
Transforming core-1.9.0.aar (androidx.core:core:1.9.0) with ExtractAarTransform
Transforming core-1.9.0.aar (androidx.core:core:1.9.0) with AarTransform
Transforming core-1.9.0.aar (androidx.core:core:1.9.0) with JetifyTransform
Transforming core-1.9.0.aar (androidx.core:core:1.9.0) with ExtractAarTransform
Transforming core-1.9.0.aar (androidx.core:core:1.9.0) with AarTransform
Transforming core-1.9.0.aar (androidx.core:core:1.9.0) with JetifyTransform
Transforming core-1.9.0.aar (androidx.core:core:1.9.0) with ExtractAarTransform
Transforming core-1.9.0.aar (androidx.core:core:1.9.0) with AarTransform
Transforming core-1.9.0.aar (androidx.core:core:1.9.0) with JetifyTransform
Transforming core-1.9.0.aar (androidx.core:core:1.9.0) with ExtractAarTransform
Transforming core-1.9.0.aar (androidx.core:core:1.9.0) with AarTransform
Transforming core-1.9.0.aar (androidx.core:core:1.9.0) with JetifyTransform
Transforming core-1.9.0.aar (androidx.core:core:1.9.0) with ExtractAarTransform
Transforming core-1.9.0.aar (androidx.core:core:1.9.0) with AarTransform
Transforming core-1.9.0.aar (androidx.core:core:1.9.0) with JetifyTransform
Transforming core-1.9.0.aar (androidx.core:core:1.9.0) with ExtractAarTransform
Transforming core-1.9.0.aar (androidx.core:core:1.9.0) with AarTransform
Transforming core-1.9.0.aar (androidx.core:core:1.9.0) with JetifyTransform
Transforming core-1.9.0.aar (androidx.core:core:1.9.0) with ExtractAarTransform
Transforming core-1.9.0.aar (androidx.core:core:1.9.0) with AarTransform
Transforming core-1.9.0.aar (androidx.core:core:1.9.0) with JetifyTransform
Transforming core-1.9.0.aar (androidx.core:core:1.9.0) with ExtractAarTransform
Transforming core-1.9.0.aar (androidx.core:core:1.9.0) with AarTransform
Transforming cursoradapter-1.0.0.aar (androidx.cursoradapter:cursoradapter:1.0.0) with JetifyTransform
Transforming cursoradapter-1.0.0.aar (androidx.cursoradapter:cursoradapter:1.0.0) with ExtractAarTransform
Transforming cursoradapter-1.0.0.aar (androidx.cursoradapter:cursoradapter:1.0.0) with AarTransform
Transforming cardview-1.0.0.aar (androidx.cardview:cardview:1.0.0) with JetifyTransform
Transforming cardview-1.0.0.aar (androidx.cardview:cardview:1.0.0) with ExtractAarTransform
Transforming cardview-1.0.0.aar (androidx.cardview:cardview:1.0.0) with AarTransform
Transforming versionedparcelable-1.1.1.aar (androidx.versionedparcelable:versionedparcelable:1.1.1) with JetifyTransform
Transforming versionedparcelable-1.1.1.aar (androidx.versionedparcelable:versionedparcelable:1.1.1) with ExtractAarTransform
Transforming versionedparcelable-1.1.1.aar (androidx.versionedparcelable:versionedparcelable:1.1.1) with AarTransform
Transforming profileinstaller-1.3.0.aar (androidx.profileinstaller:profileinstaller:1.3.0) with JetifyTransform
Transforming profileinstaller-1.3.0.aar (androidx.profileinstaller:profileinstaller:1.3.0) with ExtractAarTransform
Transforming profileinstaller-1.3.0.aar (androidx.profileinstaller:profileinstaller:1.3.0) with AarTransform
Transforming startup-runtime-1.1.1.aar (androidx.startup:startup-runtime:1.1.1) with JetifyTransform
Transforming startup-runtime-1.1.1.aar (androidx.startup:startup-runtime:1.1.1) with ExtractAarTransform
Transforming startup-runtime-1.1.1.aar (androidx.startup:startup-runtime:1.1.1) with AarTransform
Transforming tracing-1.0.0.aar (androidx.tracing:tracing:1.0.0) with JetifyTransform
Transforming tracing-1.0.0.aar (androidx.tracing:tracing:1.0.0) with ExtractAarTransform
Transforming tracing-1.0.0.aar (androidx.tracing:tracing:1.0.0) with AarTransform
Transforming interpolator-1.0.0.aar (androidx.interpolator:interpolator:1.0.0) with JetifyTransform
Transforming interpolator-1.0.0.aar (androidx.interpolator:interpolator:1.0.0) with ExtractAarTransform
Transforming interpolator-1.0.0.aar (androidx.interpolator:interpolator:1.0.0) with AarTransform
Transforming interpolator-1.0.0.aar (androidx.interpolator:interpolator:1.0.0) with JetifyTransform
Transforming interpolator-1.0.0.aar (androidx.interpolator:interpolator:1.0.0) with ExtractAarTransform
Transforming interpolator-1.0.0.aar (androidx.interpolator:interpolator:1.0.0) with AarTransform
Transforming room-runtime-2.2.5.aar (androidx.room:room-runtime:2.2.5) with JetifyTransform
Transforming room-runtime-2.2.5.aar (androidx.room:room-runtime:2.2.5) with ExtractAarTransform
Transforming room-runtime-2.2.5.aar (androidx.room:room-runtime:2.2.5) with AarTransform
Transforming core-runtime-2.2.0.aar (androidx.arch.core:core-runtime:2.2.0) with JetifyTransform
Transforming core-runtime-2.2.0.aar (androidx.arch.core:core-runtime:2.2.0) with ExtractAarTransform
Transforming core-runtime-2.2.0.aar (androidx.arch.core:core-runtime:2.2.0) with AarTransform
Transforming core-runtime-2.2.0.aar (androidx.arch.core:core-runtime:2.2.0) with JetifyTransform
Transforming core-runtime-2.2.0.aar (androidx.arch.core:core-runtime:2.2.0) with ExtractAarTransform
Transforming core-runtime-2.2.0.aar (androidx.arch.core:core-runtime:2.2.0) with AarTransform
Transforming documentfile-1.0.0.aar (androidx.documentfile:documentfile:1.0.0) with JetifyTransform
Transforming documentfile-1.0.0.aar (androidx.documentfile:documentfile:1.0.0) with ExtractAarTransform
Transforming documentfile-1.0.0.aar (androidx.documentfile:documentfile:1.0.0) with AarTransform
Transforming localbroadcastmanager-1.0.0.aar (androidx.localbroadcastmanager:localbroadcastmanager:1.0.0) with JetifyTransform
Transforming localbroadcastmanager-1.0.0.aar (androidx.localbroadcastmanager:localbroadcastmanager:1.0.0) with ExtractAarTransform
Transforming localbroadcastmanager-1.0.0.aar (androidx.localbroadcastmanager:localbroadcastmanager:1.0.0) with AarTransform
Transforming print-1.0.0.aar (androidx.print:print:1.0.0) with JetifyTransform
Transforming print-1.0.0.aar (androidx.print:print:1.0.0) with ExtractAarTransform
Transforming print-1.0.0.aar (androidx.print:print:1.0.0) with AarTransform
Transforming sqlite-framework-2.1.0.aar (androidx.sqlite:sqlite-framework:2.1.0) with JetifyTransform
Transforming sqlite-framework-2.1.0.aar (androidx.sqlite:sqlite-framework:2.1.0) with ExtractAarTransform
Transforming sqlite-framework-2.1.0.aar (androidx.sqlite:sqlite-framework:2.1.0) with AarTransform
Transforming sqlite-framework-2.1.0.aar (androidx.sqlite:sqlite-framework:2.1.0) with JetifyTransform
Transforming sqlite-framework-2.1.0.aar (androidx.sqlite:sqlite-framework:2.1.0) with ExtractAarTransform
Transforming sqlite-framework-2.1.0.aar (androidx.sqlite:sqlite-framework:2.1.0) with AarTransform
Transforming sqlite-2.1.0.aar (androidx.sqlite:sqlite:2.1.0) with JetifyTransform
Transforming sqlite-2.1.0.aar (androidx.sqlite:sqlite:2.1.0) with ExtractAarTransform
Transforming sqlite-2.1.0.aar (androidx.sqlite:sqlite:2.1.0) with AarTransform
Transforming sqlite-2.1.0.aar (androidx.sqlite:sqlite:2.1.0) with JetifyTransform
Transforming sqlite-2.1.0.aar (androidx.sqlite:sqlite:2.1.0) with ExtractAarTransform
Transforming sqlite-2.1.0.aar (androidx.sqlite:sqlite:2.1.0) with AarTransform
Transforming sqlite-2.1.0.aar (androidx.sqlite:sqlite:2.1.0) with JetifyTransform
Transforming sqlite-2.1.0.aar (androidx.sqlite:sqlite:2.1.0) with ExtractAarTransform
Transforming sqlite-2.1.0.aar (androidx.sqlite:sqlite:2.1.0) with AarTransform
Transforming annotation-experimental-1.3.0.aar (androidx.annotation:annotation-experimental:1.3.0) with JetifyTransform
Transforming annotation-experimental-1.3.0.aar (androidx.annotation:annotation-experimental:1.3.0) with ExtractAarTransform
Transforming annotation-experimental-1.3.0.aar (androidx.annotation:annotation-experimental:1.3.0) with AarTransform
Caching disabled for AarTransform: /home/runner/.gradle/caches/transforms-4/6b233d9d4aa0ec43b2691cc95d25ea95/transformed/constraintlayout-2.1.4 because:
  Build cache is disabled
  Caching not enabled.
Caching disabled for AarTransform: /home/runner/.gradle/caches/transforms-4/c4f2e3883abe60a273e37b3691e88737/transformed/jetified-appcompat-resources-1.6.1 because:
  Build cache is disabled
  Caching not enabled.
Caching disabled for AarTransform: /home/runner/.gradle/caches/transforms-4/d6a07215b0622a7ec0f1d4225111002c/transformed/jetified-play-services-ads-23.0.0 because:
  Build cache is disabled
  Caching not enabled.
Caching disabled for AarTransform: /home/runner/.gradle/caches/transforms-4/d1932d554f56d59c3b98609b2f2eb215/transformed/jetified-viewpager2-1.0.0 because:
  Build cache is disabled
  Caching not enabled.
Caching disabled for AarTransform: /home/runner/.gradle/caches/transforms-4/bc020576218432ec790f99842ad6708e/transformed/appcompat-1.6.1 because:
  Build cache is disabled
  Caching not enabled.
Caching disabled for AarTransform: /home/runner/.gradle/caches/transforms-4/8e8172878237a19cfa3191ce50fc7d47/transformed/jetified-play-services-ads-lite-23.0.0 because:
  Build cache is disabled
  Caching not enabled.
Caching disabled for AarTransform: /home/runner/.gradle/caches/transforms-4/1e89a9ba8a98e0582213350c60ebb674/transformed/jetified-play-services-ads-base-23.0.0 because:
  Build cache is disabled
  Caching not enabled.
Caching disabled for AarTransform: /home/runner/.gradle/caches/transforms-4/3b2df9711baab62844660af5472c5a9a/transformed/jetified-play-services-ads-identifier-18.0.0 because:
  Build cache is disabled
  Caching not enabled.
Caching disabled for AarTransform: /home/runner/.gradle/caches/transforms-4/fdccf8cf7a4c328a21043977d9c92127/transformed/jetified-play-services-appset-16.0.1 because:
  Build cache is disabled
  Caching not enabled.
Caching disabled for AarTransform: /home/runner/.gradle/caches/transforms-4/190c578fcb01c4054eb6294c4d5f2a60/transformed/jetified-play-services-base-18.0.0 because:
  Build cache is disabled
  Caching not enabled.
Caching disabled for AarTransform: /home/runner/.gradle/caches/transforms-4/833eb3204f2a72131b3b6024bca63ed6/transformed/jetified-play-services-tasks-18.0.1 because:
  Build cache is disabled
  Caching not enabled.
Caching disabled for AarTransform: /home/runner/.gradle/caches/transforms-4/32cdc29e53342b5bc44f9b07c060e36f/transformed/jetified-play-services-measurement-sdk-api-20.1.2 because:
  Build cache is disabled
  Caching not enabled.
Caching disabled for AarTransform: /home/runner/.gradle/caches/transforms-4/5dd319d1cd6aae802f19f6822ddbae71/transformed/jetified-user-messaging-platform-2.2.0 because:
  Build cache is disabled
  Caching not enabled.
Caching disabled for AarTransform: /home/runner/.gradle/caches/transforms-4/afc90ac95833f93a5ffc817d2aaa7ff8/transformed/jetified-play-services-measurement-base-20.1.2 because:
  Build cache is disabled
  Caching not enabled.
Caching disabled for AarTransform: /home/runner/.gradle/caches/transforms-4/992cc2e6b3eb7d15bd787bf8106a67f1/transformed/jetified-play-services-basement-18.2.0 because:
  Build cache is disabled
  Caching not enabled.
Caching disabled for AarTransform: /home/runner/.gradle/caches/transforms-4/8e8d1b0f251ca760ec94bdb77fcbb2ed/transformed/fragment-1.3.6 because:
  Build cache is disabled
  Caching not enabled.
Caching disabled for AarTransform: /home/runner/.gradle/caches/transforms-4/211ed3e0ad39cd58d4a61399f5101c07/transformed/jetified-activity-1.8.0 because:
  Build cache is disabled
  Caching not enabled.
Caching disabled for AarTransform: /home/runner/.gradle/caches/transforms-4/7e85ef6ad7f3fc1c8fa61c648aff51b2/transformed/jetified-emoji2-views-helper-1.2.0 because:
  Build cache is disabled
  Caching not enabled.
Caching disabled for AarTransform: /home/runner/.gradle/caches/transforms-4/1f92642ae243f896e0e65bfb826cd016/transformed/jetified-emoji2-1.2.0 because:
  Build cache is disabled
  Caching not enabled.
Caching disabled for AarTransform: /home/runner/.gradle/caches/transforms-4/114c27a2e74e421f982e62217c92aef5/transformed/drawerlayout-1.1.1 because:
  Build cache is disabled
  Caching not enabled.
Caching disabled for AarTransform: /home/runner/.gradle/caches/transforms-4/19f43ab90e72438112ff231769719d7f/transformed/coordinatorlayout-1.1.0 because:
  Build cache is disabled
  Caching not enabled.
Caching disabled for AarTransform: /home/runner/.gradle/caches/transforms-4/823d342e6879f2990958d1ccf1fe337e/transformed/transition-1.2.0 because:
  Build cache is disabled
  Caching not enabled.
Caching disabled for AarTransform: /home/runner/.gradle/caches/transforms-4/178c9fea5f4e6f833e5b93aa8498b90b/transformed/dynamicanimation-1.0.0 because:
  Build cache is disabled
  Caching not enabled.
Caching disabled for AarTransform: /home/runner/.gradle/caches/transforms-4/5635b4e3caccc7898015d573f141920e/transformed/vectordrawable-animated-1.1.0 because:
  Build cache is disabled
  Caching not enabled.
Caching disabled for AarTransform: /home/runner/.gradle/caches/transforms-4/9db17f122ceeb1c3235a8f2ee9de2554/transformed/vectordrawable-1.1.0 because:
  Build cache is disabled
  Caching not enabled.
Caching disabled for AarTransform: /home/runner/.gradle/caches/transforms-4/c39534e1c010edaa2124cf387494ee9b/transformed/jetified-ads-adservices-java-1.0.0-beta05 because:
  Build cache is disabled
  Caching not enabled.
Caching disabled for AarTransform: /home/runner/.gradle/caches/transforms-4/e4e5c227d00ec63dea5d0f80e6077f9a/transformed/browser-1.4.0 because:
  Build cache is disabled
  Caching not enabled.
Caching disabled for AarTransform: /home/runner/.gradle/caches/transforms-4/5ae02b5e9975ca99250e0fc6a8bccec9/transformed/jetified-ads-adservices-1.0.0-beta05 because:
  Build cache is disabled
  Caching not enabled.
Caching disabled for AarTransform: /home/runner/.gradle/caches/transforms-4/1e0bea0431272f7726f6cba827f00e34/transformed/legacy-support-core-utils-1.0.0 because:
  Build cache is disabled
  Caching not enabled.
Caching disabled for AarTransform: /home/runner/.gradle/caches/transforms-4/abe256e93817ae42579a76f032cf7e52/transformed/loader-1.0.0 because:
  Build cache is disabled
  Caching not enabled.
Caching disabled for AarTransform: /home/runner/.gradle/caches/transforms-4/76c3db6aed5342d56bc60d71c8a33bee/transformed/jetified-savedstate-1.2.1 because:
  Build cache is disabled
  Caching not enabled.
Caching disabled for AarTransform: /home/runner/.gradle/caches/transforms-4/7c03877c3e730a1a5e8663cb30e2e3f8/transformed/work-runtime-2.7.0 because:
  Build cache is disabled
  Caching not enabled.
Caching disabled for AarTransform: /home/runner/.gradle/caches/transforms-4/8a607f1b84fb8c451d8a218d7ffb78f7/transformed/jetified-lifecycle-service-2.6.1 because:
  Build cache is disabled
  Caching not enabled.
Caching disabled for AarTransform: /home/runner/.gradle/caches/transforms-4/16319bfea425ccb34cdee45574e85a2f/transformed/jetified-lifecycle-process-2.6.1 because:
  Build cache is disabled
  Caching not enabled.
Caching disabled for AarTransform: /home/runner/.gradle/caches/transforms-4/0d380555147b80b51751cf6bd8828956/transformed/lifecycle-livedata-core-2.6.1 because:
  Build cache is disabled
  Caching not enabled.
Caching disabled for AarTransform: /home/runner/.gradle/caches/transforms-4/c8c32571d833eabb80ccffee3e7ed692/transformed/lifecycle-livedata-2.6.1 because:
  Build cache is disabled
  Caching not enabled.
Caching disabled for AarTransform: /home/runner/.gradle/caches/transforms-4/9695c95323afb568ed7a2515a5dd4616/transformed/lifecycle-viewmodel-2.6.1 because:
  Build cache is disabled
  Caching not enabled.
Caching disabled for AarTransform: /home/runner/.gradle/caches/transforms-4/8e325f3c132075b3ee88278ee43bab0f/transformed/lifecycle-runtime-2.6.1 because:
  Build cache is disabled
  Caching not enabled.
Caching disabled for AarTransform: /home/runner/.gradle/caches/transforms-4/f7cfe774256e602c47ade6cb5829c4b9/transformed/jetified-lifecycle-viewmodel-savedstate-2.6.1 because:
  Build cache is disabled
  Caching not enabled.
Caching disabled for AarTransform: /home/runner/.gradle/caches/transforms-4/12b2eb200dd9729fdcd574bbcff60573/transformed/jetified-core-ktx-1.9.0 because:
  Build cache is disabled
  Caching not enabled.
Caching disabled for AarTransform: /home/runner/.gradle/caches/transforms-4/5ad964eb79a7eb8d460aeb47b4b406ee/transformed/viewpager-1.0.0 because:
  Build cache is disabled
  Caching not enabled.
Caching disabled for AarTransform: /home/runner/.gradle/caches/transforms-4/5079bf911dfd33c4befcca28a5d6c504/transformed/recyclerview-1.1.0 because:
  Build cache is disabled
  Caching not enabled.
Caching disabled for AarTransform: /home/runner/.gradle/caches/transforms-4/78b04baaf55de87e556b64a231d9530f/transformed/customview-1.1.0 because:
  Build cache is disabled
  Caching not enabled.
Caching disabled for AarTransform: /home/runner/.gradle/caches/transforms-4/566acc714c8179f607f6e5bc825559b8/transformed/core-1.9.0 because:
  Build cache is disabled
  Caching not enabled.
Caching disabled for AarTransform: /home/runner/.gradle/caches/transforms-4/7f67fd2939603007d7594ca0530b8538/transformed/cursoradapter-1.0.0 because:
  Build cache is disabled
  Caching not enabled.
Caching disabled for AarTransform: /home/runner/.gradle/caches/transforms-4/93fe7cf6797acd1154e9f6965486953a/transformed/cardview-1.0.0 because:
  Build cache is disabled
  Caching not enabled.
Caching disabled for AarTransform: /home/runner/.gradle/caches/transforms-4/a60e7418488218a045b6ca3f229669f3/transformed/versionedparcelable-1.1.1 because:
  Build cache is disabled
  Caching not enabled.
Caching disabled for AarTransform: /home/runner/.gradle/caches/transforms-4/7f959c22d7eb474bdd492053f1b9be09/transformed/jetified-profileinstaller-1.3.0 because:
  Build cache is disabled
  Caching not enabled.
Caching disabled for AarTransform: /home/runner/.gradle/caches/transforms-4/81cba54d9898d4cfaa1906068ed54599/transformed/jetified-startup-runtime-1.1.1 because:
  Build cache is disabled
  Caching not enabled.
Caching disabled for AarTransform: /home/runner/.gradle/caches/transforms-4/b9a845a1d6fe9421139331cc4df6707a/transformed/jetified-tracing-1.0.0 because:
  Build cache is disabled
  Caching not enabled.
Caching disabled for AarTransform: /home/runner/.gradle/caches/transforms-4/530aad9491d07b52c2de42bd8a133c96/transformed/interpolator-1.0.0 because:
  Build cache is disabled
  Caching not enabled.
Caching disabled for AarTransform: /home/runner/.gradle/caches/transforms-4/0e465d9f6667cd38291d9d375fbdd3aa/transformed/room-runtime-2.2.5 because:
  Build cache is disabled
  Caching not enabled.
Caching disabled for AarTransform: /home/runner/.gradle/caches/transforms-4/16cf50259928a7f303a00648d160a53a/transformed/core-runtime-2.2.0 because:
  Build cache is disabled
  Caching not enabled.
Caching disabled for AarTransform: /home/runner/.gradle/caches/transforms-4/f7cf53a5845c7c4087c53ae039f01e4b/transformed/localbroadcastmanager-1.0.0 because:
  Build cache is disabled
  Caching not enabled.
Caching disabled for AarTransform: /home/runner/.gradle/caches/transforms-4/a6c4860120fd648406769680235d11ac/transformed/documentfile-1.0.0 because:
  Build cache is disabled
  Caching not enabled.
Caching disabled for AarTransform: /home/runner/.gradle/caches/transforms-4/e44d1f519261216df532f8d22fb7c549/transformed/print-1.0.0 because:
  Build cache is disabled
  Caching not enabled.
Caching disabled for AarTransform: /home/runner/.gradle/caches/transforms-4/ad832d3a310c3f508abb158e2bdf230f/transformed/sqlite-framework-2.1.0 because:
  Build cache is disabled
  Caching not enabled.
Caching disabled for AarTransform: /home/runner/.gradle/caches/transforms-4/544960b638490ec54a8ec0039e076f58/transformed/sqlite-2.1.0 because:
  Build cache is disabled
  Caching not enabled.
Caching disabled for AarTransform: /home/runner/.gradle/caches/transforms-4/3cc5df5e11623a4b0fa1ec339df86d37/transformed/jetified-annotation-experimental-1.3.0 because:
  Build cache is disabled
  Caching not enabled.
Transforming material-1.11.0.aar (com.google.android.material:material:1.11.0) with JetifyTransform
Transforming material-1.11.0.aar (com.google.android.material:material:1.11.0) with ExtractAarTransform
Transforming material-1.11.0.aar (com.google.android.material:material:1.11.0) with AarTransform
Transforming constraintlayout-2.1.4.aar (androidx.constraintlayout:constraintlayout:2.1.4) with JetifyTransform
Transforming constraintlayout-2.1.4.aar (androidx.constraintlayout:constraintlayout:2.1.4) with ExtractAarTransform
Transforming constraintlayout-2.1.4.aar (androidx.constraintlayout:constraintlayout:2.1.4) with AarTransform
Transforming appcompat-resources-1.6.1.aar (androidx.appcompat:appcompat-resources:1.6.1) with JetifyTransform
Transforming appcompat-resources-1.6.1.aar (androidx.appcompat:appcompat-resources:1.6.1) with ExtractAarTransform
Transforming appcompat-resources-1.6.1.aar (androidx.appcompat:appcompat-resources:1.6.1) with AarTransform
Transforming appcompat-1.6.1.aar (androidx.appcompat:appcompat:1.6.1) with JetifyTransform
Transforming appcompat-1.6.1.aar (androidx.appcompat:appcompat:1.6.1) with ExtractAarTransform
Transforming appcompat-1.6.1.aar (androidx.appcompat:appcompat:1.6.1) with AarTransform
Transforming play-services-ads-23.0.0.aar (com.google.android.gms:play-services-ads:23.0.0) with JetifyTransform
Transforming play-services-ads-23.0.0.aar (com.google.android.gms:play-services-ads:23.0.0) with ExtractAarTransform
Transforming play-services-ads-23.0.0.aar (com.google.android.gms:play-services-ads:23.0.0) with AarTransform
Transforming viewpager2-1.0.0.aar (androidx.viewpager2:viewpager2:1.0.0) with JetifyTransform
Transforming viewpager2-1.0.0.aar (androidx.viewpager2:viewpager2:1.0.0) with ExtractAarTransform
Transforming viewpager2-1.0.0.aar (androidx.viewpager2:viewpager2:1.0.0) with AarTransform
Transforming play-services-ads-lite-23.0.0.aar (com.google.android.gms:play-services-ads-lite:23.0.0) with JetifyTransform
Transforming play-services-ads-lite-23.0.0.aar (com.google.android.gms:play-services-ads-lite:23.0.0) with ExtractAarTransform
Transforming play-services-ads-lite-23.0.0.aar (com.google.android.gms:play-services-ads-lite:23.0.0) with AarTransform
Transforming play-services-ads-base-23.0.0.aar (com.google.android.gms:play-services-ads-base:23.0.0) with JetifyTransform
Transforming play-services-ads-base-23.0.0.aar (com.google.android.gms:play-services-ads-base:23.0.0) with ExtractAarTransform
Transforming play-services-ads-base-23.0.0.aar (com.google.android.gms:play-services-ads-base:23.0.0) with AarTransform
Transforming play-services-ads-base-23.0.0.aar (com.google.android.gms:play-services-ads-base:23.0.0) with JetifyTransform
Transforming play-services-ads-base-23.0.0.aar (com.google.android.gms:play-services-ads-base:23.0.0) with ExtractAarTransform
Transforming play-services-ads-base-23.0.0.aar (com.google.android.gms:play-services-ads-base:23.0.0) with AarTransform
Transforming play-services-ads-identifier-18.0.0.aar (com.google.android.gms:play-services-ads-identifier:18.0.0) with JetifyTransform
Transforming play-services-ads-identifier-18.0.0.aar (com.google.android.gms:play-services-ads-identifier:18.0.0) with ExtractAarTransform
Transforming play-services-ads-identifier-18.0.0.aar (com.google.android.gms:play-services-ads-identifier:18.0.0) with AarTransform
Transforming play-services-appset-16.0.1.aar (com.google.android.gms:play-services-appset:16.0.1) with JetifyTransform
Transforming play-services-appset-16.0.1.aar (com.google.android.gms:play-services-appset:16.0.1) with ExtractAarTransform
Transforming play-services-appset-16.0.1.aar (com.google.android.gms:play-services-appset:16.0.1) with AarTransform
Transforming play-services-base-18.0.0.aar (com.google.android.gms:play-services-base:18.0.0) with JetifyTransform
Transforming play-services-base-18.0.0.aar (com.google.android.gms:play-services-base:18.0.0) with ExtractAarTransform
Transforming play-services-base-18.0.0.aar (com.google.android.gms:play-services-base:18.0.0) with AarTransform
Transforming play-services-tasks-18.0.1.aar (com.google.android.gms:play-services-tasks:18.0.1) with JetifyTransform
Transforming play-services-tasks-18.0.1.aar (com.google.android.gms:play-services-tasks:18.0.1) with ExtractAarTransform
Transforming play-services-tasks-18.0.1.aar (com.google.android.gms:play-services-tasks:18.0.1) with AarTransform
Transforming play-services-tasks-18.0.1.aar (com.google.android.gms:play-services-tasks:18.0.1) with JetifyTransform
Transforming play-services-tasks-18.0.1.aar (com.google.android.gms:play-services-tasks:18.0.1) with ExtractAarTransform
Transforming play-services-tasks-18.0.1.aar (com.google.android.gms:play-services-tasks:18.0.1) with AarTransform
Transforming play-services-tasks-18.0.1.aar (com.google.android.gms:play-services-tasks:18.0.1) with JetifyTransform
Transforming play-services-tasks-18.0.1.aar (com.google.android.gms:play-services-tasks:18.0.1) with ExtractAarTransform
Transforming play-services-tasks-18.0.1.aar (com.google.android.gms:play-services-tasks:18.0.1) with AarTransform
Transforming play-services-measurement-sdk-api-20.1.2.aar (com.google.android.gms:play-services-measurement-sdk-api:20.1.2) with JetifyTransform
Transforming play-services-measurement-sdk-api-20.1.2.aar (com.google.android.gms:play-services-measurement-sdk-api:20.1.2) with ExtractAarTransform
Transforming play-services-measurement-sdk-api-20.1.2.aar (com.google.android.gms:play-services-measurement-sdk-api:20.1.2) with AarTransform
Transforming user-messaging-platform-2.2.0.aar (com.google.android.ump:user-messaging-platform:2.2.0) with JetifyTransform
Transforming user-messaging-platform-2.2.0.aar (com.google.android.ump:user-messaging-platform:2.2.0) with ExtractAarTransform
Transforming user-messaging-platform-2.2.0.aar (com.google.android.ump:user-messaging-platform:2.2.0) with AarTransform
Transforming play-services-measurement-base-20.1.2.aar (com.google.android.gms:play-services-measurement-base:20.1.2) with JetifyTransform
Transforming play-services-measurement-base-20.1.2.aar (com.google.android.gms:play-services-measurement-base:20.1.2) with ExtractAarTransform
Transforming play-services-measurement-base-20.1.2.aar (com.google.android.gms:play-services-measurement-base:20.1.2) with AarTransform
Transforming play-services-basement-18.2.0.aar (com.google.android.gms:play-services-basement:18.2.0) with JetifyTransform
Transforming play-services-basement-18.2.0.aar (com.google.android.gms:play-services-basement:18.2.0) with ExtractAarTransform
Transforming play-services-basement-18.2.0.aar (com.google.android.gms:play-services-basement:18.2.0) with AarTransform
Transforming play-services-basement-18.2.0.aar (com.google.android.gms:play-services-basement:18.2.0) with JetifyTransform
Transforming play-services-basement-18.2.0.aar (com.google.android.gms:play-services-basement:18.2.0) with ExtractAarTransform
Transforming play-services-basement-18.2.0.aar (com.google.android.gms:play-services-basement:18.2.0) with AarTransform
Transforming play-services-basement-18.2.0.aar (com.google.android.gms:play-services-basement:18.2.0) with JetifyTransform
Transforming play-services-basement-18.2.0.aar (com.google.android.gms:play-services-basement:18.2.0) with ExtractAarTransform
Transforming play-services-basement-18.2.0.aar (com.google.android.gms:play-services-basement:18.2.0) with AarTransform
Transforming play-services-basement-18.2.0.aar (com.google.android.gms:play-services-basement:18.2.0) with JetifyTransform
Transforming play-services-basement-18.2.0.aar (com.google.android.gms:play-services-basement:18.2.0) with ExtractAarTransform
Transforming play-services-basement-18.2.0.aar (com.google.android.gms:play-services-basement:18.2.0) with AarTransform
Transforming play-services-basement-18.2.0.aar (com.google.android.gms:play-services-basement:18.2.0) with JetifyTransform
Transforming play-services-basement-18.2.0.aar (com.google.android.gms:play-services-basement:18.2.0) with ExtractAarTransform
Transforming play-services-basement-18.2.0.aar (com.google.android.gms:play-services-basement:18.2.0) with AarTransform
Transforming play-services-basement-18.2.0.aar (com.google.android.gms:play-services-basement:18.2.0) with JetifyTransform
Transforming play-services-basement-18.2.0.aar (com.google.android.gms:play-services-basement:18.2.0) with ExtractAarTransform
Transforming play-services-basement-18.2.0.aar (com.google.android.gms:play-services-basement:18.2.0) with AarTransform
Transforming play-services-basement-18.2.0.aar (com.google.android.gms:play-services-basement:18.2.0) with JetifyTransform
Transforming play-services-basement-18.2.0.aar (com.google.android.gms:play-services-basement:18.2.0) with ExtractAarTransform
Transforming play-services-basement-18.2.0.aar (com.google.android.gms:play-services-basement:18.2.0) with AarTransform
Transforming play-services-basement-18.2.0.aar (com.google.android.gms:play-services-basement:18.2.0) with JetifyTransform
Transforming play-services-basement-18.2.0.aar (com.google.android.gms:play-services-basement:18.2.0) with ExtractAarTransform
Transforming play-services-basement-18.2.0.aar (com.google.android.gms:play-services-basement:18.2.0) with AarTransform
Transforming play-services-basement-18.2.0.aar (com.google.android.gms:play-services-basement:18.2.0) with JetifyTransform
Transforming play-services-basement-18.2.0.aar (com.google.android.gms:play-services-basement:18.2.0) with ExtractAarTransform
Transforming play-services-basement-18.2.0.aar (com.google.android.gms:play-services-basement:18.2.0) with AarTransform
Transforming play-services-basement-18.2.0.aar (com.google.android.gms:play-services-basement:18.2.0) with JetifyTransform
Transforming play-services-basement-18.2.0.aar (com.google.android.gms:play-services-basement:18.2.0) with ExtractAarTransform
Transforming play-services-basement-18.2.0.aar (com.google.android.gms:play-services-basement:18.2.0) with AarTransform
Transforming fragment-1.3.6.aar (androidx.fragment:fragment:1.3.6) with JetifyTransform
Transforming fragment-1.3.6.aar (androidx.fragment:fragment:1.3.6) with ExtractAarTransform
Transforming fragment-1.3.6.aar (androidx.fragment:fragment:1.3.6) with AarTransform
Transforming fragment-1.3.6.aar (androidx.fragment:fragment:1.3.6) with JetifyTransform
Transforming fragment-1.3.6.aar (androidx.fragment:fragment:1.3.6) with ExtractAarTransform
Transforming fragment-1.3.6.aar (androidx.fragment:fragment:1.3.6) with AarTransform
Transforming fragment-1.3.6.aar (androidx.fragment:fragment:1.3.6) with JetifyTransform
Transforming fragment-1.3.6.aar (androidx.fragment:fragment:1.3.6) with ExtractAarTransform
Transforming fragment-1.3.6.aar (androidx.fragment:fragment:1.3.6) with AarTransform
Transforming fragment-1.3.6.aar (androidx.fragment:fragment:1.3.6) with JetifyTransform
Transforming fragment-1.3.6.aar (androidx.fragment:fragment:1.3.6) with ExtractAarTransform
Transforming fragment-1.3.6.aar (androidx.fragment:fragment:1.3.6) with AarTransform
Transforming activity-1.8.0.aar (androidx.activity:activity:1.8.0) with JetifyTransform
Transforming activity-1.8.0.aar (androidx.activity:activity:1.8.0) with ExtractAarTransform
Transforming activity-1.8.0.aar (androidx.activity:activity:1.8.0) with AarTransform
Transforming emoji2-views-helper-1.2.0.aar (androidx.emoji2:emoji2-views-helper:1.2.0) with JetifyTransform
Transforming emoji2-views-helper-1.2.0.aar (androidx.emoji2:emoji2-views-helper:1.2.0) with ExtractAarTransform
Transforming emoji2-views-helper-1.2.0.aar (androidx.emoji2:emoji2-views-helper:1.2.0) with AarTransform
Transforming emoji2-1.2.0.aar (androidx.emoji2:emoji2:1.2.0) with JetifyTransform
Transforming emoji2-1.2.0.aar (androidx.emoji2:emoji2:1.2.0) with ExtractAarTransform
Transforming emoji2-1.2.0.aar (androidx.emoji2:emoji2:1.2.0) with AarTransform
Transforming drawerlayout-1.1.1.aar (androidx.drawerlayout:drawerlayout:1.1.1) with JetifyTransform
Transforming drawerlayout-1.1.1.aar (androidx.drawerlayout:drawerlayout:1.1.1) with ExtractAarTransform
Transforming drawerlayout-1.1.1.aar (androidx.drawerlayout:drawerlayout:1.1.1) with AarTransform
Transforming coordinatorlayout-1.1.0.aar (androidx.coordinatorlayout:coordinatorlayout:1.1.0) with JetifyTransform
Transforming coordinatorlayout-1.1.0.aar (androidx.coordinatorlayout:coordinatorlayout:1.1.0) with ExtractAarTransform
Transforming coordinatorlayout-1.1.0.aar (androidx.coordinatorlayout:coordinatorlayout:1.1.0) with AarTransform
Transforming dynamicanimation-1.0.0.aar (androidx.dynamicanimation:dynamicanimation:1.0.0) with JetifyTransform
Transforming dynamicanimation-1.0.0.aar (androidx.dynamicanimation:dynamicanimation:1.0.0) with ExtractAarTransform
Transforming dynamicanimation-1.0.0.aar (androidx.dynamicanimation:dynamicanimation:1.0.0) with AarTransform
Transforming transition-1.2.0.aar (androidx.transition:transition:1.2.0) with JetifyTransform
Transforming transition-1.2.0.aar (androidx.transition:transition:1.2.0) with ExtractAarTransform
Transforming transition-1.2.0.aar (androidx.transition:transition:1.2.0) with AarTransform
Transforming vectordrawable-animated-1.1.0.aar (androidx.vectordrawable:vectordrawable-animated:1.1.0) with JetifyTransform
Transforming vectordrawable-animated-1.1.0.aar (androidx.vectordrawable:vectordrawable-animated:1.1.0) with ExtractAarTransform
Caching disabled for AarTransform: /home/runner/.gradle/caches/transforms-4/518aff9b5455e450b373c9594763223e/transformed/material-1.11.0 because:
  Build cache is disabled
  Caching not enabled.
Transforming vectordrawable-animated-1.1.0.aar (androidx.vectordrawable:vectordrawable-animated:1.1.0) with AarTransform
Transforming vectordrawable-1.1.0.aar (androidx.vectordrawable:vectordrawable:1.1.0) with JetifyTransform
Transforming vectordrawable-1.1.0.aar (androidx.vectordrawable:vectordrawable:1.1.0) with ExtractAarTransform
Transforming vectordrawable-1.1.0.aar (androidx.vectordrawable:vectordrawable:1.1.0) with AarTransform
Transforming vectordrawable-1.1.0.aar (androidx.vectordrawable:vectordrawable:1.1.0) with JetifyTransform
Transforming vectordrawable-1.1.0.aar (androidx.vectordrawable:vectordrawable:1.1.0) with ExtractAarTransform
Transforming vectordrawable-1.1.0.aar (androidx.vectordrawable:vectordrawable:1.1.0) with AarTransform
Transforming browser-1.4.0.aar (androidx.browser:browser:1.4.0) with JetifyTransform
Transforming browser-1.4.0.aar (androidx.browser:browser:1.4.0) with ExtractAarTransform
Transforming browser-1.4.0.aar (androidx.browser:browser:1.4.0) with AarTransform
Transforming ads-adservices-java-1.0.0-beta05.aar (androidx.privacysandbox.ads:ads-adservices-java:1.0.0-beta05) with JetifyTransform
Transforming ads-adservices-java-1.0.0-beta05.aar (androidx.privacysandbox.ads:ads-adservices-java:1.0.0-beta05) with ExtractAarTransform
Transforming ads-adservices-java-1.0.0-beta05.aar (androidx.privacysandbox.ads:ads-adservices-java:1.0.0-beta05) with AarTransform
Transforming ads-adservices-1.0.0-beta05.aar (androidx.privacysandbox.ads:ads-adservices:1.0.0-beta05) with JetifyTransform
Transforming ads-adservices-1.0.0-beta05.aar (androidx.privacysandbox.ads:ads-adservices:1.0.0-beta05) with ExtractAarTransform
Transforming ads-adservices-1.0.0-beta05.aar (androidx.privacysandbox.ads:ads-adservices:1.0.0-beta05) with AarTransform
Transforming ads-adservices-1.0.0-beta05.aar (androidx.privacysandbox.ads:ads-adservices:1.0.0-beta05) with JetifyTransform
Transforming ads-adservices-1.0.0-beta05.aar (androidx.privacysandbox.ads:ads-adservices:1.0.0-beta05) with ExtractAarTransform
Transforming ads-adservices-1.0.0-beta05.aar (androidx.privacysandbox.ads:ads-adservices:1.0.0-beta05) with AarTransform
Transforming legacy-support-core-utils-1.0.0.aar (androidx.legacy:legacy-support-core-utils:1.0.0) with JetifyTransform
Transforming legacy-support-core-utils-1.0.0.aar (androidx.legacy:legacy-support-core-utils:1.0.0) with ExtractAarTransform
Transforming legacy-support-core-utils-1.0.0.aar (androidx.legacy:legacy-support-core-utils:1.0.0) with AarTransform
Transforming loader-1.0.0.aar (androidx.loader:loader:1.0.0) with JetifyTransform
Transforming loader-1.0.0.aar (androidx.loader:loader:1.0.0) with ExtractAarTransform
Transforming loader-1.0.0.aar (androidx.loader:loader:1.0.0) with AarTransform
Caching disabled for AarTransform: /home/runner/.gradle/caches/transforms-4/6b233d9d4aa0ec43b2691cc95d25ea95/transformed/constraintlayout-2.1.4 because:
  Build cache is disabled
  Caching not enabled.
Transforming loader-1.0.0.aar (androidx.loader:loader:1.0.0) with JetifyTransform
Transforming loader-1.0.0.aar (androidx.loader:loader:1.0.0) with ExtractAarTransform
Transforming loader-1.0.0.aar (androidx.loader:loader:1.0.0) with AarTransform
Transforming savedstate-1.2.1.aar (androidx.savedstate:savedstate:1.2.1) with JetifyTransform
Transforming savedstate-1.2.1.aar (androidx.savedstate:savedstate:1.2.1) with ExtractAarTransform
Transforming savedstate-1.2.1.aar (androidx.savedstate:savedstate:1.2.1) with AarTransform
Transforming work-runtime-2.7.0.aar (androidx.work:work-runtime:2.7.0) with JetifyTransform
Transforming work-runtime-2.7.0.aar (androidx.work:work-runtime:2.7.0) with ExtractAarTransform
Transforming work-runtime-2.7.0.aar (androidx.work:work-runtime:2.7.0) with AarTransform
Transforming lifecycle-service-2.6.1.aar (androidx.lifecycle:lifecycle-service:2.6.1) with JetifyTransform
Transforming lifecycle-service-2.6.1.aar (androidx.lifecycle:lifecycle-service:2.6.1) with ExtractAarTransform
Transforming lifecycle-service-2.6.1.aar (androidx.lifecycle:lifecycle-service:2.6.1) with AarTransform
Transforming lifecycle-process-2.6.1.aar (androidx.lifecycle:lifecycle-process:2.6.1) with JetifyTransform
Transforming lifecycle-process-2.6.1.aar (androidx.lifecycle:lifecycle-process:2.6.1) with ExtractAarTransform
Transforming lifecycle-process-2.6.1.aar (androidx.lifecycle:lifecycle-process:2.6.1) with AarTransform
Transforming lifecycle-livedata-core-2.6.1.aar (androidx.lifecycle:lifecycle-livedata-core:2.6.1) with JetifyTransform
Transforming lifecycle-livedata-core-2.6.1.aar (androidx.lifecycle:lifecycle-livedata-core:2.6.1) with ExtractAarTransform
Transforming lifecycle-livedata-core-2.6.1.aar (androidx.lifecycle:lifecycle-livedata-core:2.6.1) with AarTransform
Transforming lifecycle-livedata-2.6.1.aar (androidx.lifecycle:lifecycle-livedata:2.6.1) with JetifyTransform
Transforming lifecycle-livedata-2.6.1.aar (androidx.lifecycle:lifecycle-livedata:2.6.1) with ExtractAarTransform
Transforming lifecycle-livedata-2.6.1.aar (androidx.lifecycle:lifecycle-livedata:2.6.1) with AarTransform
Transforming lifecycle-livedata-2.6.1.aar (androidx.lifecycle:lifecycle-livedata:2.6.1) with JetifyTransform
Transforming lifecycle-livedata-2.6.1.aar (androidx.lifecycle:lifecycle-livedata:2.6.1) with ExtractAarTransform
Transforming lifecycle-livedata-2.6.1.aar (androidx.lifecycle:lifecycle-livedata:2.6.1) with AarTransform
Transforming lifecycle-viewmodel-2.6.1.aar (androidx.lifecycle:lifecycle-viewmodel:2.6.1) with JetifyTransform
Transforming lifecycle-viewmodel-2.6.1.aar (androidx.lifecycle:lifecycle-viewmodel:2.6.1) with ExtractAarTransform
Transforming lifecycle-viewmodel-2.6.1.aar (androidx.lifecycle:lifecycle-viewmodel:2.6.1) with AarTransform
Transforming lifecycle-viewmodel-2.6.1.aar (androidx.lifecycle:lifecycle-viewmodel:2.6.1) with JetifyTransform
Transforming lifecycle-viewmodel-2.6.1.aar (androidx.lifecycle:lifecycle-viewmodel:2.6.1) with ExtractAarTransform
Transforming lifecycle-viewmodel-2.6.1.aar (androidx.lifecycle:lifecycle-viewmodel:2.6.1) with AarTransform
Transforming lifecycle-runtime-2.6.1.aar (androidx.lifecycle:lifecycle-runtime:2.6.1) with JetifyTransform
Transforming lifecycle-runtime-2.6.1.aar (androidx.lifecycle:lifecycle-runtime:2.6.1) with ExtractAarTransform
Transforming lifecycle-runtime-2.6.1.aar (androidx.lifecycle:lifecycle-runtime:2.6.1) with AarTransform
Transforming lifecycle-viewmodel-savedstate-2.6.1.aar (androidx.lifecycle:lifecycle-viewmodel-savedstate:2.6.1) with JetifyTransform
Transforming lifecycle-viewmodel-savedstate-2.6.1.aar (androidx.lifecycle:lifecycle-viewmodel-savedstate:2.6.1) with ExtractAarTransform
Transforming lifecycle-viewmodel-savedstate-2.6.1.aar (androidx.lifecycle:lifecycle-viewmodel-savedstate:2.6.1) with AarTransform
Transforming core-ktx-1.9.0.aar (androidx.core:core-ktx:1.9.0) with JetifyTransform
Transforming core-ktx-1.9.0.aar (androidx.core:core-ktx:1.9.0) with ExtractAarTransform
Transforming core-ktx-1.9.0.aar (androidx.core:core-ktx:1.9.0) with AarTransform
Transforming viewpager-1.0.0.aar (androidx.viewpager:viewpager:1.0.0) with JetifyTransform
Transforming viewpager-1.0.0.aar (androidx.viewpager:viewpager:1.0.0) with ExtractAarTransform
Transforming viewpager-1.0.0.aar (androidx.viewpager:viewpager:1.0.0) with AarTransform
Transforming recyclerview-1.1.0.aar (androidx.recyclerview:recyclerview:1.1.0) with JetifyTransform
Transforming recyclerview-1.1.0.aar (androidx.recyclerview:recyclerview:1.1.0) with ExtractAarTransform
Transforming recyclerview-1.1.0.aar (androidx.recyclerview:recyclerview:1.1.0) with AarTransform
Transforming recyclerview-1.1.0.aar (androidx.recyclerview:recyclerview:1.1.0) with JetifyTransform
Transforming recyclerview-1.1.0.aar (androidx.recyclerview:recyclerview:1.1.0) with ExtractAarTransform
Transforming recyclerview-1.1.0.aar (androidx.recyclerview:recyclerview:1.1.0) with AarTransform
Transforming customview-1.1.0.aar (androidx.customview:customview:1.1.0) with JetifyTransform
Transforming customview-1.1.0.aar (androidx.customview:customview:1.1.0) with ExtractAarTransform
Transforming customview-1.1.0.aar (androidx.customview:customview:1.1.0) with AarTransform
Transforming customview-1.1.0.aar (androidx.customview:customview:1.1.0) with JetifyTransform
Transforming customview-1.1.0.aar (androidx.customview:customview:1.1.0) with ExtractAarTransform
Transforming customview-1.1.0.aar (androidx.customview:customview:1.1.0) with AarTransform
Caching disabled for AarTransform: /home/runner/.gradle/caches/transforms-4/c4f2e3883abe60a273e37b3691e88737/transformed/jetified-appcompat-resources-1.6.1 because:
  Build cache is disabled
  Caching not enabled.
Transforming customview-1.1.0.aar (androidx.customview:customview:1.1.0) with JetifyTransform
Transforming customview-1.1.0.aar (androidx.customview:customview:1.1.0) with ExtractAarTransform
Transforming customview-1.1.0.aar (androidx.customview:customview:1.1.0) with AarTransform
Transforming customview-1.1.0.aar (androidx.customview:customview:1.1.0) with JetifyTransform
Transforming customview-1.1.0.aar (androidx.customview:customview:1.1.0) with ExtractAarTransform
Transforming customview-1.1.0.aar (androidx.customview:customview:1.1.0) with AarTransform
Transforming core-1.9.0.aar (androidx.core:core:1.9.0) with JetifyTransform
Transforming core-1.9.0.aar (androidx.core:core:1.9.0) with ExtractAarTransform
Transforming core-1.9.0.aar (androidx.core:core:1.9.0) with AarTransform
Transforming core-1.9.0.aar (androidx.core:core:1.9.0) with JetifyTransform
Transforming core-1.9.0.aar (androidx.core:core:1.9.0) with ExtractAarTransform
Transforming core-1.9.0.aar (androidx.core:core:1.9.0) with AarTransform
Transforming core-1.9.0.aar (androidx.core:core:1.9.0) with JetifyTransform
Transforming core-1.9.0.aar (androidx.core:core:1.9.0) with ExtractAarTransform
Transforming core-1.9.0.aar (androidx.core:core:1.9.0) with AarTransform
Transforming core-1.9.0.aar (androidx.core:core:1.9.0) with JetifyTransform
Transforming core-1.9.0.aar (androidx.core:core:1.9.0) with ExtractAarTransform
Transforming core-1.9.0.aar (androidx.core:core:1.9.0) with AarTransform
Transforming core-1.9.0.aar (androidx.core:core:1.9.0) with JetifyTransform
Transforming core-1.9.0.aar (androidx.core:core:1.9.0) with ExtractAarTransform
Transforming core-1.9.0.aar (androidx.core:core:1.9.0) with AarTransform
Transforming core-1.9.0.aar (androidx.core:core:1.9.0) with JetifyTransform
Transforming core-1.9.0.aar (androidx.core:core:1.9.0) with ExtractAarTransform
Transforming core-1.9.0.aar (androidx.core:core:1.9.0) with AarTransform
Transforming core-1.9.0.aar (androidx.core:core:1.9.0) with JetifyTransform
Transforming core-1.9.0.aar (androidx.core:core:1.9.0) with ExtractAarTransform
Transforming core-1.9.0.aar (androidx.core:core:1.9.0) with AarTransform
Transforming core-1.9.0.aar (androidx.core:core:1.9.0) with JetifyTransform
Transforming core-1.9.0.aar (androidx.core:core:1.9.0) with ExtractAarTransform
Transforming core-1.9.0.aar (androidx.core:core:1.9.0) with AarTransform
Transforming core-1.9.0.aar (androidx.core:core:1.9.0) with JetifyTransform
Transforming core-1.9.0.aar (androidx.core:core:1.9.0) with ExtractAarTransform
Transforming core-1.9.0.aar (androidx.core:core:1.9.0) with AarTransform
Transforming core-1.9.0.aar (androidx.core:core:1.9.0) with JetifyTransform
Transforming core-1.9.0.aar (androidx.core:core:1.9.0) with ExtractAarTransform
Transforming core-1.9.0.aar (androidx.core:core:1.9.0) with AarTransform
Transforming core-1.9.0.aar (androidx.core:core:1.9.0) with JetifyTransform
Transforming core-1.9.0.aar (androidx.core:core:1.9.0) with ExtractAarTransform
Transforming core-1.9.0.aar (androidx.core:core:1.9.0) with AarTransform
Transforming core-1.9.0.aar (androidx.core:core:1.9.0) with JetifyTransform
Transforming core-1.9.0.aar (androidx.core:core:1.9.0) with ExtractAarTransform
Transforming core-1.9.0.aar (androidx.core:core:1.9.0) with AarTransform
Transforming core-1.9.0.aar (androidx.core:core:1.9.0) with JetifyTransform
Transforming core-1.9.0.aar (androidx.core:core:1.9.0) with ExtractAarTransform
Transforming core-1.9.0.aar (androidx.core:core:1.9.0) with AarTransform
Transforming core-1.9.0.aar (androidx.core:core:1.9.0) with JetifyTransform
Transforming core-1.9.0.aar (androidx.core:core:1.9.0) with ExtractAarTransform
Transforming core-1.9.0.aar (androidx.core:core:1.9.0) with AarTransform
Transforming core-1.9.0.aar (androidx.core:core:1.9.0) with JetifyTransform
Transforming core-1.9.0.aar (androidx.core:core:1.9.0) with ExtractAarTransform
Transforming core-1.9.0.aar (androidx.core:core:1.9.0) with AarTransform
Transforming cursoradapter-1.0.0.aar (androidx.cursoradapter:cursoradapter:1.0.0) with JetifyTransform
Transforming cursoradapter-1.0.0.aar (androidx.cursoradapter:cursoradapter:1.0.0) with ExtractAarTransform
Transforming cursoradapter-1.0.0.aar (androidx.cursoradapter:cursoradapter:1.0.0) with AarTransform
Transforming cardview-1.0.0.aar (androidx.cardview:cardview:1.0.0) with JetifyTransform
Transforming cardview-1.0.0.aar (androidx.cardview:cardview:1.0.0) with ExtractAarTransform
Transforming cardview-1.0.0.aar (androidx.cardview:cardview:1.0.0) with AarTransform
Transforming versionedparcelable-1.1.1.aar (androidx.versionedparcelable:versionedparcelable:1.1.1) with JetifyTransform
Transforming versionedparcelable-1.1.1.aar (androidx.versionedparcelable:versionedparcelable:1.1.1) with ExtractAarTransform
Transforming versionedparcelable-1.1.1.aar (androidx.versionedparcelable:versionedparcelable:1.1.1) with AarTransform
Transforming profileinstaller-1.3.0.aar (androidx.profileinstaller:profileinstaller:1.3.0) with JetifyTransform
Transforming profileinstaller-1.3.0.aar (androidx.profileinstaller:profileinstaller:1.3.0) with ExtractAarTransform
Transforming profileinstaller-1.3.0.aar (androidx.profileinstaller:profileinstaller:1.3.0) with AarTransform
Transforming startup-runtime-1.1.1.aar (androidx.startup:startup-runtime:1.1.1) with JetifyTransform
Transforming startup-runtime-1.1.1.aar (androidx.startup:startup-runtime:1.1.1) with ExtractAarTransform
Transforming startup-runtime-1.1.1.aar (androidx.startup:startup-runtime:1.1.1) with AarTransform
Transforming tracing-1.0.0.aar (androidx.tracing:tracing:1.0.0) with JetifyTransform
Transforming tracing-1.0.0.aar (androidx.tracing:tracing:1.0.0) with ExtractAarTransform
Transforming tracing-1.0.0.aar (androidx.tracing:tracing:1.0.0) with AarTransform
Transforming interpolator-1.0.0.aar (androidx.interpolator:interpolator:1.0.0) with JetifyTransform
Transforming interpolator-1.0.0.aar (androidx.interpolator:interpolator:1.0.0) with ExtractAarTransform
Transforming interpolator-1.0.0.aar (androidx.interpolator:interpolator:1.0.0) with AarTransform
Transforming interpolator-1.0.0.aar (androidx.interpolator:interpolator:1.0.0) with JetifyTransform
Transforming interpolator-1.0.0.aar (androidx.interpolator:interpolator:1.0.0) with ExtractAarTransform
Transforming interpolator-1.0.0.aar (androidx.interpolator:interpolator:1.0.0) with AarTransform
Transforming room-runtime-2.2.5.aar (androidx.room:room-runtime:2.2.5) with JetifyTransform
Transforming room-runtime-2.2.5.aar (androidx.room:room-runtime:2.2.5) with ExtractAarTransform
Transforming room-runtime-2.2.5.aar (androidx.room:room-runtime:2.2.5) with AarTransform
Transforming core-runtime-2.2.0.aar (androidx.arch.core:core-runtime:2.2.0) with JetifyTransform
Transforming core-runtime-2.2.0.aar (androidx.arch.core:core-runtime:2.2.0) with ExtractAarTransform
Transforming core-runtime-2.2.0.aar (androidx.arch.core:core-runtime:2.2.0) with AarTransform
Transforming core-runtime-2.2.0.aar (androidx.arch.core:core-runtime:2.2.0) with JetifyTransform
Transforming core-runtime-2.2.0.aar (androidx.arch.core:core-runtime:2.2.0) with ExtractAarTransform
Transforming core-runtime-2.2.0.aar (androidx.arch.core:core-runtime:2.2.0) with AarTransform
Transforming documentfile-1.0.0.aar (androidx.documentfile:documentfile:1.0.0) with JetifyTransform
Transforming documentfile-1.0.0.aar (androidx.documentfile:documentfile:1.0.0) with ExtractAarTransform
Transforming documentfile-1.0.0.aar (androidx.documentfile:documentfile:1.0.0) with AarTransform
Transforming localbroadcastmanager-1.0.0.aar (androidx.localbroadcastmanager:localbroadcastmanager:1.0.0) with JetifyTransform
Transforming localbroadcastmanager-1.0.0.aar (androidx.localbroadcastmanager:localbroadcastmanager:1.0.0) with ExtractAarTransform
Transforming localbroadcastmanager-1.0.0.aar (androidx.localbroadcastmanager:localbroadcastmanager:1.0.0) with AarTransform
Transforming print-1.0.0.aar (androidx.print:print:1.0.0) with JetifyTransform
Transforming print-1.0.0.aar (androidx.print:print:1.0.0) with ExtractAarTransform
Transforming print-1.0.0.aar (androidx.print:print:1.0.0) with AarTransform
Transforming sqlite-framework-2.1.0.aar (androidx.sqlite:sqlite-framework:2.1.0) with JetifyTransform
Transforming sqlite-framework-2.1.0.aar (androidx.sqlite:sqlite-framework:2.1.0) with ExtractAarTransform
Transforming sqlite-framework-2.1.0.aar (androidx.sqlite:sqlite-framework:2.1.0) with AarTransform
Transforming sqlite-framework-2.1.0.aar (androidx.sqlite:sqlite-framework:2.1.0) with JetifyTransform
Transforming sqlite-framework-2.1.0.aar (androidx.sqlite:sqlite-framework:2.1.0) with ExtractAarTransform
Transforming sqlite-framework-2.1.0.aar (androidx.sqlite:sqlite-framework:2.1.0) with AarTransform
Transforming sqlite-2.1.0.aar (androidx.sqlite:sqlite:2.1.0) with JetifyTransform
Transforming sqlite-2.1.0.aar (androidx.sqlite:sqlite:2.1.0) with ExtractAarTransform
Transforming sqlite-2.1.0.aar (androidx.sqlite:sqlite:2.1.0) with AarTransform
Transforming sqlite-2.1.0.aar (androidx.sqlite:sqlite:2.1.0) with JetifyTransform
Transforming sqlite-2.1.0.aar (androidx.sqlite:sqlite:2.1.0) with ExtractAarTransform
Transforming sqlite-2.1.0.aar (androidx.sqlite:sqlite:2.1.0) with AarTransform
Transforming sqlite-2.1.0.aar (androidx.sqlite:sqlite:2.1.0) with JetifyTransform
Transforming sqlite-2.1.0.aar (androidx.sqlite:sqlite:2.1.0) with ExtractAarTransform
Transforming sqlite-2.1.0.aar (androidx.sqlite:sqlite:2.1.0) with AarTransform
Transforming annotation-experimental-1.3.0.aar (androidx.annotation:annotation-experimental:1.3.0) with JetifyTransform
Transforming annotation-experimental-1.3.0.aar (androidx.annotation:annotation-experimental:1.3.0) with ExtractAarTransform
Transforming annotation-experimental-1.3.0.aar (androidx.annotation:annotation-experimental:1.3.0) with AarTransform
Caching disabled for AarTransform: /home/runner/.gradle/caches/transforms-4/d6a07215b0622a7ec0f1d4225111002c/transformed/jetified-play-services-ads-23.0.0 because:
  Build cache is disabled
  Caching not enabled.
Caching disabled for AarTransform: /home/runner/.gradle/caches/transforms-4/bc020576218432ec790f99842ad6708e/transformed/appcompat-1.6.1 because:
  Build cache is disabled
  Caching not enabled.
Caching disabled for AarTransform: /home/runner/.gradle/caches/transforms-4/d1932d554f56d59c3b98609b2f2eb215/transformed/jetified-viewpager2-1.0.0 because:
  Build cache is disabled
  Caching not enabled.
Caching disabled for AarTransform: /home/runner/.gradle/caches/transforms-4/8e8172878237a19cfa3191ce50fc7d47/transformed/jetified-play-services-ads-lite-23.0.0 because:
  Build cache is disabled
  Caching not enabled.
Caching disabled for AarTransform: /home/runner/.gradle/caches/transforms-4/1e89a9ba8a98e0582213350c60ebb674/transformed/jetified-play-services-ads-base-23.0.0 because:
  Build cache is disabled
  Caching not enabled.
Caching disabled for AarTransform: /home/runner/.gradle/caches/transforms-4/3b2df9711baab62844660af5472c5a9a/transformed/jetified-play-services-ads-identifier-18.0.0 because:
  Build cache is disabled
  Caching not enabled.
Caching disabled for AarTransform: /home/runner/.gradle/caches/transforms-4/fdccf8cf7a4c328a21043977d9c92127/transformed/jetified-play-services-appset-16.0.1 because:
  Build cache is disabled
  Caching not enabled.
Caching disabled for AarTransform: /home/runner/.gradle/caches/transforms-4/190c578fcb01c4054eb6294c4d5f2a60/transformed/jetified-play-services-base-18.0.0 because:
  Build cache is disabled
  Caching not enabled.
Caching disabled for AarTransform: /home/runner/.gradle/caches/transforms-4/833eb3204f2a72131b3b6024bca63ed6/transformed/jetified-play-services-tasks-18.0.1 because:
  Build cache is disabled
  Caching not enabled.
Caching disabled for AarTransform: /home/runner/.gradle/caches/transforms-4/5dd319d1cd6aae802f19f6822ddbae71/transformed/jetified-user-messaging-platform-2.2.0 because:
  Build cache is disabled
  Caching not enabled.
Caching disabled for AarTransform: /home/runner/.gradle/caches/transforms-4/32cdc29e53342b5bc44f9b07c060e36f/transformed/jetified-play-services-measurement-sdk-api-20.1.2 because:
  Build cache is disabled
  Caching not enabled.
Caching disabled for AarTransform: /home/runner/.gradle/caches/transforms-4/afc90ac95833f93a5ffc817d2aaa7ff8/transformed/jetified-play-services-measurement-base-20.1.2 because:
  Build cache is disabled
  Caching not enabled.
Caching disabled for AarTransform: /home/runner/.gradle/caches/transforms-4/992cc2e6b3eb7d15bd787bf8106a67f1/transformed/jetified-play-services-basement-18.2.0 because:
  Build cache is disabled
  Caching not enabled.
Caching disabled for AarTransform: /home/runner/.gradle/caches/transforms-4/8e8d1b0f251ca760ec94bdb77fcbb2ed/transformed/fragment-1.3.6 because:
  Build cache is disabled
  Caching not enabled.
Caching disabled for AarTransform: /home/runner/.gradle/caches/transforms-4/211ed3e0ad39cd58d4a61399f5101c07/transformed/jetified-activity-1.8.0 because:
  Build cache is disabled
  Caching not enabled.
Caching disabled for AarTransform: /home/runner/.gradle/caches/transforms-4/7e85ef6ad7f3fc1c8fa61c648aff51b2/transformed/jetified-emoji2-views-helper-1.2.0 because:
  Build cache is disabled
  Caching not enabled.
Caching disabled for AarTransform: /home/runner/.gradle/caches/transforms-4/1f92642ae243f896e0e65bfb826cd016/transformed/jetified-emoji2-1.2.0 because:
  Build cache is disabled
  Caching not enabled.
Caching disabled for AarTransform: /home/runner/.gradle/caches/transforms-4/114c27a2e74e421f982e62217c92aef5/transformed/drawerlayout-1.1.1 because:
  Build cache is disabled
  Caching not enabled.
Caching disabled for AarTransform: /home/runner/.gradle/caches/transforms-4/19f43ab90e72438112ff231769719d7f/transformed/coordinatorlayout-1.1.0 because:
  Build cache is disabled
  Caching not enabled.
Caching disabled for AarTransform: /home/runner/.gradle/caches/transforms-4/178c9fea5f4e6f833e5b93aa8498b90b/transformed/dynamicanimation-1.0.0 because:
  Build cache is disabled
  Caching not enabled.
Caching disabled for AarTransform: /home/runner/.gradle/caches/transforms-4/823d342e6879f2990958d1ccf1fe337e/transformed/transition-1.2.0 because:
  Build cache is disabled
  Caching not enabled.
Caching disabled for AarTransform: /home/runner/.gradle/caches/transforms-4/5635b4e3caccc7898015d573f141920e/transformed/vectordrawable-animated-1.1.0 because:
  Build cache is disabled
  Caching not enabled.
Caching disabled for AarTransform: /home/runner/.gradle/caches/transforms-4/9db17f122ceeb1c3235a8f2ee9de2554/transformed/vectordrawable-1.1.0 because:
  Build cache is disabled
  Caching not enabled.
Caching disabled for AarTransform: /home/runner/.gradle/caches/transforms-4/c39534e1c010edaa2124cf387494ee9b/transformed/jetified-ads-adservices-java-1.0.0-beta05 because:
  Build cache is disabled
  Caching not enabled.
Caching disabled for AarTransform: /home/runner/.gradle/caches/transforms-4/e4e5c227d00ec63dea5d0f80e6077f9a/transformed/browser-1.4.0 because:
  Build cache is disabled
  Caching not enabled.
Caching disabled for AarTransform: /home/runner/.gradle/caches/transforms-4/5ae02b5e9975ca99250e0fc6a8bccec9/transformed/jetified-ads-adservices-1.0.0-beta05 because:
  Build cache is disabled
  Caching not enabled.
Caching disabled for AarTransform: /home/runner/.gradle/caches/transforms-4/1e0bea0431272f7726f6cba827f00e34/transformed/legacy-support-core-utils-1.0.0 because:
  Build cache is disabled
  Caching not enabled.
Caching disabled for AarTransform: /home/runner/.gradle/caches/transforms-4/abe256e93817ae42579a76f032cf7e52/transformed/loader-1.0.0 because:
  Build cache is disabled
  Caching not enabled.
Caching disabled for AarTransform: /home/runner/.gradle/caches/transforms-4/76c3db6aed5342d56bc60d71c8a33bee/transformed/jetified-savedstate-1.2.1 because:
  Build cache is disabled
  Caching not enabled.
Caching disabled for AarTransform: /home/runner/.gradle/caches/transforms-4/7c03877c3e730a1a5e8663cb30e2e3f8/transformed/work-runtime-2.7.0 because:
  Build cache is disabled
  Caching not enabled.
Caching disabled for AarTransform: /home/runner/.gradle/caches/transforms-4/8a607f1b84fb8c451d8a218d7ffb78f7/transformed/jetified-lifecycle-service-2.6.1 because:
  Build cache is disabled
  Caching not enabled.
Caching disabled for AarTransform: /home/runner/.gradle/caches/transforms-4/16319bfea425ccb34cdee45574e85a2f/transformed/jetified-lifecycle-process-2.6.1 because:
  Build cache is disabled
  Caching not enabled.
Caching disabled for AarTransform: /home/runner/.gradle/caches/transforms-4/0d380555147b80b51751cf6bd8828956/transformed/lifecycle-livedata-core-2.6.1 because:
  Build cache is disabled
  Caching not enabled.
Caching disabled for AarTransform: /home/runner/.gradle/caches/transforms-4/c8c32571d833eabb80ccffee3e7ed692/transformed/lifecycle-livedata-2.6.1 because:
  Build cache is disabled
  Caching not enabled.
Caching disabled for AarTransform: /home/runner/.gradle/caches/transforms-4/9695c95323afb568ed7a2515a5dd4616/transformed/lifecycle-viewmodel-2.6.1 because:
  Build cache is disabled
  Caching not enabled.
Caching disabled for AarTransform: /home/runner/.gradle/caches/transforms-4/8e325f3c132075b3ee88278ee43bab0f/transformed/lifecycle-runtime-2.6.1 because:
  Build cache is disabled
  Caching not enabled.
Caching disabled for AarTransform: /home/runner/.gradle/caches/transforms-4/f7cfe774256e602c47ade6cb5829c4b9/transformed/jetified-lifecycle-viewmodel-savedstate-2.6.1 because:
  Build cache is disabled
  Caching not enabled.
Caching disabled for AarTransform: /home/runner/.gradle/caches/transforms-4/12b2eb200dd9729fdcd574bbcff60573/transformed/jetified-core-ktx-1.9.0 because:
  Build cache is disabled
  Caching not enabled.
Caching disabled for AarTransform: /home/runner/.gradle/caches/transforms-4/5ad964eb79a7eb8d460aeb47b4b406ee/transformed/viewpager-1.0.0 because:
  Build cache is disabled
  Caching not enabled.
Caching disabled for AarTransform: /home/runner/.gradle/caches/transforms-4/5079bf911dfd33c4befcca28a5d6c504/transformed/recyclerview-1.1.0 because:
  Build cache is disabled
  Caching not enabled.
Caching disabled for AarTransform: /home/runner/.gradle/caches/transforms-4/78b04baaf55de87e556b64a231d9530f/transformed/customview-1.1.0 because:
  Build cache is disabled
  Caching not enabled.
Caching disabled for AarTransform: /home/runner/.gradle/caches/transforms-4/566acc714c8179f607f6e5bc825559b8/transformed/core-1.9.0 because:
  Build cache is disabled
  Caching not enabled.
Caching disabled for AarTransform: /home/runner/.gradle/caches/transforms-4/7f67fd2939603007d7594ca0530b8538/transformed/cursoradapter-1.0.0 because:
  Build cache is disabled
  Caching not enabled.
Caching disabled for AarTransform: /home/runner/.gradle/caches/transforms-4/93fe7cf6797acd1154e9f6965486953a/transformed/cardview-1.0.0 because:
  Build cache is disabled
  Caching not enabled.
Caching disabled for AarTransform: /home/runner/.gradle/caches/transforms-4/a60e7418488218a045b6ca3f229669f3/transformed/versionedparcelable-1.1.1 because:
  Build cache is disabled
  Caching not enabled.
Caching disabled for AarTransform: /home/runner/.gradle/caches/transforms-4/7f959c22d7eb474bdd492053f1b9be09/transformed/jetified-profileinstaller-1.3.0 because:
  Build cache is disabled
  Caching not enabled.
Caching disabled for AarTransform: /home/runner/.gradle/caches/transforms-4/81cba54d9898d4cfaa1906068ed54599/transformed/jetified-startup-runtime-1.1.1 because:
  Build cache is disabled
  Caching not enabled.
Caching disabled for AarTransform: /home/runner/.gradle/caches/transforms-4/b9a845a1d6fe9421139331cc4df6707a/transformed/jetified-tracing-1.0.0 because:
  Build cache is disabled
  Caching not enabled.
Caching disabled for AarTransform: /home/runner/.gradle/caches/transforms-4/530aad9491d07b52c2de42bd8a133c96/transformed/interpolator-1.0.0 because:
  Build cache is disabled
  Caching not enabled.
Caching disabled for AarTransform: /home/runner/.gradle/caches/transforms-4/16cf50259928a7f303a00648d160a53a/transformed/core-runtime-2.2.0 because:
  Build cache is disabled
  Caching not enabled.
Caching disabled for AarTransform: /home/runner/.gradle/caches/transforms-4/0e465d9f6667cd38291d9d375fbdd3aa/transformed/room-runtime-2.2.5 because:
  Build cache is disabled
  Caching not enabled.
Caching disabled for AarTransform: /home/runner/.gradle/caches/transforms-4/a6c4860120fd648406769680235d11ac/transformed/documentfile-1.0.0 because:
  Build cache is disabled
  Caching not enabled.
Caching disabled for AarTransform: /home/runner/.gradle/caches/transforms-4/f7cf53a5845c7c4087c53ae039f01e4b/transformed/localbroadcastmanager-1.0.0 because:
  Build cache is disabled
  Caching not enabled.
Caching disabled for AarTransform: /home/runner/.gradle/caches/transforms-4/e44d1f519261216df532f8d22fb7c549/transformed/print-1.0.0 because:
  Build cache is disabled
  Caching not enabled.
Caching disabled for AarTransform: /home/runner/.gradle/caches/transforms-4/ad832d3a310c3f508abb158e2bdf230f/transformed/sqlite-framework-2.1.0 because:
  Build cache is disabled
  Caching not enabled.
Caching disabled for AarTransform: /home/runner/.gradle/caches/transforms-4/544960b638490ec54a8ec0039e076f58/transformed/sqlite-2.1.0 because:
  Build cache is disabled
  Caching not enabled.
Caching disabled for AarTransform: /home/runner/.gradle/caches/transforms-4/3cc5df5e11623a4b0fa1ec339df86d37/transformed/jetified-annotation-experimental-1.3.0 because:
  Build cache is disabled
  Caching not enabled.
Caching disabled for task ':app:processDebugMainManifest' because:
  Build cache is disabled
Task ':app:processDebugMainManifest' is not up-to-date because:
  No history is available.
gradle/actions: Writing build results to /home/runner/work/_temp/.gradle-actions/build-results/build-1782984432238.json

FAILURE: Build failed with an exception.

* What went wrong:
Execution failed for task ':app:processDebugMainManifest'.
> com.android.manifmerger.ManifestMerger2$MergeFailureException: Error parsing /home/runner/work/GitHub_aide/GitHub_aide/app/src/main/AndroidManifest.xml

* Try:
> Run with --debug option to get more log output.
> Run with --scan to get full insights.
> Get more help at https://help.gradle.org.

* Exception is:
org.gradle.api.tasks.TaskExecutionException: Execution failed for task ':app:processDebugMainManifest'.
	at org.gradle.api.internal.tasks.execution.ExecuteActionsTaskExecuter.lambda$executeIfValid$1(ExecuteActionsTaskExecuter.java:130)
	at org.gradle.internal.Try$Failure.ifSuccessfulOrElse(Try.java:282)
	at org.gradle.api.internal.tasks.execution.ExecuteActionsTaskExecuter.executeIfValid(ExecuteActionsTaskExecuter.java:128)
	at org.gradle.api.internal.tasks.execution.ExecuteActionsTaskExecuter.execute(ExecuteActionsTaskExecuter.java:116)
	at org.gradle.api.internal.tasks.execution.FinalizePropertiesTaskExecuter.execute(FinalizePropertiesTaskExecuter.java:46)
	at org.gradle.api.internal.tasks.execution.ResolveTaskExecutionModeExecuter.execute(ResolveTaskExecutionModeExecuter.java:51)
	at org.gradle.api.internal.tasks.execution.SkipTaskWithNoActionsExecuter.execute(SkipTaskWithNoActionsExecuter.java:57)
	at org.gradle.api.internal.tasks.execution.SkipOnlyIfTaskExecuter.execute(SkipOnlyIfTaskExecuter.java:74)
	at org.gradle.api.internal.tasks.execution.CatchExceptionTaskExecuter.execute(CatchExceptionTaskExecuter.java:36)
	at org.gradle.api.internal.tasks.execution.EventFiringTaskExecuter$1.executeTask(EventFiringTaskExecuter.java:77)
	at org.gradle.api.internal.tasks.execution.EventFiringTaskExecuter$1.call(EventFiringTaskExecuter.java:55)
	at org.gradle.api.internal.tasks.execution.EventFiringTaskExecuter$1.call(EventFiringTaskExecuter.java:52)
	at org.gradle.internal.operations.DefaultBuildOperationRunner$CallableBuildOperationWorker.execute(DefaultBuildOperationRunner.java:200)
	at org.gradle.internal.operations.DefaultBuildOperationRunner$CallableBuildOperationWorker.execute(DefaultBuildOperationRunner.java:195)
	at org.gradle.internal.operations.DefaultBuildOperationRunner$2.execute(DefaultBuildOperationRunner.java:66)
	at org.gradle.internal.operations.DefaultBuildOperationRunner$2.execute(DefaultBuildOperationRunner.java:59)
	at org.gradle.internal.operations.DefaultBuildOperationRunner.execute(DefaultBuildOperationRunner.java:157)
	at org.gradle.internal.operations.DefaultBuildOperationRunner.execute(DefaultBuildOperationRunner.java:59)
	at org.gradle.internal.operations.DefaultBuildOperationRunner.call(DefaultBuildOperationRunner.java:53)
	at org.gradle.internal.operations.DefaultBuildOperationExecutor.call(DefaultBuildOperationExecutor.java:73)
	at org.gradle.api.internal.tasks.execution.EventFiringTaskExecuter.execute(EventFiringTaskExecuter.java:52)
	at org.gradle.execution.plan.LocalTaskNodeExecutor.execute(LocalTaskNodeExecutor.java:42)
	at org.gradle.execution.taskgraph.DefaultTaskExecutionGraph$InvokeNodeExecutorsAction.execute(DefaultTaskExecutionGraph.java:331)
	at org.gradle.execution.taskgraph.DefaultTaskExecutionGraph$InvokeNodeExecutorsAction.execute(DefaultTaskExecutionGraph.java:318)
	at org.gradle.execution.taskgraph.DefaultTaskExecutionGraph$BuildOperationAwareExecutionAction.lambda$execute$0(DefaultTaskExecutionGraph.java:314)
	at org.gradle.internal.operations.CurrentBuildOperationRef.with(CurrentBuildOperationRef.java:80)
	at org.gradle.execution.taskgraph.DefaultTaskExecutionGraph$BuildOperationAwareExecutionAction.execute(DefaultTaskExecutionGraph.java:314)
	at org.gradle.execution.taskgraph.DefaultTaskExecutionGraph$BuildOperationAwareExecutionAction.execute(DefaultTaskExecutionGraph.java:303)
	at org.gradle.execution.plan.DefaultPlanExecutor$ExecutorWorker.execute(DefaultPlanExecutor.java:463)
	at org.gradle.execution.plan.DefaultPlanExecutor$ExecutorWorker.run(DefaultPlanExecutor.java:380)
	at org.gradle.internal.concurrent.ExecutorPolicy$CatchAndRecordFailures.onExecute(ExecutorPolicy.java:64)
	at org.gradle.internal.concurrent.AbstractManagedExecutor$1.run(AbstractManagedExecutor.java:47)
Caused by: java.lang.RuntimeException: com.android.manifmerger.ManifestMerger2$MergeFailureException: Error parsing /home/runner/work/GitHub_aide/GitHub_aide/app/src/main/AndroidManifest.xml
	at com.android.build.gradle.internal.tasks.manifest.ManifestHelperKt.mergeManifests(ManifestHelper.kt:153)
	at com.android.build.gradle.internal.tasks.manifest.ManifestHelperKt.mergeManifests$default(ManifestHelper.kt:46)
	at com.android.build.gradle.tasks.ProcessApplicationManifest.doTaskAction(ProcessApplicationManifest.kt:178)
	at com.android.build.gradle.internal.tasks.NonIncrementalTask$taskAction$$inlined$recordTaskAction$1.invoke(BaseTask.kt:66)
	at com.android.build.gradle.internal.tasks.Blocks.recordSpan(Blocks.java:51)
	at com.android.build.gradle.internal.tasks.NonIncrementalTask.taskAction(NonIncrementalTask.kt:97)
	at java.base/jdk.internal.reflect.NativeMethodAccessorImpl.invoke0(Native Method)
	at java.base/jdk.internal.reflect.NativeMethodAccessorImpl.invoke(NativeMethodAccessorImpl.java:77)
	at java.base/jdk.internal.reflect.DelegatingMethodAccessorImpl.invoke(DelegatingMethodAccessorImpl.java:43)
	at org.gradle.internal.reflect.JavaMethod.invoke(JavaMethod.java:125)
	at org.gradle.api.internal.project.taskfactory.StandardTaskAction.doExecute(StandardTaskAction.java:58)
	at org.gradle.api.internal.project.taskfactory.StandardTaskAction.execute(StandardTaskAction.java:51)
	at org.gradle.api.internal.project.taskfactory.StandardTaskAction.execute(StandardTaskAction.java:29)
	at org.gradle.api.internal.tasks.execution.TaskExecution$3.run(TaskExecution.java:244)
	at org.gradle.internal.operations.DefaultBuildOperationRunner$1.execute(DefaultBuildOperationRunner.java:29)
	at org.gradle.internal.operations.DefaultBuildOperationRunner$1.execute(DefaultBuildOperationRunner.java:26)
	at org.gradle.internal.operations.DefaultBuildOperationRunner$2.execute(DefaultBuildOperationRunner.java:66)
	at org.gradle.internal.operations.DefaultBuildOperationRunner$2.execute(DefaultBuildOperationRunner.java:59)
	at org.gradle.internal.operations.DefaultBuildOperationRunner.execute(DefaultBuildOperationRunner.java:157)
	at org.gradle.internal.operations.DefaultBuildOperationRunner.execute(DefaultBuildOperationRunner.java:59)
	at org.gradle.internal.operations.DefaultBuildOperationRunner.run(DefaultBuildOperationRunner.java:47)
	at org.gradle.internal.operations.DefaultBuildOperationExecutor.run(DefaultBuildOperationExecutor.java:68)
	at org.gradle.api.internal.tasks.execution.TaskExecution.executeAction(TaskExecution.java:229)
	at org.gradle.api.internal.tasks.execution.TaskExecution.executeActions(TaskExecution.java:212)
	at org.gradle.api.internal.tasks.execution.TaskExecution.executeWithPreviousOutputFiles(TaskExecution.java:195)
	at org.gradle.api.internal.tasks.execution.TaskExecution.execute(TaskExecution.java:162)
	at org.gradle.internal.execution.steps.ExecuteStep.executeInternal(ExecuteStep.java:105)
	at org.gradle.internal.execution.steps.ExecuteStep.access$000(ExecuteStep.java:44)
	at org.gradle.internal.execution.steps.ExecuteStep$1.call(ExecuteStep.java:59)
	at org.gradle.internal.execution.steps.ExecuteStep$1.call(ExecuteStep.java:56)
	at org.gradle.internal.operations.DefaultBuildOperationRunner$CallableBuildOperationWorker.execute(DefaultBuildOperationRunner.java:200)
	at org.gradle.internal.operations.DefaultBuildOperationRunner$CallableBuildOperationWorker.execute(DefaultBuildOperationRunner.java:195)
	at org.gradle.internal.operations.DefaultBuildOperationRunner$2.execute(DefaultBuildOperationRunner.java:66)
	at org.gradle.internal.operations.DefaultBuildOperationRunner$2.execute(DefaultBuildOperationRunner.java:59)
	at org.gradle.internal.operations.DefaultBuildOperationRunner.execute(DefaultBuildOperationRunner.java:157)
	at org.gradle.internal.operations.DefaultBuildOperationRunner.execute(DefaultBuildOperationRunner.java:59)
	at org.gradle.internal.operations.DefaultBuildOperationRunner.call(DefaultBuildOperationRunner.java:53)
	at org.gradle.internal.operations.DefaultBuildOperationExecutor.call(DefaultBuildOperationExecutor.java:73)
	at org.gradle.internal.execution.steps.ExecuteStep.execute(ExecuteStep.java:56)
	at org.gradle.internal.execution.steps.ExecuteStep.execute(ExecuteStep.java:44)
	at org.gradle.internal.execution.steps.CancelExecutionStep.execute(CancelExecutionStep.java:41)
	at org.gradle.internal.execution.steps.TimeoutStep.executeWithoutTimeout(TimeoutStep.java:74)
	at org.gradle.internal.execution.steps.TimeoutStep.execute(TimeoutStep.java:55)
	at org.gradle.internal.execution.steps.PreCreateOutputParentsStep.execute(PreCreateOutputParentsStep.java:50)
	at org.gradle.internal.execution.steps.PreCreateOutputParentsStep.execute(PreCreateOutputParentsStep.java:28)
	at org.gradle.internal.execution.steps.RemovePreviousOutputsStep.execute(RemovePreviousOutputsStep.java:67)
	at org.gradle.internal.execution.steps.RemovePreviousOutputsStep.execute(RemovePreviousOutputsStep.java:37)
	at org.gradle.internal.execution.steps.BroadcastChangingOutputsStep.execute(BroadcastChangingOutputsStep.java:61)
	at org.gradle.internal.execution.steps.BroadcastChangingOutputsStep.execute(BroadcastChangingOutputsStep.java:26)
	at org.gradle.internal.execution.steps.CaptureOutputsAfterExecutionStep.execute(CaptureOutputsAfterExecutionStep.java:67)
	at org.gradle.internal.execution.steps.CaptureOutputsAfterExecutionStep.execute(CaptureOutputsAfterExecutionStep.java:45)
	at org.gradle.internal.execution.steps.ResolveInputChangesStep.execute(ResolveInputChangesStep.java:40)
	at org.gradle.internal.execution.steps.ResolveInputChangesStep.execute(ResolveInputChangesStep.java:29)
	at org.gradle.internal.execution.steps.BuildCacheStep.executeWithoutCache(BuildCacheStep.java:189)
	at org.gradle.internal.execution.steps.BuildCacheStep.lambda$execute$1(BuildCacheStep.java:75)
	at org.gradle.internal.Either$Right.fold(Either.java:175)
	at org.gradle.internal.execution.caching.CachingState.fold(CachingState.java:62)
	at org.gradle.internal.execution.steps.BuildCacheStep.execute(BuildCacheStep.java:73)
	at org.gradle.internal.execution.steps.BuildCacheStep.execute(BuildCacheStep.java:48)
	at org.gradle.internal.execution.steps.StoreExecutionStateStep.execute(StoreExecutionStateStep.java:46)
	at org.gradle.internal.execution.steps.StoreExecutionStateStep.execute(StoreExecutionStateStep.java:35)
	at org.gradle.internal.execution.steps.SkipUpToDateStep.executeBecause(SkipUpToDateStep.java:76)
	at org.gradle.internal.execution.steps.SkipUpToDateStep.lambda$execute$2(SkipUpToDateStep.java:54)
	at org.gradle.internal.execution.steps.SkipUpToDateStep.execute(SkipUpToDateStep.java:54)
	at org.gradle.internal.execution.steps.SkipUpToDateStep.execute(SkipUpToDateStep.java:36)
	at org.gradle.internal.execution.steps.legacy.MarkSnapshottingInputsFinishedStep.execute(MarkSnapshottingInputsFinishedStep.java:37)
	at org.gradle.internal.execution.steps.legacy.MarkSnapshottingInputsFinishedStep.execute(MarkSnapshottingInputsFinishedStep.java:27)
	at org.gradle.internal.execution.steps.ResolveIncrementalCachingStateStep.executeDelegate(ResolveIncrementalCachingStateStep.java:49)
	at org.gradle.internal.execution.steps.ResolveIncrementalCachingStateStep.executeDelegate(ResolveIncrementalCachingStateStep.java:27)
	at org.gradle.internal.execution.steps.AbstractResolveCachingStateStep.execute(AbstractResolveCachingStateStep.java:71)
	at org.gradle.internal.execution.steps.AbstractResolveCachingStateStep.execute(AbstractResolveCachingStateStep.java:39)
	at org.gradle.internal.execution.steps.ResolveChangesStep.execute(ResolveChangesStep.java:65)
	at org.gradle.internal.execution.steps.ResolveChangesStep.execute(ResolveChangesStep.java:36)
	at org.gradle.internal.execution.steps.ValidateStep.execute(ValidateStep.java:106)
	at org.gradle.internal.execution.steps.ValidateStep.execute(ValidateStep.java:55)
	at org.gradle.internal.execution.steps.AbstractCaptureStateBeforeExecutionStep.execute(AbstractCaptureStateBeforeExecutionStep.java:64)
	at org.gradle.internal.execution.steps.AbstractCaptureStateBeforeExecutionStep.execute(AbstractCaptureStateBeforeExecutionStep.java:43)
	at org.gradle.internal.execution.steps.AbstractSkipEmptyWorkStep.executeWithNonEmptySources(AbstractSkipEmptyWorkStep.java:125)
	at org.gradle.internal.execution.steps.AbstractSkipEmptyWorkStep.execute(AbstractSkipEmptyWorkStep.java:56)
	at org.gradle.internal.execution.steps.AbstractSkipEmptyWorkStep.execute(AbstractSkipEmptyWorkStep.java:36)
	at org.gradle.internal.execution.steps.legacy.MarkSnapshottingInputsStartedStep.execute(MarkSnapshottingInputsStartedStep.java:38)
	at org.gradle.internal.execution.steps.LoadPreviousExecutionStateStep.execute(LoadPreviousExecutionStateStep.java:36)
	at org.gradle.internal.execution.steps.LoadPreviousExecutionStateStep.execute(LoadPreviousExecutionStateStep.java:23)
	at org.gradle.internal.execution.steps.HandleStaleOutputsStep.execute(HandleStaleOutputsStep.java:75)
	at org.gradle.internal.execution.steps.HandleStaleOutputsStep.execute(HandleStaleOutputsStep.java:41)
	at org.gradle.internal.execution.steps.AssignMutableWorkspaceStep.lambda$execute$0(AssignMutableWorkspaceStep.java:35)
	at org.gradle.api.internal.tasks.execution.TaskExecution$4.withWorkspace(TaskExecution.java:289)
	at org.gradle.internal.execution.steps.AssignMutableWorkspaceStep.execute(AssignMutableWorkspaceStep.java:31)
	at org.gradle.internal.execution.steps.AssignMutableWorkspaceStep.execute(AssignMutableWorkspaceStep.java:22)
	at org.gradle.internal.execution.steps.ChoosePipelineStep.execute(ChoosePipelineStep.java:40)
	at org.gradle.internal.execution.steps.ChoosePipelineStep.execute(ChoosePipelineStep.java:23)
	at org.gradle.internal.execution.steps.ExecuteWorkBuildOperationFiringStep.lambda$execute$2(ExecuteWorkBuildOperationFiringStep.java:67)
	at org.gradle.internal.execution.steps.ExecuteWorkBuildOperationFiringStep.execute(ExecuteWorkBuildOperationFiringStep.java:67)
	at org.gradle.internal.execution.steps.ExecuteWorkBuildOperationFiringStep.execute(ExecuteWorkBuildOperationFiringStep.java:39)
	at org.gradle.internal.execution.steps.IdentityCacheStep.execute(IdentityCacheStep.java:46)
	at org.gradle.internal.execution.steps.IdentityCacheStep.execute(IdentityCacheStep.java:34)
	at org.gradle.internal.execution.steps.IdentifyStep.execute(IdentifyStep.java:48)
	at org.gradle.internal.execution.steps.IdentifyStep.execute(IdentifyStep.java:35)
	at org.gradle.internal.execution.impl.DefaultExecutionEngine$1.execute(DefaultExecutionEngine.java:61)
	at org.gradle.api.internal.tasks.execution.ExecuteActionsTaskExecuter.executeIfValid(ExecuteActionsTaskExecuter.java:127)
	at org.gradle.api.internal.tasks.execution.ExecuteActionsTaskExecuter.execute(ExecuteActionsTaskExecuter.java:116)
	at org.gradle.api.internal.tasks.execution.FinalizePropertiesTaskExecuter.execute(FinalizePropertiesTaskExecuter.java:46)
	at org.gradle.api.internal.tasks.execution.ResolveTaskExecutionModeExecuter.execute(ResolveTaskExecutionModeExecuter.java:51)
	at org.gradle.api.internal.tasks.execution.SkipTaskWithNoActionsExecuter.execute(SkipTaskWithNoActionsExecuter.java:57)
	at org.gradle.api.internal.tasks.execution.SkipOnlyIfTaskExecuter.execute(SkipOnlyIfTaskExecuter.java:74)
	at org.gradle.api.internal.tasks.execution.CatchExceptionTaskExecuter.execute(CatchExceptionTaskExecuter.java:36)
	at org.gradle.api.internal.tasks.execution.EventFiringTaskExecuter$1.executeTask(EventFiringTaskExecuter.java:77)
	at org.gradle.api.internal.tasks.execution.EventFiringTaskExecuter$1.call(EventFiringTaskExecuter.java:55)
	at org.gradle.api.internal.tasks.execution.EventFiringTaskExecuter$1.call(EventFiringTaskExecuter.java:52)
	at org.gradle.internal.operations.DefaultBuildOperationRunner$CallableBuildOperationWorker.execute(DefaultBuildOperationRunner.java:200)
	at org.gradle.internal.operations.DefaultBuildOperationRunner$CallableBuildOperationWorker.execute(DefaultBuildOperationRunner.java:195)
	at org.gradle.internal.operations.DefaultBuildOperationRunner$2.execute(DefaultBuildOperationRunner.java:66)
	at org.gradle.internal.operations.DefaultBuildOperationRunner$2.execute(DefaultBuildOperationRunner.java:59)
	at org.gradle.internal.operations.DefaultBuildOperationRunner.execute(DefaultBuildOperationRunner.java:157)
	at org.gradle.internal.operations.DefaultBuildOperationRunner.execute(DefaultBuildOperationRunner.java:59)
	at org.gradle.internal.operations.DefaultBuildOperationRunner.call(DefaultBuildOperationRunner.java:53)
	at org.gradle.internal.operations.DefaultBuildOperationExecutor.call(DefaultBuildOperationExecutor.java:73)
	at org.gradle.api.internal.tasks.execution.EventFiringTaskExecuter.execute(EventFiringTaskExecuter.java:52)
	at org.gradle.execution.plan.LocalTaskNodeExecutor.execute(LocalTaskNodeExecutor.java:42)
	at org.gradle.execution.taskgraph.DefaultTaskExecutionGraph$InvokeNodeExecutorsAction.execute(DefaultTaskExecutionGraph.java:331)
	at org.gradle.execution.taskgraph.DefaultTaskExecutionGraph$InvokeNodeExecutorsAction.execute(DefaultTaskExecutionGraph.java:318)
	at org.gradle.execution.taskgraph.DefaultTaskExecutionGraph$BuildOperationAwareExecutionAction.lambda$execute$0(DefaultTaskExecutionGraph.java:314)
	at org.gradle.internal.operations.CurrentBuildOperationRef.with(CurrentBuildOperationRef.java:80)
	at org.gradle.execution.taskgraph.DefaultTaskExecutionGraph$BuildOperationAwareExecutionAction.execute(DefaultTaskExecutionGraph.java:314)
	at org.gradle.execution.taskgraph.DefaultTaskExecutionGraph$BuildOperationAwareExecutionAction.execute(DefaultTaskExecutionGraph.java:303)
	at org.gradle.execution.plan.DefaultPlanExecutor$ExecutorWorker.execute(DefaultPlanExecutor.java:463)
	at org.gradle.execution.plan.DefaultPlanExecutor$ExecutorWorker.run(DefaultPlanExecutor.java:380)
	at org.gradle.internal.concurrent.ExecutorPolicy$CatchAndRecordFailures.onExecute(ExecutorPolicy.java:64)
	at org.gradle.internal.concurrent.AbstractManagedExecutor$1.run(AbstractManagedExecutor.java:47)
Caused by: com.android.manifmerger.ManifestMerger2$MergeFailureException: Error parsing /home/runner/work/GitHub_aide/GitHub_aide/app/src/main/AndroidManifest.xml
	at com.android.manifmerger.ManifestMerger2.load(ManifestMerger2.java:1078)
	at com.android.manifmerger.ManifestMerger2.merge(ManifestMerger2.java:183)
	at com.android.manifmerger.ManifestMerger2$Invoker.merge(ManifestMerger2.java:2161)
	at com.android.build.gradle.internal.tasks.manifest.ManifestHelperKt.mergeManifests(ManifestHelper.kt:121)
	... 128 more
Caused by: org.xml.sax.SAXParseException; lineNumber: 29; columnNumber: 9; Element type "application" must be followed by either attribute specifications, ">" or "/>".
	at org.apache.xerces.util.ErrorHandlerWrapper.createSAXParseException(Unknown Source)
	at org.apache.xerces.util.ErrorHandlerWrapper.fatalError(Unknown Source)
	at org.apache.xerces.impl.XMLErrorReporter.reportError(Unknown Source)
	at org.apache.xerces.impl.XMLErrorReporter.reportError(Unknown Source)
	at org.apache.xerces.impl.XMLErrorReporter.reportError(Unknown Source)
	at org.apache.xerces.impl.XMLScanner.reportFatalError(Unknown Source)
	at org.apache.xerces.impl.XMLNSDocumentScannerImpl.scanStartElement(Unknown Source)
	at org.apache.xerces.impl.XMLDocumentFragmentScannerImpl$FragmentContentDispatcher.dispatch(Unknown Source)
	at org.apache.xerces.impl.XMLDocumentFragmentScannerImpl.scanDocument(Unknown Source)
	at org.apache.xerces.parsers.XML11Configuration.parse(Unknown Source)
	at org.apache.xerces.parsers.XML11Configuration.parse(Unknown Source)
	at org.apache.xerces.parsers.XMLParser.parse(Unknown Source)
	at org.apache.xerces.parsers.AbstractSAXParser.parse(Unknown Source)
	at org.apache.xerces.jaxp.SAXParserImpl$JAXPSAXParser.parse(Unknown Source)
	at org.apache.xerces.jaxp.SAXParserImpl.parse(Unknown Source)
	at com.android.utils.PositionXmlParser.parseInternal(PositionXmlParser.java:287)
	at com.android.utils.PositionXmlParser.parseInternal(PositionXmlParser.java:236)
	at com.android.utils.PositionXmlParser.parse(PositionXmlParser.java:182)
	at com.android.utils.PositionXmlParser.parse(PositionXmlParser.java:98)
	at com.android.utils.PositionXmlParser.parse(PositionXmlParser.java:136)
	at com.android.manifmerger.XmlLoader.load(XmlLoader.java:62)
	at com.android.manifmerger.ManifestMerger2.load(ManifestMerger2.java:1067)
	... 131 more


BUILD FAILED in 25s
10 actionable tasks: 10 executed

